Component: ARM Compiler 5.06 update 6 (build 750) Tool: armlink [4d35ed]

==============================================================================

Section Cross References

    uart.o(i.MX_USART1_UART_Init) refers to stm32f4xx_hal_uart.o(i.HAL_UART_Init) for HAL_UART_Init
    uart.o(i.MX_USART1_UART_Init) refers to uart.o(.bss) for huart1
    uart.o(i.uartReceive) refers to stm32f4xx_hal_uart.o(i.HAL_UART_Receive) for HAL_UART_Receive
    uart.o(i.uartReceive) refers to uart.o(.bss) for huart1
    uart.o(i.uartTransmit) refers to stm32f4xx_hal_uart.o(i.HAL_UART_Transmit) for HAL_UART_Transmit
    uart.o(i.uartTransmit) refers to uart.o(.bss) for huart1
    dma.o(i.MX_DMA_Init) refers to stm32f4xx_hal_cortex.o(i.HAL_NVIC_SetPriority) for HAL_NVIC_SetPriority
    dma.o(i.MX_DMA_Init) refers to stm32f4xx_hal_cortex.o(i.HAL_NVIC_EnableIRQ) for HAL_NVIC_EnableIRQ
    rcc.o(i.SystemClock_Config) refers to rt_memclr_w.o(.text) for __aeabi_memclr4
    rcc.o(i.SystemClock_Config) refers to stm32f4xx_hal_rcc.o(i.HAL_RCC_OscConfig) for HAL_RCC_OscConfig
    rcc.o(i.SystemClock_Config) refers to main.o(i.Error_Handler) for Error_Handler
    rcc.o(i.SystemClock_Config) refers to stm32f4xx_hal_rcc.o(i.HAL_RCC_ClockConfig) for HAL_RCC_ClockConfig
    pwm.o(i.MX_TIM1_Init) refers to rt_memclr_w.o(.text) for __aeabi_memclr4
    pwm.o(i.MX_TIM1_Init) refers to stm32f4xx_hal_tim.o(i.HAL_TIM_Base_Init) for HAL_TIM_Base_Init
    pwm.o(i.MX_TIM1_Init) refers to main.o(i.Error_Handler) for Error_Handler
    pwm.o(i.MX_TIM1_Init) refers to stm32f4xx_hal_tim.o(i.HAL_TIM_ConfigClockSource) for HAL_TIM_ConfigClockSource
    pwm.o(i.MX_TIM1_Init) refers to stm32f4xx_hal_tim.o(i.HAL_TIM_PWM_Init) for HAL_TIM_PWM_Init
    pwm.o(i.MX_TIM1_Init) refers to stm32f4xx_hal_tim_ex.o(i.HAL_TIMEx_MasterConfigSynchronization) for HAL_TIMEx_MasterConfigSynchronization
    pwm.o(i.MX_TIM1_Init) refers to stm32f4xx_hal_tim.o(i.HAL_TIM_PWM_ConfigChannel) for HAL_TIM_PWM_ConfigChannel
    pwm.o(i.MX_TIM1_Init) refers to stm32f4xx_hal_tim_ex.o(i.HAL_TIMEx_ConfigBreakDeadTime) for HAL_TIMEx_ConfigBreakDeadTime
    pwm.o(i.MX_TIM1_Init) refers to stm32f4xx_hal_msp.o(i.HAL_TIM_MspPostInit) for HAL_TIM_MspPostInit
    pwm.o(i.MX_TIM1_Init) refers to pwm.o(.bss) for htim1
    pwm.o(i.startPWM) refers to stm32f4xx_hal_tim.o(i.HAL_TIM_PWM_Start) for HAL_TIM_PWM_Start
    pwm.o(i.startPWM) refers to pwm.o(.bss) for htim1
    pwm.o(i.stopPWM) refers to stm32f4xx_hal_tim.o(i.HAL_TIM_PWM_Stop) for HAL_TIM_PWM_Stop
    pwm.o(i.stopPWM) refers to pwm.o(.bss) for htim1
    adc.o(i.MX_ADC1_Init) refers to stm32f4xx_hal_adc.o(i.HAL_ADC_Init) for HAL_ADC_Init
    adc.o(i.MX_ADC1_Init) refers to stm32f4xx_hal_adc.o(i.HAL_ADC_ConfigChannel) for HAL_ADC_ConfigChannel
    adc.o(i.MX_ADC1_Init) refers to adc.o(.bss) for hadc1
    adc.o(i.getValueADC) refers to adc.o(i.startADC) for startADC
    adc.o(i.getValueADC) refers to stm32f4xx_hal_adc.o(i.HAL_ADC_PollForConversion) for HAL_ADC_PollForConversion
    adc.o(i.getValueADC) refers to stm32f4xx_hal_adc.o(i.HAL_ADC_GetValue) for HAL_ADC_GetValue
    adc.o(i.getValueADC) refers to adc.o(i.stopADC) for stopADC
    adc.o(i.getValueADC) refers to adc.o(.bss) for hadc1
    adc.o(i.startADC) refers to stm32f4xx_hal_adc.o(i.HAL_ADC_Start) for HAL_ADC_Start
    adc.o(i.startADC) refers to adc.o(.bss) for hadc1
    adc.o(i.stopADC) refers to stm32f4xx_hal_adc.o(i.HAL_ADC_Stop) for HAL_ADC_Stop
    adc.o(i.stopADC) refers to adc.o(.bss) for hadc1
    dac.o(i.MX_DAC_Init) refers to stm32f4xx_hal_dac.o(i.HAL_DAC_Init) for HAL_DAC_Init
    dac.o(i.MX_DAC_Init) refers to main.o(i.Error_Handler) for Error_Handler
    dac.o(i.MX_DAC_Init) refers to stm32f4xx_hal_dac.o(i.HAL_DAC_ConfigChannel) for HAL_DAC_ConfigChannel
    dac.o(i.MX_DAC_Init) refers to dac.o(.bss) for hdac
    dac.o(i.setValue) refers to f2d.o(x$fpl$f2d) for __aeabi_f2d
    dac.o(i.setValue) refers to ddiv.o(x$fpl$ddiv) for __aeabi_ddiv
    dac.o(i.setValue) refers to dmul.o(x$fpl$dmul) for __aeabi_dmul
    dac.o(i.setValue) refers to dfixu.o(x$fpl$dfixu) for __aeabi_d2uiz
    dac.o(i.setValue) refers to stm32f4xx_hal_dac.o(i.HAL_DAC_SetValue) for HAL_DAC_SetValue
    dac.o(i.setValue) refers to dac.o(.bss) for hdac
    dac.o(i.startDAC) refers to stm32f4xx_hal_dac.o(i.HAL_DAC_Start) for HAL_DAC_Start
    dac.o(i.startDAC) refers to dac.o(.bss) for hdac
    dac.o(i.stopDAC) refers to stm32f4xx_hal_dac.o(i.HAL_DAC_Stop) for HAL_DAC_Stop
    dac.o(i.stopDAC) refers to dac.o(.bss) for hdac
    timer.o(i.HAL_TIM_IC_CaptureCallback) refers to timer.o(.data) for inputCaptureVal
    timer.o(i.MX_TIM3_Init) refers to stm32f4xx_hal_tim.o(i.HAL_TIM_Base_Init) for HAL_TIM_Base_Init
    timer.o(i.MX_TIM3_Init) refers to stm32f4xx_hal_tim.o(i.HAL_TIM_ConfigClockSource) for HAL_TIM_ConfigClockSource
    timer.o(i.MX_TIM3_Init) refers to main.o(i.Error_Handler) for Error_Handler
    timer.o(i.MX_TIM3_Init) refers to stm32f4xx_hal_tim.o(i.HAL_TIM_IC_Init) for HAL_TIM_IC_Init
[...]
    .ARM.Collect$$libinit$$0000001B          0x08000226   Section        0  libinit2.o(.ARM.Collect$$libinit$$0000001B)
    .ARM.Collect$$libinit$$0000001D          0x08000226   Section        0  libinit2.o(.ARM.Collect$$libinit$$0000001D)
    .ARM.Collect$$libinit$$0000001F          0x08000226   Section        0  libinit2.o(.ARM.Collect$$libinit$$0000001F)
    .ARM.Collect$$libinit$$00000021          0x08000226   Section        0  libinit2.o(.ARM.Collect$$libinit$$00000021)
    .ARM.Collect$$libinit$$00000023          0x08000226   Section        0  libinit2.o(.ARM.Collect$$libinit$$00000023)
    .ARM.Collect$$libinit$$00000025          0x08000226   Section        0  libinit2.o(.ARM.Collect$$libinit$$00000025)
    .ARM.Collect$$libinit$$0000002C          0x08000226   Section        0  libinit2.o(.ARM.Collect$$libinit$$0000002C)
    .ARM.Collect$$libinit$$0000002E          0x08000226   Section        0  libinit2.o(.ARM.Collect$$libinit$$0000002E)
    .ARM.Collect$$libinit$$00000030          0x08000226   Section        0  libinit2.o(.ARM.Collect$$libinit$$00000030)
    .ARM.Collect$$libinit$$00000032          0x08000226   Section        0  libinit2.o(.ARM.Collect$$libinit$$00000032)
    .ARM.Collect$$libinit$$00000033          0x08000226   Section        2  libinit2.o(.ARM.Collect$$libinit$$00000033)
    .ARM.Collect$$libshutdown$$00000000      0x08000228   Section        2  libshutdown.o(.ARM.Collect$$libshutdown$$00000000)
    .ARM.Collect$$libshutdown$$00000002      0x0800022a   Section        0  libshutdown2.o(.ARM.Collect$$libshutdown$$00000002)
    .ARM.Collect$$libshutdown$$00000004      0x0800022a   Section        0  libshutdown2.o(.ARM.Collect$$libshutdown$$00000004)
    .ARM.Collect$$libshutdown$$00000007      0x0800022a   Section        0  libshutdown2.o(.ARM.Collect$$libshutdown$$00000007)
    .ARM.Collect$$libshutdown$$0000000A      0x0800022a   Section        0  libshutdown2.o(.ARM.Collect$$libshutdown$$0000000A)
    .ARM.Collect$$libshutdown$$0000000C      0x0800022a   Section        0  libshutdown2.o(.ARM.Collect$$libshutdown$$0000000C)
    .ARM.Collect$$libshutdown$$0000000F      0x0800022a   Section        0  libshutdown2.o(.ARM.Collect$$libshutdown$$0000000F)
    .ARM.Collect$$libshutdown$$00000010      0x0800022a   Section        2  libshutdown2.o(.ARM.Collect$$libshutdown$$00000010)
    .ARM.Collect$$rtentry$$00000000          0x0800022c   Section        0  __rtentry.o(.ARM.Collect$$rtentry$$00000000)
    .ARM.Collect$$rtentry$$00000002          0x0800022c   Section        0  __rtentry2.o(.ARM.Collect$$rtentry$$00000002)
    .ARM.Collect$$rtentry$$00000004          0x0800022c   Section        6  __rtentry4.o(.ARM.Collect$$rtentry$$00000004)
    .ARM.Collect$$rtentry$$00000009          0x08000232   Section        0  __rtentry2.o(.ARM.Collect$$rtentry$$00000009)
    .ARM.Collect$$rtentry$$0000000A          0x08000232   Section        4  __rtentry2.o(.ARM.Collect$$rtentry$$0000000A)
    .ARM.Collect$$rtentry$$0000000C          0x08000236   Section        0  __rtentry2.o(.ARM.Collect$$rtentry$$0000000C)
    .ARM.Collect$$rtentry$$0000000D          0x08000236   Section        8  __rtentry2.o(.ARM.Collect$$rtentry$$0000000D)
    .ARM.Collect$$rtexit$$00000000           0x0800023e   Section        2  rtexit.o(.ARM.Collect$$rtexit$$00000000)
    .ARM.Collect$$rtexit$$00000002           0x08000240   Section        0  rtexit2.o(.ARM.Collect$$rtexit$$00000002)
    .ARM.Collect$$rtexit$$00000003           0x08000240   Section        4  rtexit2.o(.ARM.Collect$$rtexit$$00000003)
    .ARM.Collect$$rtexit$$00000004           0x08000244   Section        6  rtexit2.o(.ARM.Collect$$rtexit$$00000004)
    .text                                    0x0800024c   Section       64  startup_stm32f429xx.o(.text)
    $v0                                      0x0800024c   Number         0  startup_stm32f429xx.o(.text)
    .text                                    0x0800028c   Section      238  lludivv7m.o(.text)
    .text                                    0x0800037a   Section      100  rt_memcpy_w.o(.text)
    .text                                    0x080003de   Section       78  rt_memclr_w.o(.text)
    .text                                    0x0800042c   Section        0  heapauxi.o(.text)
    .text                                    0x08000432   Section       74  sys_stackheap_outer.o(.text)
    .text                                    0x0800047c   Section        0  exit.o(.text)
    .text                                    0x08000490   Section        8  libspace.o(.text)
    .text                                    0x08000498   Section        0  sys_exit.o(.text)
    .text                                    0x080004a4   Section        2  use_no_semi.o(.text)
    .text                                    0x080004a6   Section        0  indicate_semi.o(.text)
    i.ADC_Init                               0x080004a8   Section        0  stm32f4xx_hal_adc.o(i.ADC_Init)
    ADC_Init                                 0x080004a9   Thumb Code   344  stm32f4xx_hal_adc.o(i.ADC_Init)
    i.BusFault_Handler                       0x08000608   Section        0  stm32f4xx_it.o(i.BusFault_Handler)
    i.DMA2_Stream2_IRQHandler                0x0800060c   Section        0  stm32f4xx_it.o(i.DMA2_Stream2_IRQHandler)
    i.DMA2_Stream7_IRQHandler                0x0800061c   Section        0  stm32f4xx_it.o(i.DMA2_Stream7_IRQHandler)
    i.DMA_CalcBaseAndBitshift                0x0800062c   Section        0  stm32f4xx_hal_dma.o(i.DMA_CalcBaseAndBitshift)
    DMA_CalcBaseAndBitshift                  0x0800062d   Thumb Code    46  stm32f4xx_hal_dma.o(i.DMA_CalcBaseAndBitshift)
    i.DMA_CheckFifoParam                     0x08000660   Section        0  stm32f4xx_hal_dma.o(i.DMA_CheckFifoParam)
    DMA_CheckFifoParam                       0x08000661   Thumb Code   170  stm32f4xx_hal_dma.o(i.DMA_CheckFifoParam)
    i.DMA_SetConfig                          0x0800070a   Section        0  stm32f4xx_hal_dma.o(i.DMA_SetConfig)
    DMA_SetConfig                            0x0800070b   Thumb Code    44  stm32f4xx_hal_dma.o(i.DMA_SetConfig)
    i.DebugMon_Handler                       0x08000736   Section        0  stm32f4xx_it.o(i.DebugMon_Handler)
    i.EXTI0_IRQHandler                       0x08000738   Section        0  stm32f4xx_it.o(i.EXTI0_IRQHandler)
    i.Error_Handler                          0x08000742   Section        0  main.o(i.Error_Handler)
    i.HAL_ADC_ConfigChannel                  0x08000744   Section        0  stm32f4xx_hal_adc.o(i.HAL_ADC_ConfigChannel)
    i.HAL_ADC_Init                           0x080008e8   Section        0  stm32f4xx_hal_adc.o(i.HAL_ADC_Init)
    i.HAL_ADC_MspInit                        0x08000950   Section        0  stm32f4xx_hal_msp.o(i.HAL_ADC_MspInit)
    i.HAL_DAC_ConfigChannel                  0x080009d0   Section        0  stm32f4xx_hal_dac.o(i.HAL_DAC_ConfigChannel)
    i.HAL_DAC_Init                           0x08000a2a   Section        0  stm32f4xx_hal_dac.o(i.HAL_DAC_Init)
    i.HAL_DAC_MspInit                        0x08000a54   Section        0  stm32f4xx_hal_msp.o(i.HAL_DAC_MspInit)
    i.HAL_DAC_Start                          0x08000ad4   Section        0  stm32f4xx_hal_dac.o(i.HAL_DAC_Start)
    i.HAL_DMA_Abort                          0x08000b60   Section        0  stm32f4xx_hal_dma.o(i.HAL_DMA_Abort)
    i.HAL_DMA_DeInit                         0x08000c0a   Section        0  stm32f4xx_hal_dma.o(i.HAL_DMA_DeInit)
    i.HAL_DMA_IRQHandler                     0x08000c7c   Section        0  stm32f4xx_hal_dma.o(i.HAL_DMA_IRQHandler)
    i.HAL_DMA_Init                           0x08000ebc   Section        0  stm32f4xx_hal_dma.o(i.HAL_DMA_Init)
    i.HAL_DMA_Start_IT                       0x08000fa8   Section        0  stm32f4xx_hal_dma.o(i.HAL_DMA_Start_IT)
    i.HAL_GPIO_DeInit                        0x08001048   Section        0  stm32f4xx_hal_gpio.o(i.HAL_GPIO_DeInit)
    i.HAL_GPIO_EXTI_Callback                 0x080011c8   Section        0  stm32f4xx_hal_gpio.o(i.HAL_GPIO_EXTI_Callback)
    i.HAL_GPIO_EXTI_IRQHandler               0x080011cc   Section        0  stm32f4xx_hal_gpio.o(i.HAL_GPIO_EXTI_IRQHandler)
    i.HAL_GPIO_Init                          0x080011e8   Section        0  stm32f4xx_hal_gpio.o(i.HAL_GPIO_Init)
    i.HAL_GPIO_ReadPin                       0x08001404   Section        0  stm32f4xx_hal_gpio.o(i.HAL_GPIO_ReadPin)
    i.HAL_GPIO_WritePin                      0x08001414   Section        0  stm32f4xx_hal_gpio.o(i.HAL_GPIO_WritePin)
    i.HAL_GetTick                            0x08001420   Section        0  stm32f4xx_hal.o(i.HAL_GetTick)
    i.HAL_IncTick                            0x0800142c   Section        0  stm32f4xx_hal.o(i.HAL_IncTick)
    i.HAL_Init                               0x08001444   Section        0  stm32f4xx_hal.o(i.HAL_Init)
    i.HAL_InitTick                           0x08001480   Section        0  stm32f4xx_hal.o(i.HAL_InitTick)
    i.HAL_MspInit                            0x080014cc   Section        0  stm32f4xx_hal_msp.o(i.HAL_MspInit)
    i.HAL_NVIC_EnableIRQ                     0x08001514   Section        0  stm32f4xx_hal_cortex.o(i.HAL_NVIC_EnableIRQ)
    i.HAL_NVIC_SetPriority                   0x0800153c   Section        0  stm32f4xx_hal_cortex.o(i.HAL_NVIC_SetPriority)
    i.HAL_NVIC_SetPriorityGrouping           0x080015b8   Section        0  stm32f4xx_hal_cortex.o(i.HAL_NVIC_SetPriorityGrouping)
    i.HAL_RCC_ClockConfig                    0x080015e0   Section        0  stm32f4xx_hal_rcc.o(i.HAL_RCC_ClockConfig)
    i.HAL_RCC_GetHCLKFreq                    0x08001760   Section        0  stm32f4xx_hal_rcc.o(i.HAL_RCC_GetHCLKFreq)
    i.HAL_RCC_GetPCLK1Freq                   0x0800176c   Section        0  stm32f4xx_hal_rcc.o(i.HAL_RCC_GetPCLK1Freq)
    i.HAL_RCC_GetPCLK2Freq                   0x0800178c   Section        0  stm32f4xx_hal_rcc.o(i.HAL_RCC_GetPCLK2Freq)
    i.HAL_RCC_GetSysClockFreq                0x080017ac   Section        0  stm32f4xx_hal_rcc.o(i.HAL_RCC_GetSysClockFreq)
    i.HAL_RCC_OscConfig                      0x0800185c   Section        0  stm32f4xx_hal_rcc.o(i.HAL_RCC_OscConfig)
    i.HAL_SYSTICK_Config                     0x08001ca4   Section        0  stm32f4xx_hal_cortex.o(i.HAL_SYSTICK_Config)
    i.HAL_TIMEx_BreakCallback                0x08001cd8   Section        0  stm32f4xx_hal_tim_ex.o(i.HAL_TIMEx_BreakCallback)
    i.HAL_TIMEx_CommutCallback               0x08001cda   Section        0  stm32f4xx_hal_tim_ex.o(i.HAL_TIMEx_CommutCallback)
    i.HAL_TIMEx_ConfigBreakDeadTime          0x08001cdc   Section        0  stm32f4xx_hal_tim_ex.o(i.HAL_TIMEx_ConfigBreakDeadTime)
    i.HAL_TIMEx_MasterConfigSynchronization  0x08001d50   Section        0  stm32f4xx_hal_tim_ex.o(i.HAL_TIMEx_MasterConfigSynchronization)
    i.HAL_TIM_Base_Init                      0x08001da4   Section        0  stm32f4xx_hal_tim.o(i.HAL_TIM_Base_Init)
    i.HAL_TIM_Base_MspInit                   0x08001dd8   Section        0  stm32f4xx_hal_msp.o(i.HAL_TIM_Base_MspInit)
    i.HAL_TIM_Base_Start                     0x08001e9c   Section        0  stm32f4xx_hal_tim.o(i.HAL_TIM_Base_Start)
    i.HAL_TIM_Base_Start_IT                  0x08001ec6   Section        0  stm32f4xx_hal_tim.o(i.HAL_TIM_Base_Start_IT)
    i.HAL_TIM_ConfigClockSource              0x08001ef0   Section        0  stm32f4xx_hal_tim.o(i.HAL_TIM_ConfigClockSource)
    i.HAL_TIM_IC_CaptureCallback             0x08001ff8   Section        0  timer.o(i.HAL_TIM_IC_CaptureCallback)
    i.HAL_TIM_IC_ConfigChannel               0x08002018   Section        0  stm32f4xx_hal_tim.o(i.HAL_TIM_IC_ConfigChannel)
    i.HAL_TIM_IC_Init                        0x080020f8   Section        0  stm32f4xx_hal_tim.o(i.HAL_TIM_IC_Init)
    i.HAL_TIM_IC_MspInit                     0x0800212c   Section        0  stm32f4xx_hal_tim.o(i.HAL_TIM_IC_MspInit)
    i.HAL_TIM_IC_Start_IT                    0x0800212e   Section        0  stm32f4xx_hal_tim.o(i.HAL_TIM_IC_Start_IT)
    i.HAL_TIM_IRQHandler                     0x080021a6   Section        0  stm32f4xx_hal_tim.o(i.HAL_TIM_IRQHandler)
    i.HAL_TIM_MspPostInit                    0x0800233c   Section        0  stm32f4xx_hal_msp.o(i.HAL_TIM_MspPostInit)
    i.HAL_TIM_OC_DelayElapsedCallback        0x0800239c   Section        0  stm32f4xx_hal_tim.o(i.HAL_TIM_OC_DelayElapsedCallback)
    i.HAL_TIM_PWM_ConfigChannel              0x0800239e   Section        0  stm32f4xx_hal_tim.o(i.HAL_TIM_PWM_ConfigChannel)
    i.HAL_TIM_PWM_Init                       0x080024a6   Section        0  stm32f4xx_hal_tim.o(i.HAL_TIM_PWM_Init)
    i.HAL_TIM_PWM_MspInit                    0x080024da   Section        0  stm32f4xx_hal_tim.o(i.HAL_TIM_PWM_MspInit)
    i.HAL_TIM_PWM_PulseFinishedCallback      0x080024dc   Section        0  stm32f4xx_hal_tim.o(i.HAL_TIM_PWM_PulseFinishedCallback)
    i.HAL_TIM_PWM_Start                      0x080024e0   Section        0  stm32f4xx_hal_tim.o(i.HAL_TIM_PWM_Start)
    i.HAL_TIM_PeriodElapsedCallback          0x08002538   Section        0  stm32f4xx_hal_tim.o(i.HAL_TIM_PeriodElapsedCallback)
    i.HAL_TIM_TriggerCallback                0x0800253a   Section        0  stm32f4xx_hal_tim.o(i.HAL_TIM_TriggerCallback)
    i.HAL_UART_Init                          0x0800253c   Section        0  stm32f4xx_hal_uart.o(i.HAL_UART_Init)
    i.HAL_UART_MspDeInit                     0x080025b0   Section        0  stm32f4xx_hal_msp.o(i.HAL_UART_MspDeInit)
    i.HAL_UART_MspInit                       0x080025ec   Section        0  stm32f4xx_hal_msp.o(i.HAL_UART_MspInit)
    i.HardFault_Handler                      0x080026f8   Section        0  stm32f4xx_it.o(i.HardFault_Handler)
    i.MX_ADC1_Init                           0x080026fc   Section        0  adc.o(i.MX_ADC1_Init)
    i.MX_DAC_Init                            0x08002764   Section        0  dac.o(i.MX_DAC_Init)
    i.MX_DMA_Init                            0x08002798   Section        0  dma.o(i.MX_DMA_Init)
    i.MX_GPIO_Init                           0x080027e0   Section        0  gpio.o(i.MX_GPIO_Init)
    i.MX_TIM1_Init                           0x08002808   Section        0  pwm.o(i.MX_TIM1_Init)
    i.MX_TIM3_Init                           0x080028d8   Section        0  timer.o(i.MX_TIM3_Init)
    i.MX_USART1_UART_Init                    0x0800295c   Section        0  uart.o(i.MX_USART1_UART_Init)
    i.MemManage_Handler                      0x0800298c   Section        0  stm32f4xx_it.o(i.MemManage_Handler)
    i.NMI_Handler                            0x08002990   Section        0  stm32f4xx_it.o(i.NMI_Handler)
    i.PendSV_Handler                         0x08002992   Section        0  stm32f4xx_it.o(i.PendSV_Handler)
    i.SVC_Handler                            0x08002994   Section        0  stm32f4xx_it.o(i.SVC_Handler)
    i.SysTick_Handler                        0x08002996   Section        0  stm32f4xx_it.o(i.SysTick_Handler)
    i.SystemClock_Config                     0x080029a0   Section        0  rcc.o(i.SystemClock_Config)
    i.SystemInit                             0x08002a38   Section        0  system_stm32f4xx.o(i.SystemInit)
    i.TIM3_IRQHandler                        0x08002a9c   Section        0  stm32f4xx_it.o(i.TIM3_IRQHandler)
    i.TIM_Base_SetConfig                     0x08002aac   Section        0  stm32f4xx_hal_tim.o(i.TIM_Base_SetConfig)
    i.TIM_CCxChannelCmd                      0x08002b84   Section        0  stm32f4xx_hal_tim.o(i.TIM_CCxChannelCmd)
    i.TIM_ETR_SetConfig                      0x08002ba6   Section        0  stm32f4xx_hal_tim.o(i.TIM_ETR_SetConfig)
    i.TIM_ITRx_SetConfig                     0x08002bbc   Section        0  stm32f4xx_hal_tim.o(i.TIM_ITRx_SetConfig)
    TIM_ITRx_SetConfig                       0x08002bbd   Thumb Code    18  stm32f4xx_hal_tim.o(i.TIM_ITRx_SetConfig)
    i.TIM_OC1_SetConfig                      0x08002bd0   Section        0  stm32f4xx_hal_tim.o(i.TIM_OC1_SetConfig)
    TIM_OC1_SetConfig                        0x08002bd1   Thumb Code   104  stm32f4xx_hal_tim.o(i.TIM_OC1_SetConfig)
    i.TIM_OC2_SetConfig                      0x08002c40   Section        0  stm32f4xx_hal_tim.o(i.TIM_OC2_SetConfig)
    i.TIM_OC3_SetConfig                      0x08002cbc   Section        0  stm32f4xx_hal_tim.o(i.TIM_OC3_SetConfig)
    TIM_OC3_SetConfig                        0x08002cbd   Thumb Code   112  stm32f4xx_hal_tim.o(i.TIM_OC3_SetConfig)
    i.TIM_OC4_SetConfig                      0x08002d34   Section        0  stm32f4xx_hal_tim.o(i.TIM_OC4_SetConfig)
    TIM_OC4_SetConfig                        0x08002d35   Thumb Code    74  stm32f4xx_hal_tim.o(i.TIM_OC4_SetConfig)
    i.TIM_TI1_ConfigInputStage               0x08002d88   Section        0  stm32f4xx_hal_tim.o(i.TIM_TI1_ConfigInputStage)
    TIM_TI1_ConfigInputStage                 0x08002d89   Thumb Code    38  stm32f4xx_hal_tim.o(i.TIM_TI1_ConfigInputStage)
    i.TIM_TI1_SetConfig                      0x08002db0   Section        0  stm32f4xx_hal_tim.o(i.TIM_TI1_SetConfig)
    i.TIM_TI2_ConfigInputStage               0x08002e40   Section        0  stm32f4xx_hal_tim.o(i.TIM_TI2_ConfigInputStage)
    TIM_TI2_ConfigInputStage                 0x08002e41   Thumb Code    40  stm32f4xx_hal_tim.o(i.TIM_TI2_ConfigInputStage)
    i.TIM_TI2_SetConfig                      0x08002e68   Section        0  stm32f4xx_hal_tim.o(i.TIM_TI2_SetConfig)
    TIM_TI2_SetConfig                        0x08002e69   Thumb Code    58  stm32f4xx_hal_tim.o(i.TIM_TI2_SetConfig)
    i.TIM_TI3_SetConfig                      0x08002ea2   Section        0  stm32f4xx_hal_tim.o(i.TIM_TI3_SetConfig)
    TIM_TI3_SetConfig                        0x08002ea3   Thumb Code    56  stm32f4xx_hal_tim.o(i.TIM_TI3_SetConfig)
    i.TIM_TI4_SetConfig                      0x08002eda   Section        0  stm32f4xx_hal_tim.o(i.TIM_TI4_SetConfig)
    TIM_TI4_SetConfig                        0x08002edb   Thumb Code    60  stm32f4xx_hal_tim.o(i.TIM_TI4_SetConfig)
    i.UART_SetConfig                         0x08002f18   Section        0  stm32f4xx_hal_uart.o(i.UART_SetConfig)
    UART_SetConfig                           0x08002f19   Thumb Code   864  stm32f4xx_hal_uart.o(i.UART_SetConfig)
    i.USART1_Control                         0x08003280   Section        0  usart_stm32f4xx.o(i.USART1_Control)
    USART1_Control                           0x08003281   Thumb Code    18  usart_stm32f4xx.o(i.USART1_Control)
    i.USART1_GetCapabilities                 0x08003298   Section        0  usart_stm32f4xx.o(i.USART1_GetCapabilities)
    USART1_GetCapabilities                   0x08003299   Thumb Code    12  usart_stm32f4xx.o(i.USART1_GetCapabilities)
    i.USART1_GetModemStatus                  0x080032a8   Section        0  usart_stm32f4xx.o(i.USART1_GetModemStatus)
    USART1_GetModemStatus                    0x080032a9   Thumb Code    12  usart_stm32f4xx.o(i.USART1_GetModemStatus)
    i.USART1_GetRxCount                      0x080032b8   Section        0  usart_stm32f4xx.o(i.USART1_GetRxCount)
    USART1_GetRxCount                        0x080032b9   Thumb Code    10  usart_stm32f4xx.o(i.USART1_GetRxCount)
    i.USART1_GetStatus                       0x080032c8   Section        0  usart_stm32f4xx.o(i.USART1_GetStatus)
    USART1_GetStatus                         0x080032c9   Thumb Code    12  usart_stm32f4xx.o(i.USART1_GetStatus)
    i.USART1_GetTxCount                      0x080032d8   Section        0  usart_stm32f4xx.o(i.USART1_GetTxCount)
    USART1_GetTxCount                        0x080032d9   Thumb Code    10  usart_stm32f4xx.o(i.USART1_GetTxCount)
    i.USART1_IRQHandler                      0x080032e8   Section        0  usart_stm32f4xx.o(i.USART1_IRQHandler)
    i.USART1_Initialize                      0x080032f8   Section        0  usart_stm32f4xx.o(i.USART1_Initialize)
    USART1_Initialize                        0x080032f9   Thumb Code    14  usart_stm32f4xx.o(i.USART1_Initialize)
    i.USART1_PowerControl                    0x0800330c   Section        0  usart_stm32f4xx.o(i.USART1_PowerControl)
    USART1_PowerControl                      0x0800330d   Thumb Code    14  usart_stm32f4xx.o(i.USART1_PowerControl)
    i.USART1_RX_DMA_Complete                 0x08003320   Section        0  usart_stm32f4xx.o(i.USART1_RX_DMA_Complete)
    USART1_RX_DMA_Complete                   0x08003321   Thumb Code    12  usart_stm32f4xx.o(i.USART1_RX_DMA_Complete)
    i.USART1_Receive                         0x08003330   Section        0  usart_stm32f4xx.o(i.USART1_Receive)
    USART1_Receive                           0x08003331   Thumb Code    18  usart_stm32f4xx.o(i.USART1_Receive)
    i.USART1_Send                            0x08003348   Section        0  usart_stm32f4xx.o(i.USART1_Send)
    USART1_Send                              0x08003349   Thumb Code    18  usart_stm32f4xx.o(i.USART1_Send)
    i.USART1_SetModemControl                 0x08003360   Section        0  usart_stm32f4xx.o(i.USART1_SetModemControl)
    USART1_SetModemControl                   0x08003361   Thumb Code    14  usart_stm32f4xx.o(i.USART1_SetModemControl)
    i.USART1_TX_DMA_Complete                 0x08003374   Section        0  usart_stm32f4xx.o(i.USART1_TX_DMA_Complete)
    USART1_TX_DMA_Complete                   0x08003375   Thumb Code    12  usart_stm32f4xx.o(i.USART1_TX_DMA_Complete)
    i.USART1_Transfer                        0x08003384   Section        0  usart_stm32f4xx.o(i.USART1_Transfer)
    USART1_Transfer                          0x08003385   Thumb Code    22  usart_stm32f4xx.o(i.USART1_Transfer)
    i.USART1_Uninitialize                    0x080033a0   Section        0  usart_stm32f4xx.o(i.USART1_Uninitialize)
    USART1_Uninitialize                      0x080033a1   Thumb Code    10  usart_stm32f4xx.o(i.USART1_Uninitialize)
    i.USART_Control                          0x080033b0   Section        0  usart_stm32f4xx.o(i.USART_Control)
    USART_Control                            0x080033b1   Thumb Code  2332  usart_stm32f4xx.o(i.USART_Control)
    i.USART_GetCapabilities                  0x08003ccc   Section        0  usart_stm32f4xx.o(i.USART_GetCapabilities)
    USART_GetCapabilities                    0x08003ccd   Thumb Code     6  usart_stm32f4xx.o(i.USART_GetCapabilities)
    i.USART_GetModemStatus                   0x08003cd2   Section        0  usart_stm32f4xx.o(i.USART_GetModemStatus)
    USART_GetModemStatus                     0x08003cd3   Thumb Code   140  usart_stm32f4xx.o(i.USART_GetModemStatus)
    i.USART_GetRxCount                       0x08003d5e   Section        0  usart_stm32f4xx.o(i.USART_GetRxCount)
    USART_GetRxCount                         0x08003d5f   Thumb Code    28  usart_stm32f4xx.o(i.USART_GetRxCount)
    i.USART_GetStatus                        0x08003d7a   Section        0  usart_stm32f4xx.o(i.USART_GetStatus)
    USART_GetStatus                          0x08003d7b   Thumb Code   212  usart_stm32f4xx.o(i.USART_GetStatus)
    i.USART_GetTxCount                       0x08003e4e   Section        0  usart_stm32f4xx.o(i.USART_GetTxCount)
    USART_GetTxCount                         0x08003e4f   Thumb Code    28  usart_stm32f4xx.o(i.USART_GetTxCount)
    i.USART_IRQHandler                       0x08003e6a   Section        0  usart_stm32f4xx.o(i.USART_IRQHandler)
    i.USART_Initialize                       0x080040dc   Section        0  usart_stm32f4xx.o(i.USART_Initialize)
    USART_Initialize                         0x080040dd   Thumb Code   114  usart_stm32f4xx.o(i.USART_Initialize)
    i.USART_PeripheralReset                  0x08004150   Section        0  usart_stm32f4xx.o(i.USART_PeripheralReset)
    USART_PeripheralReset                    0x08004151   Thumb Code   374  usart_stm32f4xx.o(i.USART_PeripheralReset)
    i.USART_PowerControl                     0x080042ec   Section        0  usart_stm32f4xx.o(i.USART_PowerControl)
    USART_PowerControl                       0x080042ed   Thumb Code   260  usart_stm32f4xx.o(i.USART_PowerControl)
    i.USART_RX_DMA_Complete                  0x080043f0   Section        0  usart_stm32f4xx.o(i.USART_RX_DMA_Complete)
    USART_RX_DMA_Complete                    0x080043f1   Thumb Code   132  usart_stm32f4xx.o(i.USART_RX_DMA_Complete)
    i.USART_Receive                          0x08004474   Section        0  usart_stm32f4xx.o(i.USART_Receive)
    USART_Receive                            0x08004475   Thumb Code   326  usart_stm32f4xx.o(i.USART_Receive)
    i.USART_Send                             0x080045ba   Section        0  usart_stm32f4xx.o(i.USART_Send)
    USART_Send                               0x080045bb   Thumb Code   280  usart_stm32f4xx.o(i.USART_Send)
    i.USART_SetModemControl                  0x080046d2   Section        0  usart_stm32f4xx.o(i.USART_SetModemControl)
    USART_SetModemControl                    0x080046d3   Thumb Code   140  usart_stm32f4xx.o(i.USART_SetModemControl)
    i.USART_TX_DMA_Complete                  0x0800475e   Section        0  usart_stm32f4xx.o(i.USART_TX_DMA_Complete)
    USART_TX_DMA_Complete                    0x0800475f   Thumb Code    76  usart_stm32f4xx.o(i.USART_TX_DMA_Complete)
    i.USART_Transfer                         0x080047aa   Section        0  usart_stm32f4xx.o(i.USART_Transfer)
    USART_Transfer                           0x080047ab   Thumb Code   106  usart_stm32f4xx.o(i.USART_Transfer)
    i.USART_Uninitialize                     0x08004814   Section        0  usart_stm32f4xx.o(i.USART_Uninitialize)
    USART_Uninitialize                       0x08004815   Thumb Code    26  usart_stm32f4xx.o(i.USART_Uninitialize)
    i.USARTx_GetVersion                      0x08004830   Section        0  usart_stm32f4xx.o(i.USARTx_GetVersion)
    USARTx_GetVersion                        0x08004831   Thumb Code    10  usart_stm32f4xx.o(i.USARTx_GetVersion)
    i.UsageFault_Handler                     0x08004840   Section        0  stm32f4xx_it.o(i.UsageFault_Handler)
    i.__NVIC_GetPriorityGrouping             0x08004844   Section        0  stm32f4xx_hal_cortex.o(i.__NVIC_GetPriorityGrouping)
    __NVIC_GetPriorityGrouping               0x08004845   Thumb Code    10  stm32f4xx_hal_cortex.o(i.__NVIC_GetPriorityGrouping)
    i.__NVIC_SetPriority                     0x08004854   Section        0  stm32f4xx_hal_cortex.o(i.__NVIC_SetPriority)
    __NVIC_SetPriority                       0x08004855   Thumb Code    32  stm32f4xx_hal_cortex.o(i.__NVIC_SetPriority)
    i.getTime                                0x0800487c   Section        0  timer.o(i.getTime)
    i.main                                   0x080048c8   Section        0  main.o(i.main)
    i.startDAC                               0x08004910   Section        0  dac.o(i.startDAC)
    i.startPWM                               0x08004920   Section        0  pwm.o(i.startPWM)
    i.startTimer                             0x08004930   Section        0  timer.o(i.startTimer)
    x$fpl$fpinit                             0x0800494c   Section       10  fpinit.o(x$fpl$fpinit)
    $v0                                      0x0800494c   Number         0  fpinit.o(x$fpl$fpinit)
    .constdata                               0x08004958   Section       30  main.o(.constdata)
    .constdata                               0x08004978   Section      160  usart_stm32f4xx.o(.constdata)
    usart_driver_version                     0x08004978   Data           4  usart_stm32f4xx.o(.constdata)
    USART1_tx                                0x0800497c   Data          12  usart_stm32f4xx.o(.constdata)
    USART1_rx                                0x08004988   Data          12  usart_stm32f4xx.o(.constdata)
    USART1_DMA_Tx                            0x08004994   Data           8  usart_stm32f4xx.o(.constdata)
    USART1_DMA_Rx                            0x0800499c   Data           8  usart_stm32f4xx.o(.constdata)
    USART1_Resources                         0x080049a4   Data          60  usart_stm32f4xx.o(.constdata)
    .constdata                               0x08004a18   Section        8  stm32f4xx_hal_dma.o(.constdata)
    flagBitshiftOffset                       0x08004a18   Data           8  stm32f4xx_hal_dma.o(.constdata)
    .constdata                               0x08004a20   Section       24  system_stm32f4xx.o(.constdata)
    .data                                    0x20000000   Section       12  timer.o(.data)
    .data                                    0x2000000c   Section        9  stm32f4xx_hal.o(.data)
    .data                                    0x20000018   Section        4  system_stm32f4xx.o(.data)
    .bss                                     0x2000001c   Section       64  uart.o(.bss)
    .bss                                     0x2000005c   Section      192  dma.o(.bss)
    .bss                                     0x2000011c   Section       64  pwm.o(.bss)
    .bss                                     0x2000015c   Section       72  adc.o(.bss)
    .bss                                     0x200001a4   Section       20  dac.o(.bss)
    .bss                                     0x200001b8   Section       64  timer.o(.bss)
    .bss                                     0x200001f8   Section       56  usart_stm32f4xx.o(.bss)
    USART1_Info                              0x200001f8   Data          20  usart_stm32f4xx.o(.bss)
    USART1_TransferInfo                      0x2000020c   Data          36  usart_stm32f4xx.o(.bss)
    .bss                                     0x20000230   Section       96  libspace.o(.bss)
    HEAP                                     0x20000290   Section      512  startup_stm32f429xx.o(HEAP)
    Heap_Mem                                 0x20000290   Data         512  startup_stm32f429xx.o(HEAP)
    STACK                                    0x20000490   Section     1024  startup_stm32f429xx.o(STACK)
    Stack_Mem                                0x20000490   Data        1024  startup_stm32f429xx.o(STACK)
    __initial_sp                             0x20000890   Data           0  startup_stm32f429xx.o(STACK)

    Global Symbols

    Symbol Name                              Value     Ov Type        Size  Object(Section)

    BuildAttributes$$THM_ISAv4$E$P$D$K$B$S$7EM$VFPi3$EXTD16$VFPS$VFMA$PE$A:L22UL41UL21$X:L11$S22US41US21$IEEE1$IW$USESV6$~STKCKD$USESV7$~SHL$OSPACE$ROPI$EBA8$UX$STANDARDLIB$REQ8$PRES8$EABIv2 0x00000000   Number         0  anon$$obj.o ABSOLUTE
    __ARM_use_no_argv                        0x00000000   Number         0  main.o ABSOLUTE
    __ARM_exceptions_init                     - Undefined Weak Reference
    __alloca_initialize                       - Undefined Weak Reference
    __arm_preinit_                            - Undefined Weak Reference
    __cpp_initialize__aeabi_                  - Undefined Weak Reference
    __cxa_finalize                            - Undefined Weak Reference
    __rt_locale                               - Undefined Weak Reference
    __sigvec_lookup                           - Undefined Weak Reference
    _atexit_init                              - Undefined Weak Reference
    _call_atexit_fns                          - Undefined Weak Reference
    _clock_init                               - Undefined Weak Reference
    _fp_trap_init                             - Undefined Weak Reference
    _fp_trap_shutdown                         - Undefined Weak Reference
    _get_lc_collate                           - Undefined Weak Reference
    _get_lc_ctype                             - Undefined Weak Reference
    _get_lc_monetary                          - Undefined Weak Reference
    _get_lc_numeric                           - Undefined Weak Reference
    _get_lc_time                              - Undefined Weak Reference
    _getenv_init                              - Undefined Weak Reference
    _handle_redirection                       - Undefined Weak Reference
    _init_alloc                               - Undefined Weak Reference
    _init_user_alloc                          - Undefined Weak Reference
    _initio                                   - Undefined Weak Reference
    _rand_init                                - Undefined Weak Reference
    _signal_finish                            - Undefined Weak Reference
    _signal_init                              - Undefined Weak Reference
    _terminate_alloc                          - Undefined Weak Reference
    _terminate_user_alloc                     - Undefined Weak Reference
    _terminateio                              - Undefined Weak Reference
    __Vectors_Size                           0x000001ac   Number         0  startup_stm32f429xx.o ABSOLUTE
    __Vectors                                0x08000000   Data           4  startup_stm32f429xx.o(RESET)
    __Vectors_End                            0x080001ac   Data           0  startup_stm32f429xx.o(RESET)
    __main                                   0x080001ad   Thumb Code     8  __main.o(!!!main)
    __scatterload                            0x080001b5   Thumb Code     0  __scatter.o(!!!scatter)
    __scatterload_rt2                        0x080001b5   Thumb Code    44  __scatter.o(!!!scatter)
    __scatterload_rt2_thumb_only             0x080001b5   Thumb Code     0  __scatter.o(!!!scatter)
    __scatterload_null                       0x080001c3   Thumb Code     0  __scatter.o(!!!scatter)
    __scatterload_copy                       0x080001e9   Thumb Code    26  __scatter_copy.o(!!handler_copy)
    __scatterload_zeroinit                   0x08000205   Thumb Code    28  __scatter_zi.o(!!handler_zi)
    __rt_lib_init                            0x08000221   Thumb Code     0  libinit.o(.ARM.Collect$$libinit$$00000000)
    __rt_lib_init_fp_1                       0x08000223   Thumb Code     0  libinit2.o(.ARM.Collect$$libinit$$00000001)
    __rt_lib_init_alloca_1                   0x08000227   Thumb Code     0  libinit2.o(.ARM.Collect$$libinit$$0000002E)
    __rt_lib_init_argv_1                     0x08000227   Thumb Code     0  libinit2.o(.ARM.Collect$$libinit$$0000002C)
    __rt_lib_init_atexit_1                   0x08000227   Thumb Code     0  libinit2.o(.ARM.Collect$$libinit$$0000001B)
    __rt_lib_init_clock_1                    0x08000227   Thumb Code     0  libinit2.o(.ARM.Collect$$libinit$$00000021)
    __rt_lib_init_cpp_1                      0x08000227   Thumb Code     0  libinit2.o(.ARM.Collect$$libinit$$00000032)
    __rt_lib_init_exceptions_1               0x08000227   Thumb Code     0  libinit2.o(.ARM.Collect$$libinit$$00000030)
    __rt_lib_init_fp_trap_1                  0x08000227   Thumb Code     0  libinit2.o(.ARM.Collect$$libinit$$0000001F)
    __rt_lib_init_getenv_1                   0x08000227   Thumb Code     0  libinit2.o(.ARM.Collect$$libinit$$00000023)
    __rt_lib_init_heap_1                     0x08000227   Thumb Code     0  libinit2.o(.ARM.Collect$$libinit$$0000000A)
    __rt_lib_init_lc_collate_1               0x08000227   Thumb Code     0  libinit2.o(.ARM.Collect$$libinit$$00000011)
    __rt_lib_init_lc_ctype_1                 0x08000227   Thumb Code     0  libinit2.o(.ARM.Collect$$libinit$$00000013)
    __rt_lib_init_lc_monetary_1              0x08000227   Thumb Code     0  libinit2.o(.ARM.Collect$$libinit$$00000015)
    __rt_lib_init_lc_numeric_1               0x08000227   Thumb Code     0  libinit2.o(.ARM.Collect$$libinit$$00000017)
    __rt_lib_init_lc_time_1                  0x08000227   Thumb Code     0  libinit2.o(.ARM.Collect$$libinit$$00000019)
    __rt_lib_init_preinit_1                  0x08000227   Thumb Code     0  libinit2.o(.ARM.Collect$$libinit$$00000004)
    __rt_lib_init_rand_1                     0x08000227   Thumb Code     0  libinit2.o(.ARM.Collect$$libinit$$0000000E)
    __rt_lib_init_return                     0x08000227   Thumb Code     0  libinit2.o(.ARM.Collect$$libinit$$00000033)
    __rt_lib_init_signal_1                   0x08000227   Thumb Code     0  libinit2.o(.ARM.Collect$$libinit$$0000001D)
    __rt_lib_init_stdio_1                    0x08000227   Thumb Code     0  libinit2.o(.ARM.Collect$$libinit$$00000025)
    __rt_lib_init_user_alloc_1               0x08000227   Thumb Code     0  libinit2.o(.ARM.Collect$$libinit$$0000000C)
    __rt_lib_shutdown                        0x08000229   Thumb Code     0  libshutdown.o(.ARM.Collect$$libshutdown$$00000000)
    __rt_lib_shutdown_cpp_1                  0x0800022b   Thumb Code     0  libshutdown2.o(.ARM.Collect$$libshutdown$$00000002)
    __rt_lib_shutdown_fp_trap_1              0x0800022b   Thumb Code     0  libshutdown2.o(.ARM.Collect$$libshutdown$$00000007)
    __rt_lib_shutdown_heap_1                 0x0800022b   Thumb Code     0  libshutdown2.o(.ARM.Collect$$libshutdown$$0000000F)
    __rt_lib_shutdown_return                 0x0800022b   Thumb Code     0  libshutdown2.o(.ARM.Collect$$libshutdown$$00000010)
    __rt_lib_shutdown_signal_1               0x0800022b   Thumb Code     0  libshutdown2.o(.ARM.Collect$$libshutdown$$0000000A)
    __rt_lib_shutdown_stdio_1                0x0800022b   Thumb Code     0  libshutdown2.o(.ARM.Collect$$libshutdown$$00000004)
    __rt_lib_shutdown_user_alloc_1           0x0800022b   Thumb Code     0  libshutdown2.o(.ARM.Collect$$libshutdown$$0000000C)
    __rt_entry                               0x0800022d   Thumb Code     0  __rtentry.o(.ARM.Collect$$rtentry$$00000000)
    __rt_entry_presh_1                       0x0800022d   Thumb Code     0  __rtentry2.o(.ARM.Collect$$rtentry$$00000002)
    __rt_entry_sh                            0x0800022d   Thumb Code     0  __rtentry4.o(.ARM.Collect$$rtentry$$00000004)
    __rt_entry_li                            0x08000233   Thumb Code     0  __rtentry2.o(.ARM.Collect$$rtentry$$0000000A)
    __rt_entry_postsh_1                      0x08000233   Thumb Code     0  __rtentry2.o(.ARM.Collect$$rtentry$$00000009)
    __rt_entry_main                          0x08000237   Thumb Code     0  __rtentry2.o(.ARM.Collect$$rtentry$$0000000D)
    __rt_entry_postli_1                      0x08000237   Thumb Code     0  __rtentry2.o(.ARM.Collect$$rtentry$$0000000C)
    __rt_exit                                0x0800023f   Thumb Code     0  rtexit.o(.ARM.Collect$$rtexit$$00000000)
    __rt_exit_ls                             0x08000241   Thumb Code     0  rtexit2.o(.ARM.Collect$$rtexit$$00000003)
    __rt_exit_prels_1                        0x08000241   Thumb Code     0  rtexit2.o(.ARM.Collect$$rtexit$$00000002)
    __rt_exit_exit                           0x08000245   Thumb Code     0  rtexit2.o(.ARM.Collect$$rtexit$$00000004)
    Reset_Handler                            0x0800024d   Thumb Code     8  startup_stm32f429xx.o(.text)
    ADC_IRQHandler                           0x08000267   Thumb Code     0  startup_stm32f429xx.o(.text)
    CAN1_RX0_IRQHandler                      0x08000267   Thumb Code     0  startup_stm32f429xx.o(.text)
    CAN1_RX1_IRQHandler                      0x08000267   Thumb Code     0  startup_stm32f429xx.o(.text)
    CAN1_SCE_IRQHandler                      0x08000267   Thumb Code     0  startup_stm32f429xx.o(.text)
    CAN1_TX_IRQHandler                       0x08000267   Thumb Code     0  startup_stm32f429xx.o(.text)
    CAN2_RX0_IRQHandler                      0x08000267   Thumb Code     0  startup_stm32f429xx.o(.text)
    CAN2_RX1_IRQHandler                      0x08000267   Thumb Code     0  startup_stm32f429xx.o(.text)
    CAN2_SCE_IRQHandler                      0x08000267   Thumb Code     0  startup_stm32f429xx.o(.text)
    CAN2_TX_IRQHandler                       0x08000267   Thumb Code     0  startup_stm32f429xx.o(.text)
    DCMI_IRQHandler                          0x08000267   Thumb Code     0  startup_stm32f429xx.o(.text)
    DMA1_Stream0_IRQHandler                  0x08000267   Thumb Code     0  startup_stm32f429xx.o(.text)
    DMA1_Stream1_IRQHandler                  0x08000267   Thumb Code     0  startup_stm32f429xx.o(.text)
    DMA1_Stream2_IRQHandler                  0x08000267   Thumb Code     0  startup_stm32f429xx.o(.text)
    DMA1_Stream3_IRQHandler                  0x08000267   Thumb Code     0  startup_stm32f429xx.o(.text)
    DMA1_Stream4_IRQHandler                  0x08000267   Thumb Code     0  startup_stm32f429xx.o(.text)
    DMA1_Stream5_IRQHandler                  0x08000267   Thumb Code     0  startup_stm32f429xx.o(.text)
    DMA1_Stream6_IRQHandler                  0x08000267   Thumb Code     0  startup_stm32f429xx.o(.text)
    DMA1_Stream7_IRQHandler                  0x08000267   Thumb Code     0  startup_stm32f429xx.o(.text)
    DMA2D_IRQHandler                         0x08000267   Thumb Code     0  startup_stm32f429xx.o(.text)
    DMA2_Stream0_IRQHandler                  0x08000267   Thumb Code     0  startup_stm32f429xx.o(.text)
    DMA2_Stream1_IRQHandler                  0x08000267   Thumb Code     0  startup_stm32f429xx.o(.text)
    DMA2_Stream3_IRQHandler                  0x08000267   Thumb Code     0  startup_stm32f429xx.o(.text)
    DMA2_Stream4_IRQHandler                  0x08000267   Thumb Code     0  startup_stm32f429xx.o(.text)
    DMA2_Stream5_IRQHandler                  0x08000267   Thumb Code     0  startup_stm32f429xx.o(.text)
    DMA2_Stream6_IRQHandler                  0x08000267   Thumb Code     0  startup_stm32f429xx.o(.text)
    ETH_IRQHandler                           0x08000267   Thumb Code     0  startup_stm32f429xx.o(.text)
    ETH_WKUP_IRQHandler                      0x08000267   Thumb Code     0  startup_stm32f429xx.o(.text)
    EXTI15_10_IRQHandler                     0x08000267   Thumb Code     0  startup_stm32f429xx.o(.text)
    EXTI1_IRQHandler                         0x08000267   Thumb Code     0  startup_stm32f429xx.o(.text)
    EXTI2_IRQHandler                         0x08000267   Thumb Code     0  startup_stm32f429xx.o(.text)
    EXTI3_IRQHandler                         0x08000267   Thumb Code     0  startup_stm32f429xx.o(.text)
    EXTI4_IRQHandler                         0x08000267   Thumb Code     0  startup_stm32f429xx.o(.text)
    EXTI9_5_IRQHandler                       0x08000267   Thumb Code     0  startup_stm32f429xx.o(.text)
    FLASH_IRQHandler                         0x08000267   Thumb Code     0  startup_stm32f429xx.o(.text)
    FMC_IRQHandler                           0x08000267   Thumb Code     0  startup_stm32f429xx.o(.text)
    FPU_IRQHandler                           0x08000267   Thumb Code     0  startup_stm32f429xx.o(.text)
    HASH_RNG_IRQHandler                      0x08000267   Thumb Code     0  startup_stm32f429xx.o(.text)
    I2C1_ER_IRQHandler                       0x08000267   Thumb Code     0  startup_stm32f429xx.o(.text)
    I2C1_EV_IRQHandler                       0x08000267   Thumb Code     0  startup_stm32f429xx.o(.text)
    I2C2_ER_IRQHandler                       0x08000267   Thumb Code     0  startup_stm32f429xx.o(.text)
    I2C2_EV_IRQHandler                       0x08000267   Thumb Code     0  startup_stm32f429xx.o(.text)
    I2C3_ER_IRQHandler                       0x08000267   Thumb Code     0  startup_stm32f429xx.o(.text)
    I2C3_EV_IRQHandler                       0x08000267   Thumb Code     0  startup_stm32f429xx.o(.text)
    LTDC_ER_IRQHandler                       0x08000267   Thumb Code     0  startup_stm32f429xx.o(.text)
    LTDC_IRQHandler                          0x08000267   Thumb Code     0  startup_stm32f429xx.o(.text)
    OTG_FS_IRQHandler                        0x08000267   Thumb Code     0  startup_stm32f429xx.o(.text)
    OTG_FS_WKUP_IRQHandler                   0x08000267   Thumb Code     0  startup_stm32f429xx.o(.text)
    OTG_HS_EP1_IN_IRQHandler                 0x08000267   Thumb Code     0  startup_stm32f429xx.o(.text)
    OTG_HS_EP1_OUT_IRQHandler                0x08000267   Thumb Code     0  startup_stm32f429xx.o(.text)
    OTG_HS_IRQHandler                        0x08000267   Thumb Code     0  startup_stm32f429xx.o(.text)
    OTG_HS_WKUP_IRQHandler                   0x08000267   Thumb Code     0  startup_stm32f429xx.o(.text)
    PVD_IRQHandler                           0x08000267   Thumb Code     0  startup_stm32f429xx.o(.text)
    RCC_IRQHandler                           0x08000267   Thumb Code     0  startup_stm32f429xx.o(.text)
    RTC_Alarm_IRQHandler                     0x08000267   Thumb Code     0  startup_stm32f429xx.o(.text)
    RTC_WKUP_IRQHandler                      0x08000267   Thumb Code     0  startup_stm32f429xx.o(.text)
    SAI1_IRQHandler                          0x08000267   Thumb Code     0  startup_stm32f429xx.o(.text)
    SDIO_IRQHandler                          0x08000267   Thumb Code     0  startup_stm32f429xx.o(.text)
    SPI1_IRQHandler                          0x08000267   Thumb Code     0  startup_stm32f429xx.o(.text)
    SPI2_IRQHandler                          0x08000267   Thumb Code     0  startup_stm32f429xx.o(.text)
    SPI3_IRQHandler                          0x08000267   Thumb Code     0  startup_stm32f429xx.o(.text)
    SPI4_IRQHandler                          0x08000267   Thumb Code     0  startup_stm32f429xx.o(.text)
    SPI5_IRQHandler                          0x08000267   Thumb Code     0  startup_stm32f429xx.o(.text)
    SPI6_IRQHandler                          0x08000267   Thumb Code     0  startup_stm32f429xx.o(.text)
    TAMP_STAMP_IRQHandler                    0x08000267   Thumb Code     0  startup_stm32f429xx.o(.text)
    TIM1_BRK_TIM9_IRQHandler                 0x08000267   Thumb Code     0  startup_stm32f429xx.o(.text)
    TIM1_CC_IRQHandler                       0x08000267   Thumb Code     0  startup_stm32f429xx.o(.text)
    TIM1_TRG_COM_TIM11_IRQHandler            0x08000267   Thumb Code     0  startup_stm32f429xx.o(.text)
    TIM1_UP_TIM10_IRQHandler                 0x08000267   Thumb Code     0  startup_stm32f429xx.o(.text)
    TIM2_IRQHandler                          0x08000267   Thumb Code     0  startup_stm32f429xx.o(.text)
    TIM4_IRQHandler                          0x08000267   Thumb Code     0  startup_stm32f429xx.o(.text)
    TIM5_IRQHandler                          0x08000267   Thumb Code     0  startup_stm32f429xx.o(.text)
    TIM6_DAC_IRQHandler                      0x08000267   Thumb Code     0  startup_stm32f429xx.o(.text)
    TIM7_IRQHandler                          0x08000267   Thumb Code     0  startup_stm32f429xx.o(.text)
    TIM8_BRK_TIM12_IRQHandler                0x08000267   Thumb Code     0  startup_stm32f429xx.o(.text)
    TIM8_CC_IRQHandler                       0x08000267   Thumb Code     0  startup_stm32f429xx.o(.text)
    TIM8_TRG_COM_TIM14_IRQHandler            0x08000267   Thumb Code     0  startup_stm32f429xx.o(.text)
    TIM8_UP_TIM13_IRQHandler                 0x08000267   Thumb Code     0  startup_stm32f429xx.o(.text)
    UART4_IRQHandler                         0x08000267   Thumb Code     0  startup_stm32f429xx.o(.text)
    UART5_IRQHandler                         0x08000267   Thumb Code     0  startup_stm32f429xx.o(.text)
    UART7_IRQHandler                         0x08000267   Thumb Code     0  startup_stm32f429xx.o(.text)
    UART8_IRQHandler                         0x08000267   Thumb Code     0  startup_stm32f429xx.o(.text)
    USART2_IRQHandler                        0x08000267   Thumb Code     0  startup_stm32f429xx.o(.text)
    USART3_IRQHandler                        0x08000267   Thumb Code     0  startup_stm32f429xx.o(.text)
    USART6_IRQHandler                        0x08000267   Thumb Code     0  startup_stm32f429xx.o(.text)
    WWDG_IRQHandler                          0x08000267   Thumb Code     0  startup_stm32f429xx.o(.text)
    __user_initial_stackheap                 0x08000269   Thumb Code     0  startup_stm32f429xx.o(.text)
    __aeabi_uldivmod                         0x0800028d   Thumb Code     0  lludivv7m.o(.text)
    _ll_udiv                                 0x0800028d   Thumb Code   238  lludivv7m.o(.text)
    __aeabi_memcpy4                          0x0800037b   Thumb Code     0  rt_memcpy_w.o(.text)
    __aeabi_memcpy8                          0x0800037b   Thumb Code     0  rt_memcpy_w.o(.text)
    __rt_memcpy_w                            0x0800037b   Thumb Code   100  rt_memcpy_w.o(.text)
    _memcpy_lastbytes_aligned                0x080003c3   Thumb Code     0  rt_memcpy_w.o(.text)
    __aeabi_memclr4                          0x080003df   Thumb Code     0  rt_memclr_w.o(.text)
    __aeabi_memclr8                          0x080003df   Thumb Code     0  rt_memclr_w.o(.text)
    __rt_memclr_w                            0x080003df   Thumb Code    78  rt_memclr_w.o(.text)
    _memset_w                                0x080003e3   Thumb Code     0  rt_memclr_w.o(.text)
    __use_two_region_memory                  0x0800042d   Thumb Code     2  heapauxi.o(.text)
    __rt_heap_escrow$2region                 0x0800042f   Thumb Code     2  heapauxi.o(.text)
    __rt_heap_expand$2region                 0x08000431   Thumb Code     2  heapauxi.o(.text)
    __user_setup_stackheap                   0x08000433   Thumb Code    74  sys_stackheap_outer.o(.text)
    exit                                     0x0800047d   Thumb Code    18  exit.o(.text)
    __user_libspace                          0x08000491   Thumb Code     8  libspace.o(.text)
    __user_perproc_libspace                  0x08000491   Thumb Code     0  libspace.o(.text)
    __user_perthread_libspace                0x08000491   Thumb Code     0  libspace.o(.text)
    _sys_exit                                0x08000499   Thumb Code     8  sys_exit.o(.text)
    __I$use$semihosting                      0x080004a5   Thumb Code     0  use_no_semi.o(.text)
    __use_no_semihosting_swi                 0x080004a5   Thumb Code     2  use_no_semi.o(.text)
    __semihosting_library_function           0x080004a7   Thumb Code     0  indicate_semi.o(.text)
    BusFault_Handler                         0x08000609   Thumb Code     4  stm32f4xx_it.o(i.BusFault_Handler)
    DMA2_Stream2_IRQHandler                  0x0800060d   Thumb Code    10  stm32f4xx_it.o(i.DMA2_Stream2_IRQHandler)
    DMA2_Stream7_IRQHandler                  0x0800061d   Thumb Code    10  stm32f4xx_it.o(i.DMA2_Stream7_IRQHandler)
    DebugMon_Handler                         0x08000737   Thumb Code     2  stm32f4xx_it.o(i.DebugMon_Handler)
    EXTI0_IRQHandler                         0x08000739   Thumb Code    10  stm32f4xx_it.o(i.EXTI0_IRQHandler)
    Error_Handler                            0x08000743   Thumb Code     2  main.o(i.Error_Handler)
    HAL_ADC_ConfigChannel                    0x08000745   Thumb Code   400  stm32f4xx_hal_adc.o(i.HAL_ADC_ConfigChannel)
    HAL_ADC_Init                             0x080008e9   Thumb Code   100  stm32f4xx_hal_adc.o(i.HAL_ADC_Init)
    HAL_ADC_MspInit                          0x08000951   Thumb Code   114  stm32f4xx_hal_msp.o(i.HAL_ADC_MspInit)
    HAL_DAC_ConfigChannel                    0x080009d1   Thumb Code    90  stm32f4xx_hal_dac.o(i.HAL_DAC_ConfigChannel)
    HAL_DAC_Init                             0x08000a2b   Thumb Code    40  stm32f4xx_hal_dac.o(i.HAL_DAC_Init)
    HAL_DAC_MspInit                          0x08000a55   Thumb Code   114  stm32f4xx_hal_msp.o(i.HAL_DAC_MspInit)
    HAL_DAC_Start                            0x08000ad5   Thumb Code   140  stm32f4xx_hal_dac.o(i.HAL_DAC_Start)
    HAL_DMA_Abort                            0x08000b61   Thumb Code   170  stm32f4xx_hal_dma.o(i.HAL_DMA_Abort)
    HAL_DMA_DeInit                           0x08000c0b   Thumb Code   112  stm32f4xx_hal_dma.o(i.HAL_DMA_DeInit)
    HAL_DMA_IRQHandler                       0x08000c7d   Thumb Code   570  stm32f4xx_hal_dma.o(i.HAL_DMA_IRQHandler)
    HAL_DMA_Init                             0x08000ebd   Thumb Code   232  stm32f4xx_hal_dma.o(i.HAL_DMA_Init)
    HAL_DMA_Start_IT                         0x08000fa9   Thumb Code   158  stm32f4xx_hal_dma.o(i.HAL_DMA_Start_IT)
    HAL_GPIO_DeInit                          0x08001049   Thumb Code   336  stm32f4xx_hal_gpio.o(i.HAL_GPIO_DeInit)
    HAL_GPIO_EXTI_Callback                   0x080011c9   Thumb Code     2  stm32f4xx_hal_gpio.o(i.HAL_GPIO_EXTI_Callback)
    HAL_GPIO_EXTI_IRQHandler                 0x080011cd   Thumb Code    24  stm32f4xx_hal_gpio.o(i.HAL_GPIO_EXTI_IRQHandler)
    HAL_GPIO_Init                            0x080011e9   Thumb Code   486  stm32f4xx_hal_gpio.o(i.HAL_GPIO_Init)
    HAL_GPIO_ReadPin                         0x08001405   Thumb Code    16  stm32f4xx_hal_gpio.o(i.HAL_GPIO_ReadPin)
    HAL_GPIO_WritePin                        0x08001415   Thumb Code    12  stm32f4xx_hal_gpio.o(i.HAL_GPIO_WritePin)
    HAL_GetTick                              0x08001421   Thumb Code     6  stm32f4xx_hal.o(i.HAL_GetTick)
    HAL_IncTick                              0x0800142d   Thumb Code    16  stm32f4xx_hal.o(i.HAL_IncTick)
    HAL_Init                                 0x08001445   Thumb Code    54  stm32f4xx_hal.o(i.HAL_Init)
    HAL_InitTick                             0x08001481   Thumb Code    64  stm32f4xx_hal.o(i.HAL_InitTick)
    HAL_MspInit                              0x080014cd   Thumb Code    68  stm32f4xx_hal_msp.o(i.HAL_MspInit)
    HAL_NVIC_EnableIRQ                       0x08001515   Thumb Code    40  stm32f4xx_hal_cortex.o(i.HAL_NVIC_EnableIRQ)
    HAL_NVIC_SetPriority                     0x0800153d   Thumb Code   124  stm32f4xx_hal_cortex.o(i.HAL_NVIC_SetPriority)
    HAL_NVIC_SetPriorityGrouping             0x080015b9   Thumb Code    32  stm32f4xx_hal_cortex.o(i.HAL_NVIC_SetPriorityGrouping)
    HAL_RCC_ClockConfig                      0x080015e1   Thumb Code   366  stm32f4xx_hal_rcc.o(i.HAL_RCC_ClockConfig)
    HAL_RCC_GetHCLKFreq                      0x08001761   Thumb Code     6  stm32f4xx_hal_rcc.o(i.HAL_RCC_GetHCLKFreq)
    HAL_RCC_GetPCLK1Freq                     0x0800176d   Thumb Code    22  stm32f4xx_hal_rcc.o(i.HAL_RCC_GetPCLK1Freq)
    HAL_RCC_GetPCLK2Freq                     0x0800178d   Thumb Code    22  stm32f4xx_hal_rcc.o(i.HAL_RCC_GetPCLK2Freq)
    HAL_RCC_GetSysClockFreq                  0x080017ad   Thumb Code   162  stm32f4xx_hal_rcc.o(i.HAL_RCC_GetSysClockFreq)
    HAL_RCC_OscConfig                        0x0800185d   Thumb Code  1086  stm32f4xx_hal_rcc.o(i.HAL_RCC_OscConfig)
    HAL_SYSTICK_Config                       0x08001ca5   Thumb Code    52  stm32f4xx_hal_cortex.o(i.HAL_SYSTICK_Config)
    HAL_TIMEx_BreakCallback                  0x08001cd9   Thumb Code     2  stm32f4xx_hal_tim_ex.o(i.HAL_TIMEx_BreakCallback)
    HAL_TIMEx_CommutCallback                 0x08001cdb   Thumb Code     2  stm32f4xx_hal_tim_ex.o(i.HAL_TIMEx_CommutCallback)
    HAL_TIMEx_ConfigBreakDeadTime            0x08001cdd   Thumb Code   116  stm32f4xx_hal_tim_ex.o(i.HAL_TIMEx_ConfigBreakDeadTime)
    HAL_TIMEx_MasterConfigSynchronization    0x08001d51   Thumb Code    84  stm32f4xx_hal_tim_ex.o(i.HAL_TIMEx_MasterConfigSynchronization)
    HAL_TIM_Base_Init                        0x08001da5   Thumb Code    52  stm32f4xx_hal_tim.o(i.HAL_TIM_Base_Init)
    HAL_TIM_Base_MspInit                     0x08001dd9   Thumb Code   180  stm32f4xx_hal_msp.o(i.HAL_TIM_Base_MspInit)
    HAL_TIM_Base_Start                       0x08001e9d   Thumb Code    42  stm32f4xx_hal_tim.o(i.HAL_TIM_Base_Start)
    HAL_TIM_Base_Start_IT                    0x08001ec7   Thumb Code    42  stm32f4xx_hal_tim.o(i.HAL_TIM_Base_Start_IT)
    HAL_TIM_ConfigClockSource                0x08001ef1   Thumb Code   264  stm32f4xx_hal_tim.o(i.HAL_TIM_ConfigClockSource)
    HAL_TIM_IC_CaptureCallback               0x08001ff9   Thumb Code    24  timer.o(i.HAL_TIM_IC_CaptureCallback)
    HAL_TIM_IC_ConfigChannel                 0x08002019   Thumb Code   224  stm32f4xx_hal_tim.o(i.HAL_TIM_IC_ConfigChannel)
    HAL_TIM_IC_Init                          0x080020f9   Thumb Code    52  stm32f4xx_hal_tim.o(i.HAL_TIM_IC_Init)
    HAL_TIM_IC_MspInit                       0x0800212d   Thumb Code     2  stm32f4xx_hal_tim.o(i.HAL_TIM_IC_MspInit)
    HAL_TIM_IC_Start_IT                      0x0800212f   Thumb Code   120  stm32f4xx_hal_tim.o(i.HAL_TIM_IC_Start_IT)
    HAL_TIM_IRQHandler                       0x080021a7   Thumb Code   406  stm32f4xx_hal_tim.o(i.HAL_TIM_IRQHandler)
    HAL_TIM_MspPostInit                      0x0800233d   Thumb Code    84  stm32f4xx_hal_msp.o(i.HAL_TIM_MspPostInit)
    HAL_TIM_OC_DelayElapsedCallback          0x0800239d   Thumb Code     2  stm32f4xx_hal_tim.o(i.HAL_TIM_OC_DelayElapsedCallback)
    HAL_TIM_PWM_ConfigChannel                0x0800239f   Thumb Code   264  stm32f4xx_hal_tim.o(i.HAL_TIM_PWM_ConfigChannel)
    HAL_TIM_PWM_Init                         0x080024a7   Thumb Code    52  stm32f4xx_hal_tim.o(i.HAL_TIM_PWM_Init)
    HAL_TIM_PWM_MspInit                      0x080024db   Thumb Code     2  stm32f4xx_hal_tim.o(i.HAL_TIM_PWM_MspInit)
    HAL_TIM_PWM_PulseFinishedCallback        0x080024dd   Thumb Code     2  stm32f4xx_hal_tim.o(i.HAL_TIM_PWM_PulseFinishedCallback)
    HAL_TIM_PWM_Start                        0x080024e1   Thumb Code    80  stm32f4xx_hal_tim.o(i.HAL_TIM_PWM_Start)
    HAL_TIM_PeriodElapsedCallback            0x08002539   Thumb Code     2  stm32f4xx_hal_tim.o(i.HAL_TIM_PeriodElapsedCallback)
    HAL_TIM_TriggerCallback                  0x0800253b   Thumb Code     2  stm32f4xx_hal_tim.o(i.HAL_TIM_TriggerCallback)
    HAL_UART_Init                            0x0800253d   Thumb Code   114  stm32f4xx_hal_uart.o(i.HAL_UART_Init)
    HAL_UART_MspDeInit                       0x080025b1   Thumb Code    48  stm32f4xx_hal_msp.o(i.HAL_UART_MspDeInit)
    HAL_UART_MspInit                         0x080025ed   Thumb Code   244  stm32f4xx_hal_msp.o(i.HAL_UART_MspInit)
    HardFault_Handler                        0x080026f9   Thumb Code     4  stm32f4xx_it.o(i.HardFault_Handler)
    MX_ADC1_Init                             0x080026fd   Thumb Code    90  adc.o(i.MX_ADC1_Init)
    MX_DAC_Init                              0x08002765   Thumb Code    44  dac.o(i.MX_DAC_Init)
    MX_DMA_Init                              0x08002799   Thumb Code    68  dma.o(i.MX_DMA_Init)
    MX_GPIO_Init                             0x080027e1   Thumb Code    36  gpio.o(i.MX_GPIO_Init)
    MX_TIM1_Init                             0x08002809   Thumb Code   200  pwm.o(i.MX_TIM1_Init)
    MX_TIM3_Init                             0x080028d9   Thumb Code   124  timer.o(i.MX_TIM3_Init)
    MX_USART1_UART_Init                      0x0800295d   Thumb Code    40  uart.o(i.MX_USART1_UART_Init)
    MemManage_Handler                        0x0800298d   Thumb Code     4  stm32f4xx_it.o(i.MemManage_Handler)
    NMI_Handler                              0x08002991   Thumb Code     2  stm32f4xx_it.o(i.NMI_Handler)
    PendSV_Handler                           0x08002993   Thumb Code     2  stm32f4xx_it.o(i.PendSV_Handler)
    SVC_Handler                              0x08002995   Thumb Code     2  stm32f4xx_it.o(i.SVC_Handler)
    SysTick_Handler                          0x08002997   Thumb Code     8  stm32f4xx_it.o(i.SysTick_Handler)
    SystemClock_Config                       0x080029a1   Thumb Code   142  rcc.o(i.SystemClock_Config)
    SystemInit                               0x08002a39   Thumb Code    82  system_stm32f4xx.o(i.SystemInit)
    TIM3_IRQHandler                          0x08002a9d   Thumb Code    10  stm32f4xx_it.o(i.TIM3_IRQHandler)
    TIM_Base_SetConfig                       0x08002aad   Thumb Code   170  stm32f4xx_hal_tim.o(i.TIM_Base_SetConfig)
    TIM_CCxChannelCmd                        0x08002b85   Thumb Code    34  stm32f4xx_hal_tim.o(i.TIM_CCxChannelCmd)
    TIM_ETR_SetConfig                        0x08002ba7   Thumb Code    22  stm32f4xx_hal_tim.o(i.TIM_ETR_SetConfig)
    TIM_OC2_SetConfig                        0x08002c41   Thumb Code   114  stm32f4xx_hal_tim.o(i.TIM_OC2_SetConfig)
    TIM_TI1_SetConfig                        0x08002db1   Thumb Code   114  stm32f4xx_hal_tim.o(i.TIM_TI1_SetConfig)
    USART1_IRQHandler                        0x080032e9   Thumb Code    10  usart_stm32f4xx.o(i.USART1_IRQHandler)
    USART_IRQHandler                         0x08003e6b   Thumb Code   626  usart_stm32f4xx.o(i.USART_IRQHandler)
    UsageFault_Handler                       0x08004841   Thumb Code     4  stm32f4xx_it.o(i.UsageFault_Handler)
    getTime                                  0x0800487d   Thumb Code    60  timer.o(i.getTime)
    main                                     0x080048c9   Thumb Code    68  main.o(i.main)
    startDAC                                 0x08004911   Thumb Code    12  dac.o(i.startDAC)
    startPWM                                 0x08004921   Thumb Code    12  pwm.o(i.startPWM)
    startTimer                               0x08004931   Thumb Code    24  timer.o(i.startTimer)
    _fp_init                                 0x0800494d   Thumb Code    10  fpinit.o(x$fpl$fpinit)
    __fplib_config_fpu_vfp                   0x08004955   Thumb Code     0  fpinit.o(x$fpl$fpinit)
    __fplib_config_pureend_doubles           0x08004955   Thumb Code     0  fpinit.o(x$fpl$fpinit)
    Driver_USART1                            0x080049e0   Data          56  usart_stm32f4xx.o(.constdata)
    AHBPrescTable                            0x08004a20   Data          16  system_stm32f4xx.o(.constdata)
    APBPrescTable                            0x08004a30   Data           8  system_stm32f4xx.o(.constdata)
    Region$$Table$$Base                      0x08004a38   Number         0  anon$$obj.o(Region$$Table)
    Region$$Table$$Limit                     0x08004a58   Number         0  anon$$obj.o(Region$$Table)
    inputCaptureVal                          0x20000000   Data           4  timer.o(.data)
    counterVal                               0x20000004   Data           4  timer.o(.data)
    realTime                                 0x20000008   Data           4  timer.o(.data)
    uwTick                                   0x2000000c   Data           4  stm32f4xx_hal.o(.data)
    uwTickPrio                               0x20000010   Data           4  stm32f4xx_hal.o(.data)
    uwTickFreq                               0x20000014   Data           1  stm32f4xx_hal.o(.data)
    SystemCoreClock                          0x20000018   Data           4  system_stm32f4xx.o(.data)
    huart1                                   0x2000001c   Data          64  uart.o(.bss)
    hdma_usart1_rx                           0x2000005c   Data          96  dma.o(.bss)
    hdma_usart1_tx                           0x200000bc   Data          96  dma.o(.bss)
    htim1                                    0x2000011c   Data          64  pwm.o(.bss)
    hadc1                                    0x2000015c   Data          72  adc.o(.bss)
    hdac                                     0x200001a4   Data          20  dac.o(.bss)
    htim3                                    0x200001b8   Data          64  timer.o(.bss)
    __libspace_start                         0x20000230   Data          96  libspace.o(.bss)
    __temporary_stack_top$libspace           0x20000290   Data           0  libspace.o(.bss)



==============================================================================

Memory Map of the image

  Image Entry point : 0x080001ad

  Load Region LR_IROM1 (Base: 0x08000000, Size: 0x00004a74, Max: 0x00200000, ABSOLUTE)

    Execution Region ER_IROM1 (Exec base: 0x08000000, Load base: 0x08000000, Size: 0x00004a58, Max: 0x00200000, ABSOLUTE)

    Exec Addr    Load Addr    Size         Type   Attr      Idx    E Section Name        Object

    0x08000000   0x08000000   0x000001ac   Data   RO         4025    RESET               startup_stm32f429xx.o
    0x080001ac   0x080001ac   0x00000008   Code   RO         4079  * !!!main             c_w.l(__main.o)
    0x080001b4   0x080001b4   0x00000034   Code   RO         4265    !!!scatter          c_w.l(__scatter.o)
    0x080001e8   0x080001e8   0x0000001a   Code   RO         4267    !!handler_copy      c_w.l(__scatter_copy.o)
    0x08000202   0x08000202   0x00000002   PAD
    0x08000204   0x08000204   0x0000001c   Code   RO         4269    !!handler_zi        c_w.l(__scatter_zi.o)
    0x08000220   0x08000220   0x00000002   Code   RO         4135    .ARM.Collect$$libinit$$00000000  c_w.l(libinit.o)
    0x08000222   0x08000222   0x00000004   Code   RO         4147    .ARM.Collect$$libinit$$00000001  c_w.l(libinit2.o)
    0x08000226   0x08000226   0x00000000   Code   RO         4150    .ARM.Collect$$libinit$$00000004  c_w.l(libinit2.o)
    0x08000226   0x08000226   0x00000000   Code   RO         4153    .ARM.Collect$$libinit$$0000000A  c_w.l(libinit2.o)
    0x08000226   0x08000226   0x00000000   Code   RO         4155    .ARM.Collect$$libinit$$0000000C  c_w.l(libinit2.o)
    0x08000226   0x08000226   0x00000000   Code   RO         4157    .ARM.Collect$$libinit$$0000000E  c_w.l(libinit2.o)
    0x08000226   0x08000226   0x00000000   Code   RO         4160    .ARM.Collect$$libinit$$00000011  c_w.l(libinit2.o)
    0x08000226   0x08000226   0x00000000   Code   RO         4162    .ARM.Collect$$libinit$$00000013  c_w.l(libinit2.o)
    0x08000226   0x08000226   0x00000000   Code   RO         4164    .ARM.Collect$$libinit$$00000015  c_w.l(libinit2.o)
    0x08000226   0x08000226   0x00000000   Code   RO         4166    .ARM.Collect$$libinit$$00000017  c_w.l(libinit2.o)
    0x08000226   0x08000226   0x00000000   Code   RO         4168    .ARM.Collect$$libinit$$00000019  c_w.l(libinit2.o)
    0x08000226   0x08000226   0x00000000   Code   RO         4170    .ARM.Collect$$libinit$$0000001B  c_w.l(libinit2.o)
    0x08000226   0x08000226   0x00000000   Code   RO         4172    .ARM.Collect$$libinit$$0000001D  c_w.l(libinit2.o)
    0x08000226   0x08000226   0x00000000   Code   RO         4174    .ARM.Collect$$libinit$$0000001F  c_w.l(libinit2.o)
    0x08000226   0x08000226   0x00000000   Code   RO         4176    .ARM.Collect$$libinit$$00000021  c_w.l(libinit2.o)
    0x08000226   0x08000226   0x00000000   Code   RO         4178    .ARM.Collect$$libinit$$00000023  c_w.l(libinit2.o)
    0x08000226   0x08000226   0x00000000   Code   RO         4180    .ARM.Collect$$libinit$$00000025  c_w.l(libinit2.o)
    0x08000226   0x08000226   0x00000000   Code   RO         4184    .ARM.Collect$$libinit$$0000002C  c_w.l(libinit2.o)
    0x08000226   0x08000226   0x00000000   Code   RO         4186    .ARM.Collect$$libinit$$0000002E  c_w.l(libinit2.o)
    0x08000226   0x08000226   0x00000000   Code   RO         4188    .ARM.Collect$$libinit$$00000030  c_w.l(libinit2.o)
    0x08000226   0x08000226   0x00000000   Code   RO         4190    .ARM.Collect$$libinit$$00000032  c_w.l(libinit2.o)
    0x08000226   0x08000226   0x00000002   Code   RO         4191    .ARM.Collect$$libinit$$00000033  c_w.l(libinit2.o)
    0x08000228   0x08000228   0x00000002   Code   RO         4222    .ARM.Collect$$libshutdown$$00000000  c_w.l(libshutdown.o)
    0x0800022a   0x0800022a   0x00000000   Code   RO         4248    .ARM.Collect$$libshutdown$$00000002  c_w.l(libshutdown2.o)
    0x0800022a   0x0800022a   0x00000000   Code   RO         4250    .ARM.Collect$$libshutdown$$00000004  c_w.l(libshutdown2.o)
    0x0800022a   0x0800022a   0x00000000   Code   RO         4253    .ARM.Collect$$libshutdown$$00000007  c_w.l(libshutdown2.o)
    0x0800022a   0x0800022a   0x00000000   Code   RO         4256    .ARM.Collect$$libshutdown$$0000000A  c_w.l(libshutdown2.o)
    0x0800022a   0x0800022a   0x00000000   Code   RO         4258    .ARM.Collect$$libshutdown$$0000000C  c_w.l(libshutdown2.o)
    0x0800022a   0x0800022a   0x00000000   Code   RO         4261    .ARM.Collect$$libshutdown$$0000000F  c_w.l(libshutdown2.o)
    0x0800022a   0x0800022a   0x00000002   Code   RO         4262    .ARM.Collect$$libshutdown$$00000010  c_w.l(libshutdown2.o)
    0x0800022c   0x0800022c   0x00000000   Code   RO         4093    .ARM.Collect$$rtentry$$00000000  c_w.l(__rtentry.o)
    0x0800022c   0x0800022c   0x00000000   Code   RO         4106    .ARM.Collect$$rtentry$$00000002  c_w.l(__rtentry2.o)
    0x0800022c   0x0800022c   0x00000006   Code   RO         4118    .ARM.Collect$$rtentry$$00000004  c_w.l(__rtentry4.o)
    0x08000232   0x08000232   0x00000000   Code   RO         4108    .ARM.Collect$$rtentry$$00000009  c_w.l(__rtentry2.o)
    0x08000232   0x08000232   0x00000004   Code   RO         4109    .ARM.Collect$$rtentry$$0000000A  c_w.l(__rtentry2.o)
    0x08000236   0x08000236   0x00000000   Code   RO         4111    .ARM.Collect$$rtentry$$0000000C  c_w.l(__rtentry2.o)
    0x08000236   0x08000236   0x00000008   Code   RO         4112    .ARM.Collect$$rtentry$$0000000D  c_w.l(__rtentry2.o)
    0x0800023e   0x0800023e   0x00000002   Code   RO         4139    .ARM.Collect$$rtexit$$00000000  c_w.l(rtexit.o)
    0x08000240   0x08000240   0x00000000   Code   RO         4195    .ARM.Collect$$rtexit$$00000002  c_w.l(rtexit2.o)
    0x08000240   0x08000240   0x00000004   Code   RO         4196    .ARM.Collect$$rtexit$$00000003  c_w.l(rtexit2.o)
    0x08000244   0x08000244   0x00000006   Code   RO         4197    .ARM.Collect$$rtexit$$00000004  c_w.l(rtexit2.o)
    0x0800024a   0x0800024a   0x00000002   PAD
    0x0800024c   0x0800024c   0x00000040   Code   RO         4026    .text               startup_stm32f429xx.o
    0x0800028c   0x0800028c   0x000000ee   Code   RO         4069    .text               c_w.l(lludivv7m.o)
    0x0800037a   0x0800037a   0x00000064   Code   RO         4071    .text               c_w.l(rt_memcpy_w.o)
    0x080003de   0x080003de   0x0000004e   Code   RO         4073    .text               c_w.l(rt_memclr_w.o)
    0x0800042c   0x0800042c   0x00000006   Code   RO         4077    .text               c_w.l(heapauxi.o)
    0x08000432   0x08000432   0x0000004a   Code   RO         4122    .text               c_w.l(sys_stackheap_outer.o)
    0x0800047c   0x0800047c   0x00000012   Code   RO         4124    .text               c_w.l(exit.o)
    0x0800048e   0x0800048e   0x00000002   PAD
    0x08000490   0x08000490   0x00000008   Code   RO         4136    .text               c_w.l(libspace.o)
    0x08000498   0x08000498   0x0000000c   Code   RO         4192    .text               c_w.l(sys_exit.o)
    0x080004a4   0x080004a4   0x00000002   Code   RO         4211    .text               c_w.l(use_no_semi.o)
    0x080004a6   0x080004a6   0x00000000   Code   RO         4213    .text               c_w.l(indicate_semi.o)
    0x080004a6   0x080004a6   0x00000002   PAD
    0x080004a8   0x080004a8   0x00000160   Code   RO         1115    i.ADC_Init          stm32f4xx_hal_adc.o
    0x08000608   0x08000608   0x00000004   Code   RO          511    i.BusFault_Handler  stm32f4xx_it.o
    0x0800060c   0x0800060c   0x00000010   Code   RO          512    i.DMA2_Stream2_IRQHandler  stm32f4xx_it.o
    0x0800061c   0x0800061c   0x00000010   Code   RO          513    i.DMA2_Stream7_IRQHandler  stm32f4xx_it.o
    0x0800062c   0x0800062c   0x00000034   Code   RO         1752    i.DMA_CalcBaseAndBitshift  stm32f4xx_hal_dma.o
    0x08000660   0x08000660   0x000000aa   Code   RO         1753    i.DMA_CheckFifoParam  stm32f4xx_hal_dma.o
    0x0800070a   0x0800070a   0x0000002c   Code   RO         1754    i.DMA_SetConfig     stm32f4xx_hal_dma.o
    0x08000736   0x08000736   0x00000002   Code   RO          514    i.DebugMon_Handler  stm32f4xx_it.o
    0x08000738   0x08000738   0x0000000a   Code   RO          515    i.EXTI0_IRQHandler  stm32f4xx_it.o
    0x08000742   0x08000742   0x00000002   Code   RO          448    i.Error_Handler     main.o
    0x08000744   0x08000744   0x000001a4   Code   RO         1117    i.HAL_ADC_ConfigChannel  stm32f4xx_hal_adc.o
    0x080008e8   0x080008e8   0x00000068   Code   RO         1126    i.HAL_ADC_Init      stm32f4xx_hal_adc.o
    0x08000950   0x08000950   0x00000080   Code   RO         3936    i.HAL_ADC_MspInit   stm32f4xx_hal_msp.o
    0x080009d0   0x080009d0   0x0000005a   Code   RO         1530    i.HAL_DAC_ConfigChannel  stm32f4xx_hal_dac.o
    0x08000a2a   0x08000a2a   0x00000028   Code   RO         1540    i.HAL_DAC_Init      stm32f4xx_hal_dac.o
    0x08000a52   0x08000a52   0x00000002   PAD
    0x08000a54   0x08000a54   0x00000080   Code   RO         3938    i.HAL_DAC_MspInit   stm32f4xx_hal_msp.o
    0x08000ad4   0x08000ad4   0x0000008c   Code   RO         1544    i.HAL_DAC_Start     stm32f4xx_hal_dac.o
    0x08000b60   0x08000b60   0x000000aa   Code   RO         1755    i.HAL_DMA_Abort     stm32f4xx_hal_dma.o
    0x08000c0a   0x08000c0a   0x00000070   Code   RO         1757    i.HAL_DMA_DeInit    stm32f4xx_hal_dma.o
    0x08000c7a   0x08000c7a   0x00000002   PAD
    0x08000c7c   0x08000c7c   0x00000240   Code   RO         1760    i.HAL_DMA_IRQHandler  stm32f4xx_hal_dma.o
    0x08000ebc   0x08000ebc   0x000000ec   Code   RO         1761    i.HAL_DMA_Init      stm32f4xx_hal_dma.o
    0x08000fa8   0x08000fa8   0x0000009e   Code   RO         1765    i.HAL_DMA_Start_IT  stm32f4xx_hal_dma.o
    0x08001046   0x08001046   0x00000002   PAD
    0x08001048   0x08001048   0x00000180   Code   RO         1899    i.HAL_GPIO_DeInit   stm32f4xx_hal_gpio.o
    0x080011c8   0x080011c8   0x00000002   Code   RO         1900    i.HAL_GPIO_EXTI_Callback  stm32f4xx_hal_gpio.o
    0x080011ca   0x080011ca   0x00000002   PAD
    0x080011cc   0x080011cc   0x0000001c   Code   RO         1901    i.HAL_GPIO_EXTI_IRQHandler  stm32f4xx_hal_gpio.o
    0x080011e8   0x080011e8   0x0000021c   Code   RO         1902    i.HAL_GPIO_Init     stm32f4xx_hal_gpio.o
    0x08001404   0x08001404   0x00000010   Code   RO         1904    i.HAL_GPIO_ReadPin  stm32f4xx_hal_gpio.o
    0x08001414   0x08001414   0x0000000c   Code   RO         1906    i.HAL_GPIO_WritePin  stm32f4xx_hal_gpio.o
    0x08001420   0x08001420   0x0000000c   Code   RO          932    i.HAL_GetTick       stm32f4xx_hal.o
    0x0800142c   0x0800142c   0x00000018   Code   RO          938    i.HAL_IncTick       stm32f4xx_hal.o
    0x08001444   0x08001444   0x0000003c   Code   RO          939    i.HAL_Init          stm32f4xx_hal.o
    0x08001480   0x08001480   0x0000004c   Code   RO          940    i.HAL_InitTick      stm32f4xx_hal.o
    0x080014cc   0x080014cc   0x00000048   Code   RO         3939    i.HAL_MspInit       stm32f4xx_hal_msp.o
    0x08001514   0x08001514   0x00000028   Code   RO         1392    i.HAL_NVIC_EnableIRQ  stm32f4xx_hal_cortex.o
    0x0800153c   0x0800153c   0x0000007c   Code   RO         1398    i.HAL_NVIC_SetPriority  stm32f4xx_hal_cortex.o
    0x080015b8   0x080015b8   0x00000028   Code   RO         1399    i.HAL_NVIC_SetPriorityGrouping  stm32f4xx_hal_cortex.o
    0x080015e0   0x080015e0   0x00000180   Code   RO         2158    i.HAL_RCC_ClockConfig  stm32f4xx_hal_rcc.o
    0x08001760   0x08001760   0x0000000c   Code   RO         2163    i.HAL_RCC_GetHCLKFreq  stm32f4xx_hal_rcc.o
    0x0800176c   0x0800176c   0x00000020   Code   RO         2165    i.HAL_RCC_GetPCLK1Freq  stm32f4xx_hal_rcc.o
    0x0800178c   0x0800178c   0x00000020   Code   RO         2166    i.HAL_RCC_GetPCLK2Freq  stm32f4xx_hal_rcc.o
    0x080017ac   0x080017ac   0x000000b0   Code   RO         2167    i.HAL_RCC_GetSysClockFreq  stm32f4xx_hal_rcc.o
    0x0800185c   0x0800185c   0x00000448   Code   RO         2170    i.HAL_RCC_OscConfig  stm32f4xx_hal_rcc.o
    0x08001ca4   0x08001ca4   0x00000034   Code   RO         1403    i.HAL_SYSTICK_Config  stm32f4xx_hal_cortex.o
    0x08001cd8   0x08001cd8   0x00000002   Code   RO         3335    i.HAL_TIMEx_BreakCallback  stm32f4xx_hal_tim_ex.o
    0x08001cda   0x08001cda   0x00000002   Code   RO         3336    i.HAL_TIMEx_CommutCallback  stm32f4xx_hal_tim_ex.o
    0x08001cdc   0x08001cdc   0x00000074   Code   RO         3338    i.HAL_TIMEx_ConfigBreakDeadTime  stm32f4xx_hal_tim_ex.o
    0x08001d50   0x08001d50   0x00000054   Code   RO         3353    i.HAL_TIMEx_MasterConfigSynchronization  stm32f4xx_hal_tim_ex.o
    0x08001da4   0x08001da4   0x00000034   Code   RO         2649    i.HAL_TIM_Base_Init  stm32f4xx_hal_tim.o
    0x08001dd8   0x08001dd8   0x000000c4   Code   RO         3943    i.HAL_TIM_Base_MspInit  stm32f4xx_hal_msp.o
    0x08001e9c   0x08001e9c   0x0000002a   Code   RO         2652    i.HAL_TIM_Base_Start  stm32f4xx_hal_tim.o
    0x08001ec6   0x08001ec6   0x0000002a   Code   RO         2654    i.HAL_TIM_Base_Start_IT  stm32f4xx_hal_tim.o
    0x08001ef0   0x08001ef0   0x00000108   Code   RO         2658    i.HAL_TIM_ConfigClockSource  stm32f4xx_hal_tim.o
    0x08001ff8   0x08001ff8   0x00000020   Code   RO          360    i.HAL_TIM_IC_CaptureCallback  timer.o
    0x08002018   0x08002018   0x000000e0   Code   RO         2680    i.HAL_TIM_IC_ConfigChannel  stm32f4xx_hal_tim.o
    0x080020f8   0x080020f8   0x00000034   Code   RO         2683    i.HAL_TIM_IC_Init   stm32f4xx_hal_tim.o
    0x0800212c   0x0800212c   0x00000002   Code   RO         2685    i.HAL_TIM_IC_MspInit  stm32f4xx_hal_tim.o
    0x0800212e   0x0800212e   0x00000078   Code   RO         2688    i.HAL_TIM_IC_Start_IT  stm32f4xx_hal_tim.o
    0x080021a6   0x080021a6   0x00000196   Code   RO         2692    i.HAL_TIM_IRQHandler  stm32f4xx_hal_tim.o
    0x0800233c   0x0800233c   0x00000060   Code   RO         3944    i.HAL_TIM_MspPostInit  stm32f4xx_hal_msp.o
    0x0800239c   0x0800239c   0x00000002   Code   RO         2695    i.HAL_TIM_OC_DelayElapsedCallback  stm32f4xx_hal_tim.o
    0x0800239e   0x0800239e   0x00000108   Code   RO         2716    i.HAL_TIM_PWM_ConfigChannel  stm32f4xx_hal_tim.o
    0x080024a6   0x080024a6   0x00000034   Code   RO         2719    i.HAL_TIM_PWM_Init  stm32f4xx_hal_tim.o
    0x080024da   0x080024da   0x00000002   Code   RO         2721    i.HAL_TIM_PWM_MspInit  stm32f4xx_hal_tim.o
    0x080024dc   0x080024dc   0x00000002   Code   RO         2722    i.HAL_TIM_PWM_PulseFinishedCallback  stm32f4xx_hal_tim.o
    0x080024de   0x080024de   0x00000002   PAD
    0x080024e0   0x080024e0   0x00000058   Code   RO         2724    i.HAL_TIM_PWM_Start  stm32f4xx_hal_tim.o
    0x08002538   0x08002538   0x00000002   Code   RO         2730    i.HAL_TIM_PeriodElapsedCallback  stm32f4xx_hal_tim.o
    0x0800253a   0x0800253a   0x00000002   Code   RO         2735    i.HAL_TIM_TriggerCallback  stm32f4xx_hal_tim.o
    0x0800253c   0x0800253c   0x00000072   Code   RO         3611    i.HAL_UART_Init     stm32f4xx_hal_uart.o
    0x080025ae   0x080025ae   0x00000002   PAD
    0x080025b0   0x080025b0   0x0000003c   Code   RO         3945    i.HAL_UART_MspDeInit  stm32f4xx_hal_msp.o
    0x080025ec   0x080025ec   0x0000010c   Code   RO         3946    i.HAL_UART_MspInit  stm32f4xx_hal_msp.o
    0x080026f8   0x080026f8   0x00000004   Code   RO          516    i.HardFault_Handler  stm32f4xx_it.o
    0x080026fc   0x080026fc   0x00000068   Code   RO          270    i.MX_ADC1_Init      adc.o
    0x08002764   0x08002764   0x00000034   Code   RO          315    i.MX_DAC_Init       dac.o
    0x08002798   0x08002798   0x00000048   Code   RO          156    i.MX_DMA_Init       dma.o
    0x080027e0   0x080027e0   0x00000028   Code   RO          183    i.MX_GPIO_Init      gpio.o
    0x08002808   0x08002808   0x000000d0   Code   RO          231    i.MX_TIM1_Init      pwm.o
    0x080028d8   0x080028d8   0x00000084   Code   RO          361    i.MX_TIM3_Init      timer.o
    0x0800295c   0x0800295c   0x00000030   Code   RO            4    i.MX_USART1_UART_Init  uart.o
    0x0800298c   0x0800298c   0x00000004   Code   RO          517    i.MemManage_Handler  stm32f4xx_it.o
    0x08002990   0x08002990   0x00000002   Code   RO          518    i.NMI_Handler       stm32f4xx_it.o
    0x08002992   0x08002992   0x00000002   Code   RO          519    i.PendSV_Handler    stm32f4xx_it.o
    0x08002994   0x08002994   0x00000002   Code   RO          520    i.SVC_Handler       stm32f4xx_it.o
    0x08002996   0x08002996   0x00000008   Code   RO          521    i.SysTick_Handler   stm32f4xx_it.o
    0x0800299e   0x0800299e   0x00000002   PAD
    0x080029a0   0x080029a0   0x00000098   Code   RO          207    i.SystemClock_Config  rcc.o
    0x08002a38   0x08002a38   0x00000064   Code   RO         4034    i.SystemInit        system_stm32f4xx.o
    0x08002a9c   0x08002a9c   0x00000010   Code   RO          522    i.TIM3_IRQHandler   stm32f4xx_it.o
    0x08002aac   0x08002aac   0x000000d8   Code   RO         2737    i.TIM_Base_SetConfig  stm32f4xx_hal_tim.o
    0x08002b84   0x08002b84   0x00000022   Code   RO         2738    i.TIM_CCxChannelCmd  stm32f4xx_hal_tim.o
    0x08002ba6   0x08002ba6   0x00000016   Code   RO         2748    i.TIM_ETR_SetConfig  stm32f4xx_hal_tim.o
    0x08002bbc   0x08002bbc   0x00000012   Code   RO         2749    i.TIM_ITRx_SetConfig  stm32f4xx_hal_tim.o
    0x08002bce   0x08002bce   0x00000002   PAD
    0x08002bd0   0x08002bd0   0x00000070   Code   RO         2750    i.TIM_OC1_SetConfig  stm32f4xx_hal_tim.o
    0x08002c40   0x08002c40   0x0000007c   Code   RO         2751    i.TIM_OC2_SetConfig  stm32f4xx_hal_tim.o
    0x08002cbc   0x08002cbc   0x00000078   Code   RO         2752    i.TIM_OC3_SetConfig  stm32f4xx_hal_tim.o
    0x08002d34   0x08002d34   0x00000054   Code   RO         2753    i.TIM_OC4_SetConfig  stm32f4xx_hal_tim.o
    0x08002d88   0x08002d88   0x00000026   Code   RO         2755    i.TIM_TI1_ConfigInputStage  stm32f4xx_hal_tim.o
    0x08002dae   0x08002dae   0x00000002   PAD
    0x08002db0   0x08002db0   0x00000090   Code   RO         2756    i.TIM_TI1_SetConfig  stm32f4xx_hal_tim.o
    0x08002e40   0x08002e40   0x00000028   Code   RO         2757    i.TIM_TI2_ConfigInputStage  stm32f4xx_hal_tim.o
    0x08002e68   0x08002e68   0x0000003a   Code   RO         2758    i.TIM_TI2_SetConfig  stm32f4xx_hal_tim.o
    0x08002ea2   0x08002ea2   0x00000038   Code   RO         2759    i.TIM_TI3_SetConfig  stm32f4xx_hal_tim.o
    0x08002eda   0x08002eda   0x0000003c   Code   RO         2760    i.TIM_TI4_SetConfig  stm32f4xx_hal_tim.o
    0x08002f16   0x08002f16   0x00000002   PAD
    0x08002f18   0x08002f18   0x00000368   Code   RO         3638    i.UART_SetConfig    stm32f4xx_hal_uart.o
    0x08003280   0x08003280   0x00000018   Code   RO          611    i.USART1_Control    usart_stm32f4xx.o
    0x08003298   0x08003298   0x00000010   Code   RO          612    i.USART1_GetCapabilities  usart_stm32f4xx.o
    0x080032a8   0x080032a8   0x00000010   Code   RO          613    i.USART1_GetModemStatus  usart_stm32f4xx.o
    0x080032b8   0x080032b8   0x00000010   Code   RO          614    i.USART1_GetRxCount  usart_stm32f4xx.o
    0x080032c8   0x080032c8   0x00000010   Code   RO          615    i.USART1_GetStatus  usart_stm32f4xx.o
    0x080032d8   0x080032d8   0x00000010   Code   RO          616    i.USART1_GetTxCount  usart_stm32f4xx.o
    0x080032e8   0x080032e8   0x00000010   Code   RO          617    i.USART1_IRQHandler  usart_stm32f4xx.o
    0x080032f8   0x080032f8   0x00000014   Code   RO          618    i.USART1_Initialize  usart_stm32f4xx.o
    0x0800330c   0x0800330c   0x00000014   Code   RO          619    i.USART1_PowerControl  usart_stm32f4xx.o
    0x08003320   0x08003320   0x00000010   Code   RO          620    i.USART1_RX_DMA_Complete  usart_stm32f4xx.o
    0x08003330   0x08003330   0x00000018   Code   RO          621    i.USART1_Receive    usart_stm32f4xx.o
    0x08003348   0x08003348   0x00000018   Code   RO          622    i.USART1_Send       usart_stm32f4xx.o
    0x08003360   0x08003360   0x00000014   Code   RO          623    i.USART1_SetModemControl  usart_stm32f4xx.o
    0x08003374   0x08003374   0x00000010   Code   RO          624    i.USART1_TX_DMA_Complete  usart_stm32f4xx.o
    0x08003384   0x08003384   0x0000001c   Code   RO          625    i.USART1_Transfer   usart_stm32f4xx.o
    0x080033a0   0x080033a0   0x00000010   Code   RO          626    i.USART1_Uninitialize  usart_stm32f4xx.o
    0x080033b0   0x080033b0   0x0000091c   Code   RO          627    i.USART_Control     usart_stm32f4xx.o
    0x08003ccc   0x08003ccc   0x00000006   Code   RO          628    i.USART_GetCapabilities  usart_stm32f4xx.o
    0x08003cd2   0x08003cd2   0x0000008c   Code   RO          629    i.USART_GetModemStatus  usart_stm32f4xx.o
    0x08003d5e   0x08003d5e   0x0000001c   Code   RO          630    i.USART_GetRxCount  usart_stm32f4xx.o
    0x08003d7a   0x08003d7a   0x000000d4   Code   RO          631    i.USART_GetStatus   usart_stm32f4xx.o
    0x08003e4e   0x08003e4e   0x0000001c   Code   RO          632    i.USART_GetTxCount  usart_stm32f4xx.o
    0x08003e6a   0x08003e6a   0x00000272   Code   RO          633    i.USART_IRQHandler  usart_stm32f4xx.o
    0x080040dc   0x080040dc   0x00000072   Code   RO          634    i.USART_Initialize  usart_stm32f4xx.o
    0x0800414e   0x0800414e   0x00000002   PAD
    0x08004150   0x08004150   0x0000019c   Code   RO          635    i.USART_PeripheralReset  usart_stm32f4xx.o
    0x080042ec   0x080042ec   0x00000104   Code   RO          636    i.USART_PowerControl  usart_stm32f4xx.o
    0x080043f0   0x080043f0   0x00000084   Code   RO          637    i.USART_RX_DMA_Complete  usart_stm32f4xx.o
    0x08004474   0x08004474   0x00000146   Code   RO          638    i.USART_Receive     usart_stm32f4xx.o
    0x080045ba   0x080045ba   0x00000118   Code   RO          639    i.USART_Send        usart_stm32f4xx.o
    0x080046d2   0x080046d2   0x0000008c   Code   RO          640    i.USART_SetModemControl  usart_stm32f4xx.o
    0x0800475e   0x0800475e   0x0000004c   Code   RO          641    i.USART_TX_DMA_Complete  usart_stm32f4xx.o
    0x080047aa   0x080047aa   0x0000006a   Code   RO          642    i.USART_Transfer    usart_stm32f4xx.o
    0x08004814   0x08004814   0x0000001a   Code   RO          643    i.USART_Uninitialize  usart_stm32f4xx.o
    0x0800482e   0x0800482e   0x00000002   PAD
    0x08004830   0x08004830   0x00000010   Code   RO          644    i.USARTx_GetVersion  usart_stm32f4xx.o
    0x08004840   0x08004840   0x00000004   Code   RO          523    i.UsageFault_Handler  stm32f4xx_it.o
    0x08004844   0x08004844   0x00000010   Code   RO         1405    i.__NVIC_GetPriorityGrouping  stm32f4xx_hal_cortex.o
    0x08004854   0x08004854   0x00000028   Code   RO         1406    i.__NVIC_SetPriority  stm32f4xx_hal_cortex.o
    0x0800487c   0x0800487c   0x0000004c   Code   RO          362    i.getTime           timer.o
    0x080048c8   0x080048c8   0x00000048   Code   RO          449    i.main              main.o
    0x08004910   0x08004910   0x00000010   Code   RO          317    i.startDAC          dac.o
    0x08004920   0x08004920   0x00000010   Code   RO          232    i.startPWM          pwm.o
    0x08004930   0x08004930   0x0000001c   Code   RO          363    i.startTimer        timer.o
    0x0800494c   0x0800494c   0x0000000a   Code   RO         4207    x$fpl$fpinit        fz_wm.l(fpinit.o)
    0x08004956   0x08004956   0x00000002   PAD
    0x08004958   0x08004958   0x0000001e   Data   RO          451    .constdata          main.o
    0x08004976   0x08004976   0x00000002   PAD
    0x08004978   0x08004978   0x000000a0   Data   RO          646    .constdata          usart_stm32f4xx.o
    0x08004a18   0x08004a18   0x00000008   Data   RO         1767    .constdata          stm32f4xx_hal_dma.o
    0x08004a20   0x08004a20   0x00000018   Data   RO         4035    .constdata          system_stm32f4xx.o
    0x08004a38   0x08004a38   0x00000020   Data   RO         4263    Region$$Table       anon$$obj.o


    Execution Region RW_IRAM1 (Exec base: 0x20000000, Load base: 0x08004a58, Size: 0x00000890, Max: 0x00030000, ABSOLUTE)

    Exec Addr    Load Addr    Size         Type   Attr      Idx    E Section Name        Object

    0x20000000   0x08004a58   0x0000000c   Data   RW          365    .data               timer.o
    0x2000000c   0x08004a64   0x00000009   Data   RW          946    .data               stm32f4xx_hal.o
    0x20000015   0x08004a6d   0x00000003   PAD
    0x20000018   0x08004a70   0x00000004   Data   RW         4036    .data               system_stm32f4xx.o
    0x2000001c        -       0x00000040   Zero   RW            7    .bss                uart.o
    0x2000005c        -       0x000000c0   Zero   RW          157    .bss                dma.o
    0x2000011c        -       0x00000040   Zero   RW          234    .bss                pwm.o
    0x2000015c        -       0x00000048   Zero   RW          274    .bss                adc.o
    0x200001a4        -       0x00000014   Zero   RW          319    .bss                dac.o
    0x200001b8        -       0x00000040   Zero   RW          364    .bss                timer.o
    0x200001f8        -       0x00000038   Zero   RW          645    .bss                usart_stm32f4xx.o
    0x20000230        -       0x00000060   Zero   RW         4137    .bss                c_w.l(libspace.o)
    0x20000290        -       0x00000200   Zero   RW         4024    HEAP                startup_stm32f429xx.o
    0x20000490        -       0x00000400   Zero   RW         4023    STACK               startup_stm32f429xx.o


==============================================================================

Image component sizes


      Code (inc. data)   RO Data    RW Data    ZI Data      Debug   Object Name

       104         14          0          0         72        711   adc.o
        68         12          0          0         20       1136   dac.o
        72          4          0          0        192       1138   dma.o
        40          4          0          0          0        875   gpio.o
        74          4         30          0          0       1147   main.o
       224         12          0          0         64       1358   pwm.o
       152         10          0          0          0       1069   rcc.o
        64         26        428          0       1536        868   startup_stm32f429xx.o
       172         32          0          9          0       4501   stm32f4xx_hal.o
       876         32          0          0          0       3247   stm32f4xx_hal_adc.o
       312         22          0          0          0      35035   stm32f4xx_hal_cortex.o
       270          0          0          0          0       3275   stm32f4xx_hal_dac.o
      1518         16          8          0          0       8008   stm32f4xx_hal_dma.o
       982        106          0          0          0       5833   stm32f4xx_hal_gpio.o
       948         96          0          0          0       6391   stm32f4xx_hal_msp.o
      1732         84          0          0          0       6260   stm32f4xx_hal_rcc.o
      2744        120          0          0          0      25352   stm32f4xx_hal_tim.o
       204          0          0          0          0       3825   stm32f4xx_hal_tim_ex.o
       986          8          0          0          0       2220   stm32f4xx_hal_uart.o
        90         18          0          0          0       7075   stm32f4xx_it.o
       100         18         24          4          0       1507   system_stm32f4xx.o
       268         36          0         12         64       2791   timer.o
        48          8          0          0         64     776727   uart.o
      5564        164        160          0         56      37278   usart_stm32f4xx.o

    ----------------------------------------------------------------------
     17636        846        684         28       2068     937627   Object Totals
         0          0         32          0          0          0   (incl. Generated)
        24          0          2          3          0          0   (incl. Padding)

    ----------------------------------------------------------------------

      Code (inc. data)   RO Data    RW Data    ZI Data      Debug   Library Member Name

         8          0          0          0          0         68   __main.o
         0          0          0          0          0          0   __rtentry.o
        12          0          0          0          0          0   __rtentry2.o
         6          0          0          0          0          0   __rtentry4.o
        52          8          0          0          0          0   __scatter.o
        26          0          0          0          0          0   __scatter_copy.o
        28          0          0          0          0          0   __scatter_zi.o
        18          0          0          0          0         80   exit.o
         6          0          0          0          0        152   heapauxi.o
         0          0          0          0          0          0   indicate_semi.o
         2          0          0          0          0          0   libinit.o
         6          0          0          0          0          0   libinit2.o
         2          0          0          0          0          0   libshutdown.o
         2          0          0          0          0          0   libshutdown2.o
         8          4          0          0         96         68   libspace.o
       238          0          0          0          0        100   lludivv7m.o
        78          0          0          0          0         80   rt_memclr_w.o
       100          0          0          0          0         80   rt_memcpy_w.o
         2          0          0          0          0          0   rtexit.o
        10          0          0          0          0          0   rtexit2.o
        12          4          0          0          0         68   sys_exit.o
        74          0          0          0          0         80   sys_stackheap_outer.o
         2          0          0          0          0         68   use_no_semi.o
        10          0          0          0          0        116   fpinit.o

    ----------------------------------------------------------------------
       712         16          0          0         96        960   Library Totals
        10          0          0          0          0          0   (incl. Padding)

    ----------------------------------------------------------------------

      Code (inc. data)   RO Data    RW Data    ZI Data      Debug   Library Name

       692         16          0          0         96        844   c_w.l
        10          0          0          0          0        116   fz_wm.l

    ----------------------------------------------------------------------
       712         16          0          0         96        960   Library Totals

    ----------------------------------------------------------------------

==============================================================================


      Code (inc. data)   RO Data    RW Data    ZI Data      Debug   

     18348        862        684         28       2164     924775   Grand Totals
     18348        862        684         28       2164     924775   ELF Image Totals
     18348        862        684         28          0          0   ROM Totals

==============================================================================

    Total RO  Size (Code + RO Data)                19032 (  18.59kB)
    Total RW  Size (RW Data + ZI Data)              2192 (   2.14kB)
    Total ROM Size (Code + RO Data + RW Data)      19060 (  18.61kB)

==============================================================================

