Component: ARM Compiler 5.06 update 6 (build 750) Tool: armlink [4d35ed]

==============================================================================

Section Cross References

    uart.o(i.MX_USART1_UART_Init) refers to stm32f4xx_hal_uart.o(i.HAL_UART_Init) for HAL_UART_Init
    uart.o(i.MX_USART1_UART_Init) refers to main.o(i.Error_Handler) for Error_Handler
    uart.o(i.MX_USART1_UART_Init) refers to uart.o(.bss) for huart1
    uart.o(i.uartReceive) refers to stm32f4xx_hal_uart.o(i.HAL_UART_Receive) for HAL_UART_Receive
    uart.o(i.uartReceive) refers to uart.o(.bss) for huart1
    uart.o(i.uartTransmit) refers to stm32f4xx_hal_uart.o(i.HAL_UART_Transmit) for HAL_UART_Transmit
    uart.o(i.uartTransmit) refers to uart.o(.bss) for huart1
    dma.o(i.MX_DMA_Init) refers to stm32f4xx_hal_cortex.o(i.HAL_NVIC_SetPriority) for HAL_NVIC_SetPriority
    dma.o(i.MX_DMA_Init) refers to stm32f4xx_hal_cortex.o(i.HAL_NVIC_EnableIRQ) for HAL_NVIC_EnableIRQ
    rcc.o(i.SystemClock_Config) refers to rt_memclr_w.o(.text) for __aeabi_memclr4
    rcc.o(i.SystemClock_Config) refers to stm32f4xx_hal_rcc.o(i.HAL_RCC_OscConfig) for HAL_RCC_OscConfig
    rcc.o(i.SystemClock_Config) refers to main.o(i.Error_Handler) for Error_Handler
    rcc.o(i.SystemClock_Config) refers to stm32f4xx_hal_rcc.o(i.HAL_RCC_ClockConfig) for HAL_RCC_ClockConfig
    pwm.o(i.MX_TIM1_Init) refers to rt_memclr_w.o(.text) for __aeabi_memclr4
    pwm.o(i.MX_TIM1_Init) refers to stm32f4xx_hal_tim.o(i.HAL_TIM_Base_Init) for HAL_TIM_Base_Init
    pwm.o(i.MX_TIM1_Init) refers to main.o(i.Error_Handler) for Error_Handler
    pwm.o(i.MX_TIM1_Init) refers to stm32f4xx_hal_tim.o(i.HAL_TIM_ConfigClockSource) for HAL_TIM_ConfigClockSource
    pwm.o(i.MX_TIM1_Init) refers to stm32f4xx_hal_tim.o(i.HAL_TIM_PWM_Init) for HAL_TIM_PWM_Init
    pwm.o(i.MX_TIM1_Init) refers to stm32f4xx_hal_tim_ex.o(i.HAL_TIMEx_MasterConfigSynchronization) for HAL_TIMEx_MasterConfigSynchronization
    pwm.o(i.MX_TIM1_Init) refers to stm32f4xx_hal_tim.o(i.HAL_TIM_PWM_ConfigChannel) for HAL_TIM_PWM_ConfigChannel
    pwm.o(i.MX_TIM1_Init) refers to stm32f4xx_hal_tim_ex.o(i.HAL_TIMEx_ConfigBreakDeadTime) for HAL_TIMEx_ConfigBreakDeadTime
    pwm.o(i.MX_TIM1_Init) refers to stm32f4xx_hal_msp.o(i.HAL_TIM_MspPostInit) for HAL_TIM_MspPostInit
    pwm.o(i.MX_TIM1_Init) refers to pwm.o(.bss) for htim1
    pwm.o(i.startPWM) refers to stm32f4xx_hal_tim.o(i.HAL_TIM_PWM_Start) for HAL_TIM_PWM_Start
    pwm.o(i.startPWM) refers to pwm.o(.bss) for htim1
    pwm.o(i.stopPWM) refers to stm32f4xx_hal_tim.o(i.HAL_TIM_PWM_Stop) for HAL_TIM_PWM_Stop
    pwm.o(i.stopPWM) refers to pwm.o(.bss) for htim1
    adc.o(i.MX_ADC1_Init) refers to stm32f4xx_hal_adc.o(i.HAL_ADC_Init) for HAL_ADC_Init
    adc.o(i.MX_ADC1_Init) refers to main.o(i.Error_Handler) for Error_Handler
    adc.o(i.MX_ADC1_Init) refers to stm32f4xx_hal_adc.o(i.HAL_ADC_ConfigChannel) for HAL_ADC_ConfigChannel
    adc.o(i.MX_ADC1_Init) refers to adc.o(.bss) for hadc1
    adc.o(i.getValueADC) refers to adc.o(i.startADC) for startADC
    adc.o(i.getValueADC) refers to stm32f4xx_hal_adc.o(i.HAL_ADC_PollForConversion) for HAL_ADC_PollForConversion
    adc.o(i.getValueADC) refers to stm32f4xx_hal_adc.o(i.HAL_ADC_GetValue) for HAL_ADC_GetValue
    adc.o(i.getValueADC) refers to adc.o(i.stopADC) for stopADC
    adc.o(i.getValueADC) refers to adc.o(.bss) for hadc1
    adc.o(i.startADC) refers to stm32f4xx_hal_adc.o(i.HAL_ADC_Start) for HAL_ADC_Start
    adc.o(i.startADC) refers to adc.o(.bss) for hadc1
    adc.o(i.stopADC) refers to stm32f4xx_hal_adc.o(i.HAL_ADC_Stop) for HAL_ADC_Stop
    adc.o(i.stopADC) refers to adc.o(.bss) for hadc1
    dac.o(i.MX_DAC_Init) refers to stm32f4xx_hal_dac.o(i.HAL_DAC_Init) for HAL_DAC_Init
    dac.o(i.MX_DAC_Init) refers to main.o(i.Error_Handler) for Error_Handler
    dac.o(i.MX_DAC_Init) refers to stm32f4xx_hal_dac.o(i.HAL_DAC_ConfigChannel) for HAL_DAC_ConfigChannel
    dac.o(i.MX_DAC_Init) refers to dac.o(.bss) for hdac
    dac.o(i.setValue) refers to f2d.o(x$fpl$f2d) for __aeabi_f2d
    dac.o(i.setValue) refers to ddiv.o(x$fpl$ddiv) for __aeabi_ddiv
    dac.o(i.setValue) refers to dmul.o(x$fpl$dmul) for __aeabi_dmul
    dac.o(i.setValue) refers to dfixu.o(x$fpl$dfixu) for __aeabi_d2uiz
    dac.o(i.setValue) refers to stm32f4xx_hal_dac.o(i.HAL_DAC_SetValue) for HAL_DAC_SetValue
    dac.o(i.setValue) refers to dac.o(.bss) for hdac
    dac.o(i.startDAC) refers to stm32f4xx_hal_dac.o(i.HAL_DAC_Start) for HAL_DAC_Start
    dac.o(i.startDAC) refers to dac.o(.bss) for hdac
    dac.o(i.stopDAC) refers to stm32f4xx_hal_dac.o(i.HAL_DAC_Stop) for HAL_DAC_Stop
    dac.o(i.stopDAC) refers to dac.o(.bss) for hdac
    main.o(i.main) refers to stm32f4xx_hal.o(i.HAL_Init) for HAL_Init
    main.o(i.main) refers to rcc.o(i.SystemClock_Config) for SystemClock_Config
    main.o(i.main) refers to gpio.o(i.MX_GPIO_Init) for MX_GPIO_Init
    main.o(i.main) refers to dma.o(i.MX_DMA_Init) for MX_DMA_Init
[...]
    .ARM.Collect$$libinit$$0000000C          0x08000226   Section        0  libinit2.o(.ARM.Collect$$libinit$$0000000C)
    .ARM.Collect$$libinit$$0000000E          0x08000226   Section        0  libinit2.o(.ARM.Collect$$libinit$$0000000E)
    .ARM.Collect$$libinit$$00000011          0x08000226   Section        0  libinit2.o(.ARM.Collect$$libinit$$00000011)
    .ARM.Collect$$libinit$$00000013          0x08000226   Section        0  libinit2.o(.ARM.Collect$$libinit$$00000013)
    .ARM.Collect$$libinit$$00000015          0x08000226   Section        0  libinit2.o(.ARM.Collect$$libinit$$00000015)
    .ARM.Collect$$libinit$$00000017          0x08000226   Section        0  libinit2.o(.ARM.Collect$$libinit$$00000017)
    .ARM.Collect$$libinit$$00000019          0x08000226   Section        0  libinit2.o(.ARM.Collect$$libinit$$00000019)
    .ARM.Collect$$libinit$$0000001B          0x08000226   Section        0  libinit2.o(.ARM.Collect$$libinit$$0000001B)
    .ARM.Collect$$libinit$$0000001D          0x08000226   Section        0  libinit2.o(.ARM.Collect$$libinit$$0000001D)
    .ARM.Collect$$libinit$$0000001F          0x08000226   Section        0  libinit2.o(.ARM.Collect$$libinit$$0000001F)
    .ARM.Collect$$libinit$$00000021          0x08000226   Section        0  libinit2.o(.ARM.Collect$$libinit$$00000021)
    .ARM.Collect$$libinit$$00000023          0x08000226   Section        0  libinit2.o(.ARM.Collect$$libinit$$00000023)
    .ARM.Collect$$libinit$$00000025          0x08000226   Section        0  libinit2.o(.ARM.Collect$$libinit$$00000025)
    .ARM.Collect$$libinit$$0000002C          0x08000226   Section        0  libinit2.o(.ARM.Collect$$libinit$$0000002C)
    .ARM.Collect$$libinit$$0000002E          0x08000226   Section        0  libinit2.o(.ARM.Collect$$libinit$$0000002E)
    .ARM.Collect$$libinit$$00000030          0x08000226   Section        0  libinit2.o(.ARM.Collect$$libinit$$00000030)
    .ARM.Collect$$libinit$$00000032          0x08000226   Section        0  libinit2.o(.ARM.Collect$$libinit$$00000032)
    .ARM.Collect$$libinit$$00000033          0x08000226   Section        2  libinit2.o(.ARM.Collect$$libinit$$00000033)
    .ARM.Collect$$libshutdown$$00000000      0x08000228   Section        2  libshutdown.o(.ARM.Collect$$libshutdown$$00000000)
    .ARM.Collect$$libshutdown$$00000002      0x0800022a   Section        0  libshutdown2.o(.ARM.Collect$$libshutdown$$00000002)
    .ARM.Collect$$libshutdown$$00000004      0x0800022a   Section        0  libshutdown2.o(.ARM.Collect$$libshutdown$$00000004)
    .ARM.Collect$$libshutdown$$00000007      0x0800022a   Section        0  libshutdown2.o(.ARM.Collect$$libshutdown$$00000007)
    .ARM.Collect$$libshutdown$$0000000A      0x0800022a   Section        0  libshutdown2.o(.ARM.Collect$$libshutdown$$0000000A)
    .ARM.Collect$$libshutdown$$0000000C      0x0800022a   Section        0  libshutdown2.o(.ARM.Collect$$libshutdown$$0000000C)
    .ARM.Collect$$libshutdown$$0000000F      0x0800022a   Section        0  libshutdown2.o(.ARM.Collect$$libshutdown$$0000000F)
    .ARM.Collect$$libshutdown$$00000010      0x0800022a   Section        2  libshutdown2.o(.ARM.Collect$$libshutdown$$00000010)
    .ARM.Collect$$rtentry$$00000000          0x0800022c   Section        0  __rtentry.o(.ARM.Collect$$rtentry$$00000000)
    .ARM.Collect$$rtentry$$00000002          0x0800022c   Section        0  __rtentry2.o(.ARM.Collect$$rtentry$$00000002)
    .ARM.Collect$$rtentry$$00000004          0x0800022c   Section        6  __rtentry4.o(.ARM.Collect$$rtentry$$00000004)
    .ARM.Collect$$rtentry$$00000009          0x08000232   Section        0  __rtentry2.o(.ARM.Collect$$rtentry$$00000009)
    .ARM.Collect$$rtentry$$0000000A          0x08000232   Section        4  __rtentry2.o(.ARM.Collect$$rtentry$$0000000A)
    .ARM.Collect$$rtentry$$0000000C          0x08000236   Section        0  __rtentry2.o(.ARM.Collect$$rtentry$$0000000C)
    .ARM.Collect$$rtentry$$0000000D          0x08000236   Section        8  __rtentry2.o(.ARM.Collect$$rtentry$$0000000D)
    .ARM.Collect$$rtexit$$00000000           0x0800023e   Section        2  rtexit.o(.ARM.Collect$$rtexit$$00000000)
    .ARM.Collect$$rtexit$$00000002           0x08000240   Section        0  rtexit2.o(.ARM.Collect$$rtexit$$00000002)
    .ARM.Collect$$rtexit$$00000003           0x08000240   Section        4  rtexit2.o(.ARM.Collect$$rtexit$$00000003)
    .ARM.Collect$$rtexit$$00000004           0x08000244   Section        6  rtexit2.o(.ARM.Collect$$rtexit$$00000004)
    .text                                    0x0800024c   Section       64  startup_stm32f429xx.o(.text)
    $v0                                      0x0800024c   Number         0  startup_stm32f429xx.o(.text)
    .text                                    0x0800028c   Section      238  lludivv7m.o(.text)
    .text                                    0x0800037a   Section      100  rt_memcpy_w.o(.text)
    .text                                    0x080003de   Section       78  rt_memclr_w.o(.text)
    .text                                    0x0800042c   Section        0  heapauxi.o(.text)
    .text                                    0x08000432   Section       74  sys_stackheap_outer.o(.text)
    .text                                    0x0800047c   Section        0  exit.o(.text)
    .text                                    0x08000490   Section        8  libspace.o(.text)
    .text                                    0x08000498   Section        0  sys_exit.o(.text)
    .text                                    0x080004a4   Section        2  use_no_semi.o(.text)
    .text                                    0x080004a6   Section        0  indicate_semi.o(.text)
    i.ADC_Init                               0x080004a8   Section        0  stm32f4xx_hal_adc.o(i.ADC_Init)
    ADC_Init                                 0x080004a9   Thumb Code   344  stm32f4xx_hal_adc.o(i.ADC_Init)
    i.BusFault_Handler                       0x08000608   Section        0  stm32f4xx_it.o(i.BusFault_Handler)
    i.DMA2_Stream2_IRQHandler                0x0800060c   Section        0  stm32f4xx_it.o(i.DMA2_Stream2_IRQHandler)
    i.DMA2_Stream7_IRQHandler                0x0800061c   Section        0  stm32f4xx_it.o(i.DMA2_Stream7_IRQHandler)
    i.DMA_CalcBaseAndBitshift                0x0800062c   Section        0  stm32f4xx_hal_dma.o(i.DMA_CalcBaseAndBitshift)
    DMA_CalcBaseAndBitshift                  0x0800062d   Thumb Code    46  stm32f4xx_hal_dma.o(i.DMA_CalcBaseAndBitshift)
    i.DMA_CheckFifoParam                     0x08000660   Section        0  stm32f4xx_hal_dma.o(i.DMA_CheckFifoParam)
    DMA_CheckFifoParam                       0x08000661   Thumb Code   170  stm32f4xx_hal_dma.o(i.DMA_CheckFifoParam)
    i.DMA_SetConfig                          0x0800070a   Section        0  stm32f4xx_hal_dma.o(i.DMA_SetConfig)
    DMA_SetConfig                            0x0800070b   Thumb Code    44  stm32f4xx_hal_dma.o(i.DMA_SetConfig)
    i.DebugMon_Handler                       0x08000736   Section        0  stm32f4xx_it.o(i.DebugMon_Handler)
    i.Error_Handler                          0x08000738   Section        0  main.o(i.Error_Handler)
    i.HAL_ADC_ConfigChannel                  0x0800073c   Section        0  stm32f4xx_hal_adc.o(i.HAL_ADC_ConfigChannel)
    i.HAL_ADC_GetValue                       0x080008e0   Section        0  stm32f4xx_hal_adc.o(i.HAL_ADC_GetValue)
    i.HAL_ADC_Init                           0x080008e8   Section        0  stm32f4xx_hal_adc.o(i.HAL_ADC_Init)
    i.HAL_ADC_MspInit                        0x08000950   Section        0  stm32f4xx_hal_msp.o(i.HAL_ADC_MspInit)
    i.HAL_ADC_PollForConversion              0x080009d0   Section        0  stm32f4xx_hal_adc.o(i.HAL_ADC_PollForConversion)
    i.HAL_ADC_Start                          0x08000a94   Section        0  stm32f4xx_hal_adc.o(i.HAL_ADC_Start)
    i.HAL_ADC_Stop                           0x08000bd0   Section        0  stm32f4xx_hal_adc.o(i.HAL_ADC_Stop)
    i.HAL_DAC_ConfigChannel                  0x08000c18   Section        0  stm32f4xx_hal_dac.o(i.HAL_DAC_ConfigChannel)
    i.HAL_DAC_GetValue                       0x08000c72   Section        0  stm32f4xx_hal_dac.o(i.HAL_DAC_GetValue)
    i.HAL_DAC_Init                           0x08000c82   Section        0  stm32f4xx_hal_dac.o(i.HAL_DAC_Init)
    i.HAL_DAC_MspInit                        0x08000cac   Section        0  stm32f4xx_hal_msp.o(i.HAL_DAC_MspInit)
    i.HAL_DAC_SetValue                       0x08000d2c   Section        0  stm32f4xx_hal_dac.o(i.HAL_DAC_SetValue)
    i.HAL_DAC_Start                          0x08000d58   Section        0  stm32f4xx_hal_dac.o(i.HAL_DAC_Start)
    i.HAL_DAC_Stop                           0x08000de4   Section        0  stm32f4xx_hal_dac.o(i.HAL_DAC_Stop)
    i.HAL_DMA_Abort                          0x08000dfc   Section        0  stm32f4xx_hal_dma.o(i.HAL_DMA_Abort)
    i.HAL_DMA_DeInit                         0x08000ea6   Section        0  stm32f4xx_hal_dma.o(i.HAL_DMA_DeInit)
    i.HAL_DMA_IRQHandler                     0x08000f18   Section        0  stm32f4xx_hal_dma.o(i.HAL_DMA_IRQHandler)
    i.HAL_DMA_Init                           0x08001158   Section        0  stm32f4xx_hal_dma.o(i.HAL_DMA_Init)
    i.HAL_DMA_Start_IT                       0x08001244   Section        0  stm32f4xx_hal_dma.o(i.HAL_DMA_Start_IT)
    i.HAL_GPIO_DeInit                        0x080012e4   Section        0  stm32f4xx_hal_gpio.o(i.HAL_GPIO_DeInit)
    i.HAL_GPIO_Init                          0x08001464   Section        0  stm32f4xx_hal_gpio.o(i.HAL_GPIO_Init)
    i.HAL_GPIO_ReadPin                       0x08001680   Section        0  stm32f4xx_hal_gpio.o(i.HAL_GPIO_ReadPin)
    i.HAL_GPIO_WritePin                      0x08001690   Section        0  stm32f4xx_hal_gpio.o(i.HAL_GPIO_WritePin)
    i.HAL_GetTick                            0x0800169c   Section        0  stm32f4xx_hal.o(i.HAL_GetTick)
    i.HAL_IncTick                            0x080016a8   Section        0  stm32f4xx_hal.o(i.HAL_IncTick)
    i.HAL_Init                               0x080016c0   Section        0  stm32f4xx_hal.o(i.HAL_Init)
    i.HAL_InitTick                           0x080016fc   Section        0  stm32f4xx_hal.o(i.HAL_InitTick)
    i.HAL_MspInit                            0x08001748   Section        0  stm32f4xx_hal_msp.o(i.HAL_MspInit)
    i.HAL_NVIC_EnableIRQ                     0x08001790   Section        0  stm32f4xx_hal_cortex.o(i.HAL_NVIC_EnableIRQ)
    i.HAL_NVIC_SetPriority                   0x080017b8   Section        0  stm32f4xx_hal_cortex.o(i.HAL_NVIC_SetPriority)
    i.HAL_NVIC_SetPriorityGrouping           0x08001834   Section        0  stm32f4xx_hal_cortex.o(i.HAL_NVIC_SetPriorityGrouping)
    i.HAL_RCC_ClockConfig                    0x0800185c   Section        0  stm32f4xx_hal_rcc.o(i.HAL_RCC_ClockConfig)
    i.HAL_RCC_GetHCLKFreq                    0x080019dc   Section        0  stm32f4xx_hal_rcc.o(i.HAL_RCC_GetHCLKFreq)
    i.HAL_RCC_GetPCLK1Freq                   0x080019e8   Section        0  stm32f4xx_hal_rcc.o(i.HAL_RCC_GetPCLK1Freq)
    i.HAL_RCC_GetPCLK2Freq                   0x08001a08   Section        0  stm32f4xx_hal_rcc.o(i.HAL_RCC_GetPCLK2Freq)
    i.HAL_RCC_GetSysClockFreq                0x08001a28   Section        0  stm32f4xx_hal_rcc.o(i.HAL_RCC_GetSysClockFreq)
    i.HAL_RCC_OscConfig                      0x08001ad8   Section        0  stm32f4xx_hal_rcc.o(i.HAL_RCC_OscConfig)
    i.HAL_SYSTICK_Config                     0x08001f20   Section        0  stm32f4xx_hal_cortex.o(i.HAL_SYSTICK_Config)
    i.HAL_TIMEx_ConfigBreakDeadTime          0x08001f54   Section        0  stm32f4xx_hal_tim_ex.o(i.HAL_TIMEx_ConfigBreakDeadTime)
    i.HAL_TIMEx_MasterConfigSynchronization  0x08001fc8   Section        0  stm32f4xx_hal_tim_ex.o(i.HAL_TIMEx_MasterConfigSynchronization)
    i.HAL_TIM_Base_Init                      0x0800201c   Section        0  stm32f4xx_hal_tim.o(i.HAL_TIM_Base_Init)
    i.HAL_TIM_Base_MspInit                   0x08002050   Section        0  stm32f4xx_hal_msp.o(i.HAL_TIM_Base_MspInit)
    i.HAL_TIM_ConfigClockSource              0x08002084   Section        0  stm32f4xx_hal_tim.o(i.HAL_TIM_ConfigClockSource)
    i.HAL_TIM_MspPostInit                    0x0800218c   Section        0  stm32f4xx_hal_msp.o(i.HAL_TIM_MspPostInit)
    i.HAL_TIM_PWM_ConfigChannel              0x080021ec   Section        0  stm32f4xx_hal_tim.o(i.HAL_TIM_PWM_ConfigChannel)
    i.HAL_TIM_PWM_Init                       0x080022f4   Section        0  stm32f4xx_hal_tim.o(i.HAL_TIM_PWM_Init)
    i.HAL_TIM_PWM_MspInit                    0x08002328   Section        0  stm32f4xx_hal_tim.o(i.HAL_TIM_PWM_MspInit)
    i.HAL_TIM_PWM_Start                      0x0800232c   Section        0  stm32f4xx_hal_tim.o(i.HAL_TIM_PWM_Start)
    i.HAL_UART_Init                          0x08002384   Section        0  stm32f4xx_hal_uart.o(i.HAL_UART_Init)
    i.HAL_UART_MspDeInit                     0x080023f8   Section        0  stm32f4xx_hal_msp.o(i.HAL_UART_MspDeInit)
    i.HAL_UART_MspInit                       0x08002434   Section        0  stm32f4xx_hal_msp.o(i.HAL_UART_MspInit)
    i.HardFault_Handler                      0x08002540   Section        0  stm32f4xx_it.o(i.HardFault_Handler)
    i.MX_ADC1_Init                           0x08002544   Section        0  adc.o(i.MX_ADC1_Init)
    i.MX_DAC_Init                            0x080025b8   Section        0  dac.o(i.MX_DAC_Init)
    i.MX_DMA_Init                            0x080025f4   Section        0  dma.o(i.MX_DMA_Init)
    i.MX_GPIO_Init                           0x0800263c   Section        0  gpio.o(i.MX_GPIO_Init)
    i.MX_TIM1_Init                           0x08002664   Section        0  pwm.o(i.MX_TIM1_Init)
    i.MX_USART1_UART_Init                    0x0800273c   Section        0  uart.o(i.MX_USART1_UART_Init)
    i.MemManage_Handler                      0x08002774   Section        0  stm32f4xx_it.o(i.MemManage_Handler)
    i.NMI_Handler                            0x08002778   Section        0  stm32f4xx_it.o(i.NMI_Handler)
    i.PendSV_Handler                         0x0800277a   Section        0  stm32f4xx_it.o(i.PendSV_Handler)
    i.SVC_Handler                            0x0800277c   Section        0  stm32f4xx_it.o(i.SVC_Handler)
    i.SysTick_Handler                        0x0800277e   Section        0  stm32f4xx_it.o(i.SysTick_Handler)
    i.SystemClock_Config                     0x08002788   Section        0  rcc.o(i.SystemClock_Config)
    i.SystemInit                             0x08002824   Section        0  system_stm32f4xx.o(i.SystemInit)
    i.TIM_Base_SetConfig                     0x08002888   Section        0  stm32f4xx_hal_tim.o(i.TIM_Base_SetConfig)
    i.TIM_CCxChannelCmd                      0x08002960   Section        0  stm32f4xx_hal_tim.o(i.TIM_CCxChannelCmd)
    i.TIM_ETR_SetConfig                      0x08002982   Section        0  stm32f4xx_hal_tim.o(i.TIM_ETR_SetConfig)
    i.TIM_ITRx_SetConfig                     0x08002998   Section        0  stm32f4xx_hal_tim.o(i.TIM_ITRx_SetConfig)
    TIM_ITRx_SetConfig                       0x08002999   Thumb Code    18  stm32f4xx_hal_tim.o(i.TIM_ITRx_SetConfig)
    i.TIM_OC1_SetConfig                      0x080029ac   Section        0  stm32f4xx_hal_tim.o(i.TIM_OC1_SetConfig)
    TIM_OC1_SetConfig                        0x080029ad   Thumb Code   104  stm32f4xx_hal_tim.o(i.TIM_OC1_SetConfig)
    i.TIM_OC2_SetConfig                      0x08002a1c   Section        0  stm32f4xx_hal_tim.o(i.TIM_OC2_SetConfig)
    i.TIM_OC3_SetConfig                      0x08002a98   Section        0  stm32f4xx_hal_tim.o(i.TIM_OC3_SetConfig)
    TIM_OC3_SetConfig                        0x08002a99   Thumb Code   112  stm32f4xx_hal_tim.o(i.TIM_OC3_SetConfig)
    i.TIM_OC4_SetConfig                      0x08002b10   Section        0  stm32f4xx_hal_tim.o(i.TIM_OC4_SetConfig)
    TIM_OC4_SetConfig                        0x08002b11   Thumb Code    74  stm32f4xx_hal_tim.o(i.TIM_OC4_SetConfig)
    i.TIM_TI1_ConfigInputStage               0x08002b64   Section        0  stm32f4xx_hal_tim.o(i.TIM_TI1_ConfigInputStage)
    TIM_TI1_ConfigInputStage                 0x08002b65   Thumb Code    38  stm32f4xx_hal_tim.o(i.TIM_TI1_ConfigInputStage)
    i.TIM_TI2_ConfigInputStage               0x08002b8a   Section        0  stm32f4xx_hal_tim.o(i.TIM_TI2_ConfigInputStage)
    TIM_TI2_ConfigInputStage                 0x08002b8b   Thumb Code    40  stm32f4xx_hal_tim.o(i.TIM_TI2_ConfigInputStage)
    i.UART_SetConfig                         0x08002bb4   Section        0  stm32f4xx_hal_uart.o(i.UART_SetConfig)
    UART_SetConfig                           0x08002bb5   Thumb Code   864  stm32f4xx_hal_uart.o(i.UART_SetConfig)
    i.USART1_Control                         0x08002f1c   Section        0  usart_stm32f4xx.o(i.USART1_Control)
    USART1_Control                           0x08002f1d   Thumb Code    18  usart_stm32f4xx.o(i.USART1_Control)
    i.USART1_GetCapabilities                 0x08002f34   Section        0  usart_stm32f4xx.o(i.USART1_GetCapabilities)
    USART1_GetCapabilities                   0x08002f35   Thumb Code    12  usart_stm32f4xx.o(i.USART1_GetCapabilities)
    i.USART1_GetModemStatus                  0x08002f44   Section        0  usart_stm32f4xx.o(i.USART1_GetModemStatus)
    USART1_GetModemStatus                    0x08002f45   Thumb Code    12  usart_stm32f4xx.o(i.USART1_GetModemStatus)
    i.USART1_GetRxCount                      0x08002f54   Section        0  usart_stm32f4xx.o(i.USART1_GetRxCount)
    USART1_GetRxCount                        0x08002f55   Thumb Code    10  usart_stm32f4xx.o(i.USART1_GetRxCount)
    i.USART1_GetStatus                       0x08002f64   Section        0  usart_stm32f4xx.o(i.USART1_GetStatus)
    USART1_GetStatus                         0x08002f65   Thumb Code    12  usart_stm32f4xx.o(i.USART1_GetStatus)
    i.USART1_GetTxCount                      0x08002f74   Section        0  usart_stm32f4xx.o(i.USART1_GetTxCount)
    USART1_GetTxCount                        0x08002f75   Thumb Code    10  usart_stm32f4xx.o(i.USART1_GetTxCount)
    i.USART1_IRQHandler                      0x08002f84   Section        0  usart_stm32f4xx.o(i.USART1_IRQHandler)
    i.USART1_Initialize                      0x08002f94   Section        0  usart_stm32f4xx.o(i.USART1_Initialize)
    USART1_Initialize                        0x08002f95   Thumb Code    14  usart_stm32f4xx.o(i.USART1_Initialize)
    i.USART1_PowerControl                    0x08002fa8   Section        0  usart_stm32f4xx.o(i.USART1_PowerControl)
    USART1_PowerControl                      0x08002fa9   Thumb Code    14  usart_stm32f4xx.o(i.USART1_PowerControl)
    i.USART1_RX_DMA_Complete                 0x08002fbc   Section        0  usart_stm32f4xx.o(i.USART1_RX_DMA_Complete)
    USART1_RX_DMA_Complete                   0x08002fbd   Thumb Code    12  usart_stm32f4xx.o(i.USART1_RX_DMA_Complete)
    i.USART1_Receive                         0x08002fcc   Section        0  usart_stm32f4xx.o(i.USART1_Receive)
    USART1_Receive                           0x08002fcd   Thumb Code    18  usart_stm32f4xx.o(i.USART1_Receive)
    i.USART1_Send                            0x08002fe4   Section        0  usart_stm32f4xx.o(i.USART1_Send)
    USART1_Send                              0x08002fe5   Thumb Code    18  usart_stm32f4xx.o(i.USART1_Send)
    i.USART1_SetModemControl                 0x08002ffc   Section        0  usart_stm32f4xx.o(i.USART1_SetModemControl)
    USART1_SetModemControl                   0x08002ffd   Thumb Code    14  usart_stm32f4xx.o(i.USART1_SetModemControl)
    i.USART1_TX_DMA_Complete                 0x08003010   Section        0  usart_stm32f4xx.o(i.USART1_TX_DMA_Complete)
    USART1_TX_DMA_Complete                   0x08003011   Thumb Code    12  usart_stm32f4xx.o(i.USART1_TX_DMA_Complete)
    i.USART1_Transfer                        0x08003020   Section        0  usart_stm32f4xx.o(i.USART1_Transfer)
    USART1_Transfer                          0x08003021   Thumb Code    22  usart_stm32f4xx.o(i.USART1_Transfer)
    i.USART1_Uninitialize                    0x0800303c   Section        0  usart_stm32f4xx.o(i.USART1_Uninitialize)
    USART1_Uninitialize                      0x0800303d   Thumb Code    10  usart_stm32f4xx.o(i.USART1_Uninitialize)
    i.USART_Control                          0x0800304c   Section        0  usart_stm32f4xx.o(i.USART_Control)
    USART_Control                            0x0800304d   Thumb Code  2332  usart_stm32f4xx.o(i.USART_Control)
    i.USART_GetCapabilities                  0x08003968   Section        0  usart_stm32f4xx.o(i.USART_GetCapabilities)
    USART_GetCapabilities                    0x08003969   Thumb Code     6  usart_stm32f4xx.o(i.USART_GetCapabilities)
    i.USART_GetModemStatus                   0x0800396e   Section        0  usart_stm32f4xx.o(i.USART_GetModemStatus)
    USART_GetModemStatus                     0x0800396f   Thumb Code   140  usart_stm32f4xx.o(i.USART_GetModemStatus)
    i.USART_GetRxCount                       0x080039fa   Section        0  usart_stm32f4xx.o(i.USART_GetRxCount)
    USART_GetRxCount                         0x080039fb   Thumb Code    28  usart_stm32f4xx.o(i.USART_GetRxCount)
    i.USART_GetStatus                        0x08003a16   Section        0  usart_stm32f4xx.o(i.USART_GetStatus)
    USART_GetStatus                          0x08003a17   Thumb Code   212  usart_stm32f4xx.o(i.USART_GetStatus)
    i.USART_GetTxCount                       0x08003aea   Section        0  usart_stm32f4xx.o(i.USART_GetTxCount)
    USART_GetTxCount                         0x08003aeb   Thumb Code    28  usart_stm32f4xx.o(i.USART_GetTxCount)
    i.USART_IRQHandler                       0x08003b06   Section        0  usart_stm32f4xx.o(i.USART_IRQHandler)
    i.USART_Initialize                       0x08003d78   Section        0  usart_stm32f4xx.o(i.USART_Initialize)
    USART_Initialize                         0x08003d79   Thumb Code   114  usart_stm32f4xx.o(i.USART_Initialize)
    i.USART_PeripheralReset                  0x08003dec   Section        0  usart_stm32f4xx.o(i.USART_PeripheralReset)
    USART_PeripheralReset                    0x08003ded   Thumb Code   374  usart_stm32f4xx.o(i.USART_PeripheralReset)
    i.USART_PowerControl                     0x08003f88   Section        0  usart_stm32f4xx.o(i.USART_PowerControl)
    USART_PowerControl                       0x08003f89   Thumb Code   260  usart_stm32f4xx.o(i.USART_PowerControl)
    i.USART_RX_DMA_Complete                  0x0800408c   Section        0  usart_stm32f4xx.o(i.USART_RX_DMA_Complete)
    USART_RX_DMA_Complete                    0x0800408d   Thumb Code   132  usart_stm32f4xx.o(i.USART_RX_DMA_Complete)
    i.USART_Receive                          0x08004110   Section        0  usart_stm32f4xx.o(i.USART_Receive)
    USART_Receive                            0x08004111   Thumb Code   326  usart_stm32f4xx.o(i.USART_Receive)
    i.USART_Send                             0x08004256   Section        0  usart_stm32f4xx.o(i.USART_Send)
    USART_Send                               0x08004257   Thumb Code   280  usart_stm32f4xx.o(i.USART_Send)
    i.USART_SetModemControl                  0x0800436e   Section        0  usart_stm32f4xx.o(i.USART_SetModemControl)
    USART_SetModemControl                    0x0800436f   Thumb Code   140  usart_stm32f4xx.o(i.USART_SetModemControl)
    i.USART_TX_DMA_Complete                  0x080043fa   Section        0  usart_stm32f4xx.o(i.USART_TX_DMA_Complete)
    USART_TX_DMA_Complete                    0x080043fb   Thumb Code    76  usart_stm32f4xx.o(i.USART_TX_DMA_Complete)
    i.USART_Transfer                         0x08004446   Section        0  usart_stm32f4xx.o(i.USART_Transfer)
    USART_Transfer                           0x08004447   Thumb Code   106  usart_stm32f4xx.o(i.USART_Transfer)
    i.USART_Uninitialize                     0x080044b0   Section        0  usart_stm32f4xx.o(i.USART_Uninitialize)
    USART_Uninitialize                       0x080044b1   Thumb Code    26  usart_stm32f4xx.o(i.USART_Uninitialize)
    i.USARTx_GetVersion                      0x080044cc   Section        0  usart_stm32f4xx.o(i.USARTx_GetVersion)
    USARTx_GetVersion                        0x080044cd   Thumb Code    10  usart_stm32f4xx.o(i.USARTx_GetVersion)
    i.UsageFault_Handler                     0x080044dc   Section        0  stm32f4xx_it.o(i.UsageFault_Handler)
    i.__NVIC_GetPriorityGrouping             0x080044e0   Section        0  stm32f4xx_hal_cortex.o(i.__NVIC_GetPriorityGrouping)
    __NVIC_GetPriorityGrouping               0x080044e1   Thumb Code    10  stm32f4xx_hal_cortex.o(i.__NVIC_GetPriorityGrouping)
    i.__NVIC_SetPriority                     0x080044f0   Section        0  stm32f4xx_hal_cortex.o(i.__NVIC_SetPriority)
    __NVIC_SetPriority                       0x080044f1   Thumb Code    32  stm32f4xx_hal_cortex.o(i.__NVIC_SetPriority)
    i.getValueADC                            0x08004518   Section        0  adc.o(i.getValueADC)
    i.main                                   0x08004540   Section        0  main.o(i.main)
    i.setValue                               0x080045b4   Section        0  dac.o(i.setValue)
    i.startADC                               0x08004618   Section        0  adc.o(i.startADC)
    i.startDAC                               0x08004628   Section        0  dac.o(i.startDAC)
    i.startPWM                               0x08004638   Section        0  pwm.o(i.startPWM)
    i.stopADC                                0x08004648   Section        0  adc.o(i.stopADC)
    i.stopDAC                                0x08004658   Section        0  dac.o(i.stopDAC)
    x$fpl$ddiv                               0x08004668   Section      688  ddiv.o(x$fpl$ddiv)
    $v0                                      0x08004668   Number         0  ddiv.o(x$fpl$ddiv)
    ddiv_entry                               0x0800466f   Thumb Code     0  ddiv.o(x$fpl$ddiv)
    x$fpl$dfixu                              0x08004918   Section       90  dfixu.o(x$fpl$dfixu)
    $v0                                      0x08004918   Number         0  dfixu.o(x$fpl$dfixu)
    x$fpl$dmul                               0x08004974   Section      340  dmul.o(x$fpl$dmul)
    $v0                                      0x08004974   Number         0  dmul.o(x$fpl$dmul)
    x$fpl$dnaninf                            0x08004ac8   Section      156  dnaninf.o(x$fpl$dnaninf)
    $v0                                      0x08004ac8   Number         0  dnaninf.o(x$fpl$dnaninf)
    x$fpl$dretinf                            0x08004b64   Section       12  dretinf.o(x$fpl$dretinf)
    $v0                                      0x08004b64   Number         0  dretinf.o(x$fpl$dretinf)
    x$fpl$f2d                                0x08004b70   Section       86  f2d.o(x$fpl$f2d)
    $v0                                      0x08004b70   Number         0  f2d.o(x$fpl$f2d)
    x$fpl$fnaninf                            0x08004bc6   Section      140  fnaninf.o(x$fpl$fnaninf)
    $v0                                      0x08004bc6   Number         0  fnaninf.o(x$fpl$fnaninf)
    x$fpl$fpinit                             0x08004c52   Section       10  fpinit.o(x$fpl$fpinit)
    $v0                                      0x08004c52   Number         0  fpinit.o(x$fpl$fpinit)
    .constdata                               0x08004c5c   Section       30  main.o(.constdata)
    x$fpl$usenofp                            0x08004c5c   Section        0  usenofp.o(x$fpl$usenofp)
    .constdata                               0x08004c7c   Section      160  usart_stm32f4xx.o(.constdata)
    usart_driver_version                     0x08004c7c   Data           4  usart_stm32f4xx.o(.constdata)
    USART1_tx                                0x08004c80   Data          12  usart_stm32f4xx.o(.constdata)
    USART1_rx                                0x08004c8c   Data          12  usart_stm32f4xx.o(.constdata)
    USART1_DMA_Tx                            0x08004c98   Data           8  usart_stm32f4xx.o(.constdata)
    USART1_DMA_Rx                            0x08004ca0   Data           8  usart_stm32f4xx.o(.constdata)
    USART1_Resources                         0x08004ca8   Data          60  usart_stm32f4xx.o(.constdata)
    .constdata                               0x08004d1c   Section        8  stm32f4xx_hal_dma.o(.constdata)
    flagBitshiftOffset                       0x08004d1c   Data           8  stm32f4xx_hal_dma.o(.constdata)
    .constdata                               0x08004d24   Section       24  system_stm32f4xx.o(.constdata)
    .data                                    0x20000000   Section        8  main.o(.data)
    .data                                    0x20000008   Section        9  stm32f4xx_hal.o(.data)
    .data                                    0x20000014   Section        4  system_stm32f4xx.o(.data)
    .bss                                     0x20000018   Section       64  uart.o(.bss)
    .bss                                     0x20000058   Section      192  dma.o(.bss)
    .bss                                     0x20000118   Section       64  pwm.o(.bss)
    .bss                                     0x20000158   Section       72  adc.o(.bss)
    .bss                                     0x200001a0   Section       20  dac.o(.bss)
    .bss                                     0x200001b4   Section       56  usart_stm32f4xx.o(.bss)
    USART1_Info                              0x200001b4   Data          20  usart_stm32f4xx.o(.bss)
    USART1_TransferInfo                      0x200001c8   Data          36  usart_stm32f4xx.o(.bss)
    .bss                                     0x200001ec   Section       96  libspace.o(.bss)
    HEAP                                     0x20000250   Section      512  startup_stm32f429xx.o(HEAP)
    Heap_Mem                                 0x20000250   Data         512  startup_stm32f429xx.o(HEAP)
    STACK                                    0x20000450   Section     1024  startup_stm32f429xx.o(STACK)
    Stack_Mem                                0x20000450   Data        1024  startup_stm32f429xx.o(STACK)
    __initial_sp                             0x20000850   Data           0  startup_stm32f429xx.o(STACK)

    Global Symbols

    Symbol Name                              Value     Ov Type        Size  Object(Section)

    BuildAttributes$$THM_ISAv4$E$P$D$K$B$S$7EM$VFPi3$EXTD16$VFPS$VFMA$PE$A:L22UL41UL21$X:L11$S22US41US21$IEEE1$IW$USESV6$~STKCKD$USESV7$~SHL$OSPACE$ROPI$EBA8$UX$STANDARDLIB$REQ8$PRES8$EABIv2 0x00000000   Number         0  anon$$obj.o ABSOLUTE
    __ARM_use_no_argv                        0x00000000   Number         0  main.o ABSOLUTE
    __ARM_exceptions_init                     - Undefined Weak Reference
    __alloca_initialize                       - Undefined Weak Reference
    __arm_preinit_                            - Undefined Weak Reference
    __cpp_initialize__aeabi_                  - Undefined Weak Reference
    __cxa_finalize                            - Undefined Weak Reference
    __rt_locale                               - Undefined Weak Reference
    __sigvec_lookup                           - Undefined Weak Reference
    _atexit_init                              - Undefined Weak Reference
    _call_atexit_fns                          - Undefined Weak Reference
    _clock_init                               - Undefined Weak Reference
    _fp_trap_init                             - Undefined Weak Reference
    _fp_trap_shutdown                         - Undefined Weak Reference
    _get_lc_collate                           - Undefined Weak Reference
    _get_lc_ctype                             - Undefined Weak Reference
    _get_lc_monetary                          - Undefined Weak Reference
    _get_lc_numeric                           - Undefined Weak Reference
    _get_lc_time                              - Undefined Weak Reference
    _getenv_init                              - Undefined Weak Reference
    _handle_redirection                       - Undefined Weak Reference
    _init_alloc                               - Undefined Weak Reference
    _init_user_alloc                          - Undefined Weak Reference
    _initio                                   - Undefined Weak Reference
    _rand_init                                - Undefined Weak Reference
    _signal_finish                            - Undefined Weak Reference
    _signal_init                              - Undefined Weak Reference
    _terminate_alloc                          - Undefined Weak Reference
    _terminate_user_alloc                     - Undefined Weak Reference
    _terminateio                              - Undefined Weak Reference
    __Vectors_Size                           0x000001ac   Number         0  startup_stm32f429xx.o ABSOLUTE
    __Vectors                                0x08000000   Data           4  startup_stm32f429xx.o(RESET)
    __Vectors_End                            0x080001ac   Data           0  startup_stm32f429xx.o(RESET)
    __main                                   0x080001ad   Thumb Code     8  __main.o(!!!main)
    __scatterload                            0x080001b5   Thumb Code     0  __scatter.o(!!!scatter)
    __scatterload_rt2                        0x080001b5   Thumb Code    44  __scatter.o(!!!scatter)
    __scatterload_rt2_thumb_only             0x080001b5   Thumb Code     0  __scatter.o(!!!scatter)
    __scatterload_null                       0x080001c3   Thumb Code     0  __scatter.o(!!!scatter)
    __scatterload_copy                       0x080001e9   Thumb Code    26  __scatter_copy.o(!!handler_copy)
    __scatterload_zeroinit                   0x08000205   Thumb Code    28  __scatter_zi.o(!!handler_zi)
    __rt_lib_init                            0x08000221   Thumb Code     0  libinit.o(.ARM.Collect$$libinit$$00000000)
    __rt_lib_init_fp_1                       0x08000223   Thumb Code     0  libinit2.o(.ARM.Collect$$libinit$$00000001)
    __rt_lib_init_alloca_1                   0x08000227   Thumb Code     0  libinit2.o(.ARM.Collect$$libinit$$0000002E)
    __rt_lib_init_argv_1                     0x08000227   Thumb Code     0  libinit2.o(.ARM.Collect$$libinit$$0000002C)
    __rt_lib_init_atexit_1                   0x08000227   Thumb Code     0  libinit2.o(.ARM.Collect$$libinit$$0000001B)
    __rt_lib_init_clock_1                    0x08000227   Thumb Code     0  libinit2.o(.ARM.Collect$$libinit$$00000021)
    __rt_lib_init_cpp_1                      0x08000227   Thumb Code     0  libinit2.o(.ARM.Collect$$libinit$$00000032)
    __rt_lib_init_exceptions_1               0x08000227   Thumb Code     0  libinit2.o(.ARM.Collect$$libinit$$00000030)
    __rt_lib_init_fp_trap_1                  0x08000227   Thumb Code     0  libinit2.o(.ARM.Collect$$libinit$$0000001F)
    __rt_lib_init_getenv_1                   0x08000227   Thumb Code     0  libinit2.o(.ARM.Collect$$libinit$$00000023)
    __rt_lib_init_heap_1                     0x08000227   Thumb Code     0  libinit2.o(.ARM.Collect$$libinit$$0000000A)
    __rt_lib_init_lc_collate_1               0x08000227   Thumb Code     0  libinit2.o(.ARM.Collect$$libinit$$00000011)
    __rt_lib_init_lc_ctype_1                 0x08000227   Thumb Code     0  libinit2.o(.ARM.Collect$$libinit$$00000013)
    __rt_lib_init_lc_monetary_1              0x08000227   Thumb Code     0  libinit2.o(.ARM.Collect$$libinit$$00000015)
    __rt_lib_init_lc_numeric_1               0x08000227   Thumb Code     0  libinit2.o(.ARM.Collect$$libinit$$00000017)
    __rt_lib_init_lc_time_1                  0x08000227   Thumb Code     0  libinit2.o(.ARM.Collect$$libinit$$00000019)
    __rt_lib_init_preinit_1                  0x08000227   Thumb Code     0  libinit2.o(.ARM.Collect$$libinit$$00000004)
    __rt_lib_init_rand_1                     0x08000227   Thumb Code     0  libinit2.o(.ARM.Collect$$libinit$$0000000E)
    __rt_lib_init_return                     0x08000227   Thumb Code     0  libinit2.o(.ARM.Collect$$libinit$$00000033)
    __rt_lib_init_signal_1                   0x08000227   Thumb Code     0  libinit2.o(.ARM.Collect$$libinit$$0000001D)
    __rt_lib_init_stdio_1                    0x08000227   Thumb Code     0  libinit2.o(.ARM.Collect$$libinit$$00000025)
    __rt_lib_init_user_alloc_1               0x08000227   Thumb Code     0  libinit2.o(.ARM.Collect$$libinit$$0000000C)
    __rt_lib_shutdown                        0x08000229   Thumb Code     0  libshutdown.o(.ARM.Collect$$libshutdown$$00000000)
    __rt_lib_shutdown_cpp_1                  0x0800022b   Thumb Code     0  libshutdown2.o(.ARM.Collect$$libshutdown$$00000002)
    __rt_lib_shutdown_fp_trap_1              0x0800022b   Thumb Code     0  libshutdown2.o(.ARM.Collect$$libshutdown$$00000007)
    __rt_lib_shutdown_heap_1                 0x0800022b   Thumb Code     0  libshutdown2.o(.ARM.Collect$$libshutdown$$0000000F)
    __rt_lib_shutdown_return                 0x0800022b   Thumb Code     0  libshutdown2.o(.ARM.Collect$$libshutdown$$00000010)
    __rt_lib_shutdown_signal_1               0x0800022b   Thumb Code     0  libshutdown2.o(.ARM.Collect$$libshutdown$$0000000A)
    __rt_lib_shutdown_stdio_1                0x0800022b   Thumb Code     0  libshutdown2.o(.ARM.Collect$$libshutdown$$00000004)
    __rt_lib_shutdown_user_alloc_1           0x0800022b   Thumb Code     0  libshutdown2.o(.ARM.Collect$$libshutdown$$0000000C)
    __rt_entry                               0x0800022d   Thumb Code     0  __rtentry.o(.ARM.Collect$$rtentry$$00000000)
    __rt_entry_presh_1                       0x0800022d   Thumb Code     0  __rtentry2.o(.ARM.Collect$$rtentry$$00000002)
    __rt_entry_sh                            0x0800022d   Thumb Code     0  __rtentry4.o(.ARM.Collect$$rtentry$$00000004)
    __rt_entry_li                            0x08000233   Thumb Code     0  __rtentry2.o(.ARM.Collect$$rtentry$$0000000A)
    __rt_entry_postsh_1                      0x08000233   Thumb Code     0  __rtentry2.o(.ARM.Collect$$rtentry$$00000009)
    __rt_entry_main                          0x08000237   Thumb Code     0  __rtentry2.o(.ARM.Collect$$rtentry$$0000000D)
    __rt_entry_postli_1                      0x08000237   Thumb Code     0  __rtentry2.o(.ARM.Collect$$rtentry$$0000000C)
    __rt_exit                                0x0800023f   Thumb Code     0  rtexit.o(.ARM.Collect$$rtexit$$00000000)
    __rt_exit_ls                             0x08000241   Thumb Code     0  rtexit2.o(.ARM.Collect$$rtexit$$00000003)
    __rt_exit_prels_1                        0x08000241   Thumb Code     0  rtexit2.o(.ARM.Collect$$rtexit$$00000002)
    __rt_exit_exit                           0x08000245   Thumb Code     0  rtexit2.o(.ARM.Collect$$rtexit$$00000004)
    Reset_Handler                            0x0800024d   Thumb Code     8  startup_stm32f429xx.o(.text)
    ADC_IRQHandler                           0x08000267   Thumb Code     0  startup_stm32f429xx.o(.text)
    CAN1_RX0_IRQHandler                      0x08000267   Thumb Code     0  startup_stm32f429xx.o(.text)
    CAN1_RX1_IRQHandler                      0x08000267   Thumb Code     0  startup_stm32f429xx.o(.text)
    CAN1_SCE_IRQHandler                      0x08000267   Thumb Code     0  startup_stm32f429xx.o(.text)
    CAN1_TX_IRQHandler                       0x08000267   Thumb Code     0  startup_stm32f429xx.o(.text)
    CAN2_RX0_IRQHandler                      0x08000267   Thumb Code     0  startup_stm32f429xx.o(.text)
    CAN2_RX1_IRQHandler                      0x08000267   Thumb Code     0  startup_stm32f429xx.o(.text)
    CAN2_SCE_IRQHandler                      0x08000267   Thumb Code     0  startup_stm32f429xx.o(.text)
    CAN2_TX_IRQHandler                       0x08000267   Thumb Code     0  startup_stm32f429xx.o(.text)
    DCMI_IRQHandler                          0x08000267   Thumb Code     0  startup_stm32f429xx.o(.text)
    DMA1_Stream0_IRQHandler                  0x08000267   Thumb Code     0  startup_stm32f429xx.o(.text)
    DMA1_Stream1_IRQHandler                  0x08000267   Thumb Code     0  startup_stm32f429xx.o(.text)
    DMA1_Stream2_IRQHandler                  0x08000267   Thumb Code     0  startup_stm32f429xx.o(.text)
    DMA1_Stream3_IRQHandler                  0x08000267   Thumb Code     0  startup_stm32f429xx.o(.text)
    DMA1_Stream4_IRQHandler                  0x08000267   Thumb Code     0  startup_stm32f429xx.o(.text)
    DMA1_Stream5_IRQHandler                  0x08000267   Thumb Code     0  startup_stm32f429xx.o(.text)
    DMA1_Stream6_IRQHandler                  0x08000267   Thumb Code     0  startup_stm32f429xx.o(.text)
    DMA1_Stream7_IRQHandler                  0x08000267   Thumb Code     0  startup_stm32f429xx.o(.text)
    DMA2D_IRQHandler                         0x08000267   Thumb Code     0  startup_stm32f429xx.o(.text)
    DMA2_Stream0_IRQHandler                  0x08000267   Thumb Code     0  startup_stm32f429xx.o(.text)
    DMA2_Stream1_IRQHandler                  0x08000267   Thumb Code     0  startup_stm32f429xx.o(.text)
    DMA2_Stream3_IRQHandler                  0x08000267   Thumb Code     0  startup_stm32f429xx.o(.text)
    DMA2_Stream4_IRQHandler                  0x08000267   Thumb Code     0  startup_stm32f429xx.o(.text)
    DMA2_Stream5_IRQHandler                  0x08000267   Thumb Code     0  startup_stm32f429xx.o(.text)
    DMA2_Stream6_IRQHandler                  0x08000267   Thumb Code     0  startup_stm32f429xx.o(.text)
    ETH_IRQHandler                           0x08000267   Thumb Code     0  startup_stm32f429xx.o(.text)
    ETH_WKUP_IRQHandler                      0x08000267   Thumb Code     0  startup_stm32f429xx.o(.text)
    EXTI0_IRQHandler                         0x08000267   Thumb Code     0  startup_stm32f429xx.o(.text)
    EXTI15_10_IRQHandler                     0x08000267   Thumb Code     0  startup_stm32f429xx.o(.text)
    EXTI1_IRQHandler                         0x08000267   Thumb Code     0  startup_stm32f429xx.o(.text)
    EXTI2_IRQHandler                         0x08000267   Thumb Code     0  startup_stm32f429xx.o(.text)
    EXTI3_IRQHandler                         0x08000267   Thumb Code     0  startup_stm32f429xx.o(.text)
    EXTI4_IRQHandler                         0x08000267   Thumb Code     0  startup_stm32f429xx.o(.text)
    EXTI9_5_IRQHandler                       0x08000267   Thumb Code     0  startup_stm32f429xx.o(.text)
    FLASH_IRQHandler                         0x08000267   Thumb Code     0  startup_stm32f429xx.o(.text)
    FMC_IRQHandler                           0x08000267   Thumb Code     0  startup_stm32f429xx.o(.text)
    FPU_IRQHandler                           0x08000267   Thumb Code     0  startup_stm32f429xx.o(.text)
    HASH_RNG_IRQHandler                      0x08000267   Thumb Code     0  startup_stm32f429xx.o(.text)
    I2C1_ER_IRQHandler                       0x08000267   Thumb Code     0  startup_stm32f429xx.o(.text)
    I2C1_EV_IRQHandler                       0x08000267   Thumb Code     0  startup_stm32f429xx.o(.text)
    I2C2_ER_IRQHandler                       0x08000267   Thumb Code     0  startup_stm32f429xx.o(.text)
    I2C2_EV_IRQHandler                       0x08000267   Thumb Code     0  startup_stm32f429xx.o(.text)
    I2C3_ER_IRQHandler                       0x08000267   Thumb Code     0  startup_stm32f429xx.o(.text)
    I2C3_EV_IRQHandler                       0x08000267   Thumb Code     0  startup_stm32f429xx.o(.text)
    LTDC_ER_IRQHandler                       0x08000267   Thumb Code     0  startup_stm32f429xx.o(.text)
    LTDC_IRQHandler                          0x08000267   Thumb Code     0  startup_stm32f429xx.o(.text)
    OTG_FS_IRQHandler                        0x08000267   Thumb Code     0  startup_stm32f429xx.o(.text)
    OTG_FS_WKUP_IRQHandler                   0x08000267   Thumb Code     0  startup_stm32f429xx.o(.text)
    OTG_HS_EP1_IN_IRQHandler                 0x08000267   Thumb Code     0  startup_stm32f429xx.o(.text)
    OTG_HS_EP1_OUT_IRQHandler                0x08000267   Thumb Code     0  startup_stm32f429xx.o(.text)
    OTG_HS_IRQHandler                        0x08000267   Thumb Code     0  startup_stm32f429xx.o(.text)
    OTG_HS_WKUP_IRQHandler                   0x08000267   Thumb Code     0  startup_stm32f429xx.o(.text)
    PVD_IRQHandler                           0x08000267   Thumb Code     0  startup_stm32f429xx.o(.text)
    RCC_IRQHandler                           0x08000267   Thumb Code     0  startup_stm32f429xx.o(.text)
    RTC_Alarm_IRQHandler                     0x08000267   Thumb Code     0  startup_stm32f429xx.o(.text)
    RTC_WKUP_IRQHandler                      0x08000267   Thumb Code     0  startup_stm32f429xx.o(.text)
    SAI1_IRQHandler                          0x08000267   Thumb Code     0  startup_stm32f429xx.o(.text)
    SDIO_IRQHandler                          0x08000267   Thumb Code     0  startup_stm32f429xx.o(.text)
    SPI1_IRQHandler                          0x08000267   Thumb Code     0  startup_stm32f429xx.o(.text)
    SPI2_IRQHandler                          0x08000267   Thumb Code     0  startup_stm32f429xx.o(.text)
    SPI3_IRQHandler                          0x08000267   Thumb Code     0  startup_stm32f429xx.o(.text)
    SPI4_IRQHandler                          0x08000267   Thumb Code     0  startup_stm32f429xx.o(.text)
    SPI5_IRQHandler                          0x08000267   Thumb Code     0  startup_stm32f429xx.o(.text)
    SPI6_IRQHandler                          0x08000267   Thumb Code     0  startup_stm32f429xx.o(.text)
    TAMP_STAMP_IRQHandler                    0x08000267   Thumb Code     0  startup_stm32f429xx.o(.text)
    TIM1_BRK_TIM9_IRQHandler                 0x08000267   Thumb Code     0  startup_stm32f429xx.o(.text)
    TIM1_CC_IRQHandler                       0x08000267   Thumb Code     0  startup_stm32f429xx.o(.text)
    TIM1_TRG_COM_TIM11_IRQHandler            0x08000267   Thumb Code     0  startup_stm32f429xx.o(.text)
    TIM1_UP_TIM10_IRQHandler                 0x08000267   Thumb Code     0  startup_stm32f429xx.o(.text)
    TIM2_IRQHandler                          0x08000267   Thumb Code     0  startup_stm32f429xx.o(.text)
    TIM3_IRQHandler                          0x08000267   Thumb Code     0  startup_stm32f429xx.o(.text)
    TIM4_IRQHandler                          0x08000267   Thumb Code     0  startup_stm32f429xx.o(.text)
    TIM5_IRQHandler                          0x08000267   Thumb Code     0  startup_stm32f429xx.o(.text)
    TIM6_DAC_IRQHandler                      0x08000267   Thumb Code     0  startup_stm32f429xx.o(.text)
    TIM7_IRQHandler                          0x08000267   Thumb Code     0  startup_stm32f429xx.o(.text)
    TIM8_BRK_TIM12_IRQHandler                0x08000267   Thumb Code     0  startup_stm32f429xx.o(.text)
    TIM8_CC_IRQHandler                       0x08000267   Thumb Code     0  startup_stm32f429xx.o(.text)
    TIM8_TRG_COM_TIM14_IRQHandler            0x08000267   Thumb Code     0  startup_stm32f429xx.o(.text)
    TIM8_UP_TIM13_IRQHandler                 0x08000267   Thumb Code     0  startup_stm32f429xx.o(.text)
    UART4_IRQHandler                         0x08000267   Thumb Code     0  startup_stm32f429xx.o(.text)
    UART5_IRQHandler                         0x08000267   Thumb Code     0  startup_stm32f429xx.o(.text)
    UART7_IRQHandler                         0x08000267   Thumb Code     0  startup_stm32f429xx.o(.text)
    UART8_IRQHandler                         0x08000267   Thumb Code     0  startup_stm32f429xx.o(.text)
    USART2_IRQHandler                        0x08000267   Thumb Code     0  startup_stm32f429xx.o(.text)
    USART3_IRQHandler                        0x08000267   Thumb Code     0  startup_stm32f429xx.o(.text)
    USART6_IRQHandler                        0x08000267   Thumb Code     0  startup_stm32f429xx.o(.text)
    WWDG_IRQHandler                          0x08000267   Thumb Code     0  startup_stm32f429xx.o(.text)
    __user_initial_stackheap                 0x08000269   Thumb Code     0  startup_stm32f429xx.o(.text)
    __aeabi_uldivmod                         0x0800028d   Thumb Code     0  lludivv7m.o(.text)
    _ll_udiv                                 0x0800028d   Thumb Code   238  lludivv7m.o(.text)
    __aeabi_memcpy4                          0x0800037b   Thumb Code     0  rt_memcpy_w.o(.text)
    __aeabi_memcpy8                          0x0800037b   Thumb Code     0  rt_memcpy_w.o(.text)
    __rt_memcpy_w                            0x0800037b   Thumb Code   100  rt_memcpy_w.o(.text)
    _memcpy_lastbytes_aligned                0x080003c3   Thumb Code     0  rt_memcpy_w.o(.text)
    __aeabi_memclr4                          0x080003df   Thumb Code     0  rt_memclr_w.o(.text)
    __aeabi_memclr8                          0x080003df   Thumb Code     0  rt_memclr_w.o(.text)
    __rt_memclr_w                            0x080003df   Thumb Code    78  rt_memclr_w.o(.text)
    _memset_w                                0x080003e3   Thumb Code     0  rt_memclr_w.o(.text)
    __use_two_region_memory                  0x0800042d   Thumb Code     2  heapauxi.o(.text)
    __rt_heap_escrow$2region                 0x0800042f   Thumb Code     2  heapauxi.o(.text)
    __rt_heap_expand$2region                 0x08000431   Thumb Code     2  heapauxi.o(.text)
    __user_setup_stackheap                   0x08000433   Thumb Code    74  sys_stackheap_outer.o(.text)
    exit                                     0x0800047d   Thumb Code    18  exit.o(.text)
    __user_libspace                          0x08000491   Thumb Code     8  libspace.o(.text)
    __user_perproc_libspace                  0x08000491   Thumb Code     0  libspace.o(.text)
    __user_perthread_libspace                0x08000491   Thumb Code     0  libspace.o(.text)
    _sys_exit                                0x08000499   Thumb Code     8  sys_exit.o(.text)
    __I$use$semihosting                      0x080004a5   Thumb Code     0  use_no_semi.o(.text)
    __use_no_semihosting_swi                 0x080004a5   Thumb Code     2  use_no_semi.o(.text)
    __semihosting_library_function           0x080004a7   Thumb Code     0  indicate_semi.o(.text)
    BusFault_Handler                         0x08000609   Thumb Code     4  stm32f4xx_it.o(i.BusFault_Handler)
    DMA2_Stream2_IRQHandler                  0x0800060d   Thumb Code    10  stm32f4xx_it.o(i.DMA2_Stream2_IRQHandler)
    DMA2_Stream7_IRQHandler                  0x0800061d   Thumb Code    10  stm32f4xx_it.o(i.DMA2_Stream7_IRQHandler)
    DebugMon_Handler                         0x08000737   Thumb Code     2  stm32f4xx_it.o(i.DebugMon_Handler)
    Error_Handler                            0x08000739   Thumb Code     2  main.o(i.Error_Handler)
    HAL_ADC_ConfigChannel                    0x0800073d   Thumb Code   400  stm32f4xx_hal_adc.o(i.HAL_ADC_ConfigChannel)
    HAL_ADC_GetValue                         0x080008e1   Thumb Code     8  stm32f4xx_hal_adc.o(i.HAL_ADC_GetValue)
    HAL_ADC_Init                             0x080008e9   Thumb Code   100  stm32f4xx_hal_adc.o(i.HAL_ADC_Init)
    HAL_ADC_MspInit                          0x08000951   Thumb Code   114  stm32f4xx_hal_msp.o(i.HAL_ADC_MspInit)
    HAL_ADC_PollForConversion                0x080009d1   Thumb Code   194  stm32f4xx_hal_adc.o(i.HAL_ADC_PollForConversion)
    HAL_ADC_Start                            0x08000a95   Thumb Code   290  stm32f4xx_hal_adc.o(i.HAL_ADC_Start)
    HAL_ADC_Stop                             0x08000bd1   Thumb Code    72  stm32f4xx_hal_adc.o(i.HAL_ADC_Stop)
    HAL_DAC_ConfigChannel                    0x08000c19   Thumb Code    90  stm32f4xx_hal_dac.o(i.HAL_DAC_ConfigChannel)
    HAL_DAC_GetValue                         0x08000c73   Thumb Code    16  stm32f4xx_hal_dac.o(i.HAL_DAC_GetValue)
    HAL_DAC_Init                             0x08000c83   Thumb Code    40  stm32f4xx_hal_dac.o(i.HAL_DAC_Init)
    HAL_DAC_MspInit                          0x08000cad   Thumb Code   114  stm32f4xx_hal_msp.o(i.HAL_DAC_MspInit)
    HAL_DAC_SetValue                         0x08000d2d   Thumb Code    44  stm32f4xx_hal_dac.o(i.HAL_DAC_SetValue)
    HAL_DAC_Start                            0x08000d59   Thumb Code   140  stm32f4xx_hal_dac.o(i.HAL_DAC_Start)
    HAL_DAC_Stop                             0x08000de5   Thumb Code    24  stm32f4xx_hal_dac.o(i.HAL_DAC_Stop)
    HAL_DMA_Abort                            0x08000dfd   Thumb Code   170  stm32f4xx_hal_dma.o(i.HAL_DMA_Abort)
    HAL_DMA_DeInit                           0x08000ea7   Thumb Code   112  stm32f4xx_hal_dma.o(i.HAL_DMA_DeInit)
    HAL_DMA_IRQHandler                       0x08000f19   Thumb Code   570  stm32f4xx_hal_dma.o(i.HAL_DMA_IRQHandler)
    HAL_DMA_Init                             0x08001159   Thumb Code   232  stm32f4xx_hal_dma.o(i.HAL_DMA_Init)
    HAL_DMA_Start_IT                         0x08001245   Thumb Code   158  stm32f4xx_hal_dma.o(i.HAL_DMA_Start_IT)
    HAL_GPIO_DeInit                          0x080012e5   Thumb Code   336  stm32f4xx_hal_gpio.o(i.HAL_GPIO_DeInit)
    HAL_GPIO_Init                            0x08001465   Thumb Code   486  stm32f4xx_hal_gpio.o(i.HAL_GPIO_Init)
    HAL_GPIO_ReadPin                         0x08001681   Thumb Code    16  stm32f4xx_hal_gpio.o(i.HAL_GPIO_ReadPin)
    HAL_GPIO_WritePin                        0x08001691   Thumb Code    12  stm32f4xx_hal_gpio.o(i.HAL_GPIO_WritePin)
    HAL_GetTick                              0x0800169d   Thumb Code     6  stm32f4xx_hal.o(i.HAL_GetTick)
    HAL_IncTick                              0x080016a9   Thumb Code    16  stm32f4xx_hal.o(i.HAL_IncTick)
    HAL_Init                                 0x080016c1   Thumb Code    54  stm32f4xx_hal.o(i.HAL_Init)
    HAL_InitTick                             0x080016fd   Thumb Code    64  stm32f4xx_hal.o(i.HAL_InitTick)
    HAL_MspInit                              0x08001749   Thumb Code    68  stm32f4xx_hal_msp.o(i.HAL_MspInit)
    HAL_NVIC_EnableIRQ                       0x08001791   Thumb Code    40  stm32f4xx_hal_cortex.o(i.HAL_NVIC_EnableIRQ)
    HAL_NVIC_SetPriority                     0x080017b9   Thumb Code   124  stm32f4xx_hal_cortex.o(i.HAL_NVIC_SetPriority)
    HAL_NVIC_SetPriorityGrouping             0x08001835   Thumb Code    32  stm32f4xx_hal_cortex.o(i.HAL_NVIC_SetPriorityGrouping)
    HAL_RCC_ClockConfig                      0x0800185d   Thumb Code   366  stm32f4xx_hal_rcc.o(i.HAL_RCC_ClockConfig)
    HAL_RCC_GetHCLKFreq                      0x080019dd   Thumb Code     6  stm32f4xx_hal_rcc.o(i.HAL_RCC_GetHCLKFreq)
    HAL_RCC_GetPCLK1Freq                     0x080019e9   Thumb Code    22  stm32f4xx_hal_rcc.o(i.HAL_RCC_GetPCLK1Freq)
    HAL_RCC_GetPCLK2Freq                     0x08001a09   Thumb Code    22  stm32f4xx_hal_rcc.o(i.HAL_RCC_GetPCLK2Freq)
    HAL_RCC_GetSysClockFreq                  0x08001a29   Thumb Code   162  stm32f4xx_hal_rcc.o(i.HAL_RCC_GetSysClockFreq)
    HAL_RCC_OscConfig                        0x08001ad9   Thumb Code  1086  stm32f4xx_hal_rcc.o(i.HAL_RCC_OscConfig)
    HAL_SYSTICK_Config                       0x08001f21   Thumb Code    52  stm32f4xx_hal_cortex.o(i.HAL_SYSTICK_Config)
    HAL_TIMEx_ConfigBreakDeadTime            0x08001f55   Thumb Code   116  stm32f4xx_hal_tim_ex.o(i.HAL_TIMEx_ConfigBreakDeadTime)
    HAL_TIMEx_MasterConfigSynchronization    0x08001fc9   Thumb Code    84  stm32f4xx_hal_tim_ex.o(i.HAL_TIMEx_MasterConfigSynchronization)
    HAL_TIM_Base_Init                        0x0800201d   Thumb Code    52  stm32f4xx_hal_tim.o(i.HAL_TIM_Base_Init)
    HAL_TIM_Base_MspInit                     0x08002051   Thumb Code    44  stm32f4xx_hal_msp.o(i.HAL_TIM_Base_MspInit)
    HAL_TIM_ConfigClockSource                0x08002085   Thumb Code   264  stm32f4xx_hal_tim.o(i.HAL_TIM_ConfigClockSource)
    HAL_TIM_MspPostInit                      0x0800218d   Thumb Code    84  stm32f4xx_hal_msp.o(i.HAL_TIM_MspPostInit)
    HAL_TIM_PWM_ConfigChannel                0x080021ed   Thumb Code   264  stm32f4xx_hal_tim.o(i.HAL_TIM_PWM_ConfigChannel)
    HAL_TIM_PWM_Init                         0x080022f5   Thumb Code    52  stm32f4xx_hal_tim.o(i.HAL_TIM_PWM_Init)
    HAL_TIM_PWM_MspInit                      0x08002329   Thumb Code     2  stm32f4xx_hal_tim.o(i.HAL_TIM_PWM_MspInit)
    HAL_TIM_PWM_Start                        0x0800232d   Thumb Code    80  stm32f4xx_hal_tim.o(i.HAL_TIM_PWM_Start)
    HAL_UART_Init                            0x08002385   Thumb Code   114  stm32f4xx_hal_uart.o(i.HAL_UART_Init)
    HAL_UART_MspDeInit                       0x080023f9   Thumb Code    48  stm32f4xx_hal_msp.o(i.HAL_UART_MspDeInit)
    HAL_UART_MspInit                         0x08002435   Thumb Code   244  stm32f4xx_hal_msp.o(i.HAL_UART_MspInit)
    HardFault_Handler                        0x08002541   Thumb Code     4  stm32f4xx_it.o(i.HardFault_Handler)
    MX_ADC1_Init                             0x08002545   Thumb Code   102  adc.o(i.MX_ADC1_Init)
    MX_DAC_Init                              0x080025b9   Thumb Code    50  dac.o(i.MX_DAC_Init)
    MX_DMA_Init                              0x080025f5   Thumb Code    68  dma.o(i.MX_DMA_Init)
    MX_GPIO_Init                             0x0800263d   Thumb Code    36  gpio.o(i.MX_GPIO_Init)
    MX_TIM1_Init                             0x08002665   Thumb Code   206  pwm.o(i.MX_TIM1_Init)
    MX_USART1_UART_Init                      0x0800273d   Thumb Code    46  uart.o(i.MX_USART1_UART_Init)
    MemManage_Handler                        0x08002775   Thumb Code     4  stm32f4xx_it.o(i.MemManage_Handler)
    NMI_Handler                              0x08002779   Thumb Code     2  stm32f4xx_it.o(i.NMI_Handler)
    PendSV_Handler                           0x0800277b   Thumb Code     2  stm32f4xx_it.o(i.PendSV_Handler)
    SVC_Handler                              0x0800277d   Thumb Code     2  stm32f4xx_it.o(i.SVC_Handler)
    SysTick_Handler                          0x0800277f   Thumb Code     8  stm32f4xx_it.o(i.SysTick_Handler)
    SystemClock_Config                       0x08002789   Thumb Code   148  rcc.o(i.SystemClock_Config)
    SystemInit                               0x08002825   Thumb Code    82  system_stm32f4xx.o(i.SystemInit)
    TIM_Base_SetConfig                       0x08002889   Thumb Code   170  stm32f4xx_hal_tim.o(i.TIM_Base_SetConfig)
    TIM_CCxChannelCmd                        0x08002961   Thumb Code    34  stm32f4xx_hal_tim.o(i.TIM_CCxChannelCmd)
    TIM_ETR_SetConfig                        0x08002983   Thumb Code    22  stm32f4xx_hal_tim.o(i.TIM_ETR_SetConfig)
    TIM_OC2_SetConfig                        0x08002a1d   Thumb Code   114  stm32f4xx_hal_tim.o(i.TIM_OC2_SetConfig)
    USART1_IRQHandler                        0x08002f85   Thumb Code    10  usart_stm32f4xx.o(i.USART1_IRQHandler)
    USART_IRQHandler                         0x08003b07   Thumb Code   626  usart_stm32f4xx.o(i.USART_IRQHandler)
    UsageFault_Handler                       0x080044dd   Thumb Code     4  stm32f4xx_it.o(i.UsageFault_Handler)
    getValueADC                              0x08004519   Thumb Code    34  adc.o(i.getValueADC)
    main                                     0x08004541   Thumb Code    94  main.o(i.main)
    setValue                                 0x080045b5   Thumb Code    78  dac.o(i.setValue)
    startADC                                 0x08004619   Thumb Code    10  adc.o(i.startADC)
    startDAC                                 0x08004629   Thumb Code    12  dac.o(i.startDAC)
    startPWM                                 0x08004639   Thumb Code    12  pwm.o(i.startPWM)
    stopADC                                  0x08004649   Thumb Code    10  adc.o(i.stopADC)
    stopDAC                                  0x08004659   Thumb Code    12  dac.o(i.stopDAC)
    __aeabi_ddiv                             0x08004669   Thumb Code     0  ddiv.o(x$fpl$ddiv)
    _ddiv                                    0x08004669   Thumb Code   552  ddiv.o(x$fpl$ddiv)
    __aeabi_d2uiz                            0x08004919   Thumb Code     0  dfixu.o(x$fpl$dfixu)
    _dfixu                                   0x08004919   Thumb Code    90  dfixu.o(x$fpl$dfixu)
    __aeabi_dmul                             0x08004975   Thumb Code     0  dmul.o(x$fpl$dmul)
    _dmul                                    0x08004975   Thumb Code   332  dmul.o(x$fpl$dmul)
    __fpl_dnaninf                            0x08004ac9   Thumb Code   156  dnaninf.o(x$fpl$dnaninf)
    __fpl_dretinf                            0x08004b65   Thumb Code    12  dretinf.o(x$fpl$dretinf)
    __aeabi_f2d                              0x08004b71   Thumb Code     0  f2d.o(x$fpl$f2d)
    _f2d                                     0x08004b71   Thumb Code    86  f2d.o(x$fpl$f2d)
    __fpl_fnaninf                            0x08004bc7   Thumb Code   140  fnaninf.o(x$fpl$fnaninf)
    _fp_init                                 0x08004c53   Thumb Code    10  fpinit.o(x$fpl$fpinit)
    __fplib_config_fpu_vfp                   0x08004c5b   Thumb Code     0  fpinit.o(x$fpl$fpinit)
    __fplib_config_pureend_doubles           0x08004c5b   Thumb Code     0  fpinit.o(x$fpl$fpinit)
    __I$use$fp                               0x08004c5c   Number         0  usenofp.o(x$fpl$usenofp)
    Driver_USART1                            0x08004ce4   Data          56  usart_stm32f4xx.o(.constdata)
    AHBPrescTable                            0x08004d24   Data          16  system_stm32f4xx.o(.constdata)
    APBPrescTable                            0x08004d34   Data           8  system_stm32f4xx.o(.constdata)
    Region$$Table$$Base                      0x08004d3c   Number         0  anon$$obj.o(Region$$Table)
    Region$$Table$$Limit                     0x08004d5c   Number         0  anon$$obj.o(Region$$Table)
    valADC                                   0x20000000   Data           4  main.o(.data)
    dac_val                                  0x20000004   Data           4  main.o(.data)
    uwTick                                   0x20000008   Data           4  stm32f4xx_hal.o(.data)
    uwTickPrio                               0x2000000c   Data           4  stm32f4xx_hal.o(.data)
    uwTickFreq                               0x20000010   Data           1  stm32f4xx_hal.o(.data)
    SystemCoreClock                          0x20000014   Data           4  system_stm32f4xx.o(.data)
    huart1                                   0x20000018   Data          64  uart.o(.bss)
    hdma_usart1_rx                           0x20000058   Data          96  dma.o(.bss)
    hdma_usart1_tx                           0x200000b8   Data          96  dma.o(.bss)
    htim1                                    0x20000118   Data          64  pwm.o(.bss)
    hadc1                                    0x20000158   Data          72  adc.o(.bss)
    hdac                                     0x200001a0   Data          20  dac.o(.bss)
    __libspace_start                         0x200001ec   Data          96  libspace.o(.bss)
    __temporary_stack_top$libspace           0x2000024c   Data           0  libspace.o(.bss)



==============================================================================

Memory Map of the image

  Image Entry point : 0x080001ad

  Load Region LR_IROM1 (Base: 0x08000000, Size: 0x00004d74, Max: 0x00200000, ABSOLUTE)

    Execution Region ER_IROM1 (Exec base: 0x08000000, Load base: 0x08000000, Size: 0x00004d5c, Max: 0x00200000, ABSOLUTE)

    Exec Addr    Load Addr    Size         Type   Attr      Idx    E Section Name        Object

    0x08000000   0x08000000   0x000001ac   Data   RO         3585    RESET               startup_stm32f429xx.o
    0x080001ac   0x080001ac   0x00000008   Code   RO         3639  * !!!main             c_w.l(__main.o)
    0x080001b4   0x080001b4   0x00000034   Code   RO         3825    !!!scatter          c_w.l(__scatter.o)
    0x080001e8   0x080001e8   0x0000001a   Code   RO         3827    !!handler_copy      c_w.l(__scatter_copy.o)
    0x08000202   0x08000202   0x00000002   PAD
    0x08000204   0x08000204   0x0000001c   Code   RO         3829    !!handler_zi        c_w.l(__scatter_zi.o)
    0x08000220   0x08000220   0x00000002   Code   RO         3695    .ARM.Collect$$libinit$$00000000  c_w.l(libinit.o)
    0x08000222   0x08000222   0x00000004   Code   RO         3707    .ARM.Collect$$libinit$$00000001  c_w.l(libinit2.o)
    0x08000226   0x08000226   0x00000000   Code   RO         3710    .ARM.Collect$$libinit$$00000004  c_w.l(libinit2.o)
    0x08000226   0x08000226   0x00000000   Code   RO         3713    .ARM.Collect$$libinit$$0000000A  c_w.l(libinit2.o)
    0x08000226   0x08000226   0x00000000   Code   RO         3715    .ARM.Collect$$libinit$$0000000C  c_w.l(libinit2.o)
    0x08000226   0x08000226   0x00000000   Code   RO         3717    .ARM.Collect$$libinit$$0000000E  c_w.l(libinit2.o)
    0x08000226   0x08000226   0x00000000   Code   RO         3720    .ARM.Collect$$libinit$$00000011  c_w.l(libinit2.o)
    0x08000226   0x08000226   0x00000000   Code   RO         3722    .ARM.Collect$$libinit$$00000013  c_w.l(libinit2.o)
    0x08000226   0x08000226   0x00000000   Code   RO         3724    .ARM.Collect$$libinit$$00000015  c_w.l(libinit2.o)
    0x08000226   0x08000226   0x00000000   Code   RO         3726    .ARM.Collect$$libinit$$00000017  c_w.l(libinit2.o)
    0x08000226   0x08000226   0x00000000   Code   RO         3728    .ARM.Collect$$libinit$$00000019  c_w.l(libinit2.o)
    0x08000226   0x08000226   0x00000000   Code   RO         3730    .ARM.Collect$$libinit$$0000001B  c_w.l(libinit2.o)
    0x08000226   0x08000226   0x00000000   Code   RO         3732    .ARM.Collect$$libinit$$0000001D  c_w.l(libinit2.o)
    0x08000226   0x08000226   0x00000000   Code   RO         3734    .ARM.Collect$$libinit$$0000001F  c_w.l(libinit2.o)
    0x08000226   0x08000226   0x00000000   Code   RO         3736    .ARM.Collect$$libinit$$00000021  c_w.l(libinit2.o)
    0x08000226   0x08000226   0x00000000   Code   RO         3738    .ARM.Collect$$libinit$$00000023  c_w.l(libinit2.o)
    0x08000226   0x08000226   0x00000000   Code   RO         3740    .ARM.Collect$$libinit$$00000025  c_w.l(libinit2.o)
    0x08000226   0x08000226   0x00000000   Code   RO         3744    .ARM.Collect$$libinit$$0000002C  c_w.l(libinit2.o)
    0x08000226   0x08000226   0x00000000   Code   RO         3746    .ARM.Collect$$libinit$$0000002E  c_w.l(libinit2.o)
    0x08000226   0x08000226   0x00000000   Code   RO         3748    .ARM.Collect$$libinit$$00000030  c_w.l(libinit2.o)
    0x08000226   0x08000226   0x00000000   Code   RO         3750    .ARM.Collect$$libinit$$00000032  c_w.l(libinit2.o)
    0x08000226   0x08000226   0x00000002   Code   RO         3751    .ARM.Collect$$libinit$$00000033  c_w.l(libinit2.o)
    0x08000228   0x08000228   0x00000002   Code   RO         3782    .ARM.Collect$$libshutdown$$00000000  c_w.l(libshutdown.o)
    0x0800022a   0x0800022a   0x00000000   Code   RO         3808    .ARM.Collect$$libshutdown$$00000002  c_w.l(libshutdown2.o)
    0x0800022a   0x0800022a   0x00000000   Code   RO         3810    .ARM.Collect$$libshutdown$$00000004  c_w.l(libshutdown2.o)
    0x0800022a   0x0800022a   0x00000000   Code   RO         3813    .ARM.Collect$$libshutdown$$00000007  c_w.l(libshutdown2.o)
    0x0800022a   0x0800022a   0x00000000   Code   RO         3816    .ARM.Collect$$libshutdown$$0000000A  c_w.l(libshutdown2.o)
    0x0800022a   0x0800022a   0x00000000   Code   RO         3818    .ARM.Collect$$libshutdown$$0000000C  c_w.l(libshutdown2.o)
    0x0800022a   0x0800022a   0x00000000   Code   RO         3821    .ARM.Collect$$libshutdown$$0000000F  c_w.l(libshutdown2.o)
    0x0800022a   0x0800022a   0x00000002   Code   RO         3822    .ARM.Collect$$libshutdown$$00000010  c_w.l(libshutdown2.o)
    0x0800022c   0x0800022c   0x00000000   Code   RO         3653    .ARM.Collect$$rtentry$$00000000  c_w.l(__rtentry.o)
    0x0800022c   0x0800022c   0x00000000   Code   RO         3666    .ARM.Collect$$rtentry$$00000002  c_w.l(__rtentry2.o)
    0x0800022c   0x0800022c   0x00000006   Code   RO         3678    .ARM.Collect$$rtentry$$00000004  c_w.l(__rtentry4.o)
    0x08000232   0x08000232   0x00000000   Code   RO         3668    .ARM.Collect$$rtentry$$00000009  c_w.l(__rtentry2.o)
    0x08000232   0x08000232   0x00000004   Code   RO         3669    .ARM.Collect$$rtentry$$0000000A  c_w.l(__rtentry2.o)
    0x08000236   0x08000236   0x00000000   Code   RO         3671    .ARM.Collect$$rtentry$$0000000C  c_w.l(__rtentry2.o)
    0x08000236   0x08000236   0x00000008   Code   RO         3672    .ARM.Collect$$rtentry$$0000000D  c_w.l(__rtentry2.o)
    0x0800023e   0x0800023e   0x00000002   Code   RO         3699    .ARM.Collect$$rtexit$$00000000  c_w.l(rtexit.o)
    0x08000240   0x08000240   0x00000000   Code   RO         3755    .ARM.Collect$$rtexit$$00000002  c_w.l(rtexit2.o)
    0x08000240   0x08000240   0x00000004   Code   RO         3756    .ARM.Collect$$rtexit$$00000003  c_w.l(rtexit2.o)
    0x08000244   0x08000244   0x00000006   Code   RO         3757    .ARM.Collect$$rtexit$$00000004  c_w.l(rtexit2.o)
    0x0800024a   0x0800024a   0x00000002   PAD
    0x0800024c   0x0800024c   0x00000040   Code   RO         3586    .text               startup_stm32f429xx.o
    0x0800028c   0x0800028c   0x000000ee   Code   RO         3629    .text               c_w.l(lludivv7m.o)
    0x0800037a   0x0800037a   0x00000064   Code   RO         3631    .text               c_w.l(rt_memcpy_w.o)
    0x080003de   0x080003de   0x0000004e   Code   RO         3633    .text               c_w.l(rt_memclr_w.o)
    0x0800042c   0x0800042c   0x00000006   Code   RO         3637    .text               c_w.l(heapauxi.o)
    0x08000432   0x08000432   0x0000004a   Code   RO         3682    .text               c_w.l(sys_stackheap_outer.o)
    0x0800047c   0x0800047c   0x00000012   Code   RO         3684    .text               c_w.l(exit.o)
    0x0800048e   0x0800048e   0x00000002   PAD
    0x08000490   0x08000490   0x00000008   Code   RO         3696    .text               c_w.l(libspace.o)
    0x08000498   0x08000498   0x0000000c   Code   RO         3752    .text               c_w.l(sys_exit.o)
    0x080004a4   0x080004a4   0x00000002   Code   RO         3771    .text               c_w.l(use_no_semi.o)
    0x080004a6   0x080004a6   0x00000000   Code   RO         3773    .text               c_w.l(indicate_semi.o)
    0x080004a6   0x080004a6   0x00000002   PAD
    0x080004a8   0x080004a8   0x00000160   Code   RO         1009    i.ADC_Init          stm32f4xx_hal_adc.o
    0x08000608   0x08000608   0x00000004   Code   RO          417    i.BusFault_Handler  stm32f4xx_it.o
    0x0800060c   0x0800060c   0x00000010   Code   RO          418    i.DMA2_Stream2_IRQHandler  stm32f4xx_it.o
    0x0800061c   0x0800061c   0x00000010   Code   RO          419    i.DMA2_Stream7_IRQHandler  stm32f4xx_it.o
    0x0800062c   0x0800062c   0x00000034   Code   RO         1646    i.DMA_CalcBaseAndBitshift  stm32f4xx_hal_dma.o
    0x08000660   0x08000660   0x000000aa   Code   RO         1647    i.DMA_CheckFifoParam  stm32f4xx_hal_dma.o
    0x0800070a   0x0800070a   0x0000002c   Code   RO         1648    i.DMA_SetConfig     stm32f4xx_hal_dma.o
    0x08000736   0x08000736   0x00000002   Code   RO          420    i.DebugMon_Handler  stm32f4xx_it.o
    0x08000738   0x08000738   0x00000002   Code   RO          357    i.Error_Handler     main.o
    0x0800073a   0x0800073a   0x00000002   PAD
    0x0800073c   0x0800073c   0x000001a4   Code   RO         1011    i.HAL_ADC_ConfigChannel  stm32f4xx_hal_adc.o
    0x080008e0   0x080008e0   0x00000008   Code   RO         1018    i.HAL_ADC_GetValue  stm32f4xx_hal_adc.o
    0x080008e8   0x080008e8   0x00000068   Code   RO         1020    i.HAL_ADC_Init      stm32f4xx_hal_adc.o
    0x08000950   0x08000950   0x00000080   Code   RO         3508    i.HAL_ADC_MspInit   stm32f4xx_hal_msp.o
    0x080009d0   0x080009d0   0x000000c2   Code   RO         1024    i.HAL_ADC_PollForConversion  stm32f4xx_hal_adc.o
    0x08000a92   0x08000a92   0x00000002   PAD
    0x08000a94   0x08000a94   0x0000013c   Code   RO         1026    i.HAL_ADC_Start     stm32f4xx_hal_adc.o
    0x08000bd0   0x08000bd0   0x00000048   Code   RO         1029    i.HAL_ADC_Stop      stm32f4xx_hal_adc.o
    0x08000c18   0x08000c18   0x0000005a   Code   RO         1424    i.HAL_DAC_ConfigChannel  stm32f4xx_hal_dac.o
    0x08000c72   0x08000c72   0x00000010   Code   RO         1432    i.HAL_DAC_GetValue  stm32f4xx_hal_dac.o
    0x08000c82   0x08000c82   0x00000028   Code   RO         1434    i.HAL_DAC_Init      stm32f4xx_hal_dac.o
    0x08000caa   0x08000caa   0x00000002   PAD
    0x08000cac   0x08000cac   0x00000080   Code   RO         3510    i.HAL_DAC_MspInit   stm32f4xx_hal_msp.o
    0x08000d2c   0x08000d2c   0x0000002c   Code   RO         1437    i.HAL_DAC_SetValue  stm32f4xx_hal_dac.o
    0x08000d58   0x08000d58   0x0000008c   Code   RO         1438    i.HAL_DAC_Start     stm32f4xx_hal_dac.o
    0x08000de4   0x08000de4   0x00000018   Code   RO         1440    i.HAL_DAC_Stop      stm32f4xx_hal_dac.o
    0x08000dfc   0x08000dfc   0x000000aa   Code   RO         1649    i.HAL_DMA_Abort     stm32f4xx_hal_dma.o
    0x08000ea6   0x08000ea6   0x00000070   Code   RO         1651    i.HAL_DMA_DeInit    stm32f4xx_hal_dma.o
    0x08000f16   0x08000f16   0x00000002   PAD
    0x08000f18   0x08000f18   0x00000240   Code   RO         1654    i.HAL_DMA_IRQHandler  stm32f4xx_hal_dma.o
    0x08001158   0x08001158   0x000000ec   Code   RO         1655    i.HAL_DMA_Init      stm32f4xx_hal_dma.o
    0x08001244   0x08001244   0x0000009e   Code   RO         1659    i.HAL_DMA_Start_IT  stm32f4xx_hal_dma.o
    0x080012e2   0x080012e2   0x00000002   PAD
    0x080012e4   0x080012e4   0x00000180   Code   RO         1793    i.HAL_GPIO_DeInit   stm32f4xx_hal_gpio.o
    0x08001464   0x08001464   0x0000021c   Code   RO         1796    i.HAL_GPIO_Init     stm32f4xx_hal_gpio.o
    0x08001680   0x08001680   0x00000010   Code   RO         1798    i.HAL_GPIO_ReadPin  stm32f4xx_hal_gpio.o
    0x08001690   0x08001690   0x0000000c   Code   RO         1800    i.HAL_GPIO_WritePin  stm32f4xx_hal_gpio.o
    0x0800169c   0x0800169c   0x0000000c   Code   RO          826    i.HAL_GetTick       stm32f4xx_hal.o
    0x080016a8   0x080016a8   0x00000018   Code   RO          832    i.HAL_IncTick       stm32f4xx_hal.o
    0x080016c0   0x080016c0   0x0000003c   Code   RO          833    i.HAL_Init          stm32f4xx_hal.o
    0x080016fc   0x080016fc   0x0000004c   Code   RO          834    i.HAL_InitTick      stm32f4xx_hal.o
    0x08001748   0x08001748   0x00000048   Code   RO         3511    i.HAL_MspInit       stm32f4xx_hal_msp.o
    0x08001790   0x08001790   0x00000028   Code   RO         1286    i.HAL_NVIC_EnableIRQ  stm32f4xx_hal_cortex.o
    0x080017b8   0x080017b8   0x0000007c   Code   RO         1292    i.HAL_NVIC_SetPriority  stm32f4xx_hal_cortex.o
    0x08001834   0x08001834   0x00000028   Code   RO         1293    i.HAL_NVIC_SetPriorityGrouping  stm32f4xx_hal_cortex.o
    0x0800185c   0x0800185c   0x00000180   Code   RO         2052    i.HAL_RCC_ClockConfig  stm32f4xx_hal_rcc.o
    0x080019dc   0x080019dc   0x0000000c   Code   RO         2057    i.HAL_RCC_GetHCLKFreq  stm32f4xx_hal_rcc.o
    0x080019e8   0x080019e8   0x00000020   Code   RO         2059    i.HAL_RCC_GetPCLK1Freq  stm32f4xx_hal_rcc.o
    0x08001a08   0x08001a08   0x00000020   Code   RO         2060    i.HAL_RCC_GetPCLK2Freq  stm32f4xx_hal_rcc.o
    0x08001a28   0x08001a28   0x000000b0   Code   RO         2061    i.HAL_RCC_GetSysClockFreq  stm32f4xx_hal_rcc.o
    0x08001ad8   0x08001ad8   0x00000448   Code   RO         2064    i.HAL_RCC_OscConfig  stm32f4xx_hal_rcc.o
    0x08001f20   0x08001f20   0x00000034   Code   RO         1297    i.HAL_SYSTICK_Config  stm32f4xx_hal_cortex.o
    0x08001f54   0x08001f54   0x00000074   Code   RO         2910    i.HAL_TIMEx_ConfigBreakDeadTime  stm32f4xx_hal_tim_ex.o
    0x08001fc8   0x08001fc8   0x00000054   Code   RO         2925    i.HAL_TIMEx_MasterConfigSynchronization  stm32f4xx_hal_tim_ex.o
    0x0800201c   0x0800201c   0x00000034   Code   RO         2221    i.HAL_TIM_Base_Init  stm32f4xx_hal_tim.o
    0x08002050   0x08002050   0x00000034   Code   RO         3513    i.HAL_TIM_Base_MspInit  stm32f4xx_hal_msp.o
    0x08002084   0x08002084   0x00000108   Code   RO         2230    i.HAL_TIM_ConfigClockSource  stm32f4xx_hal_tim.o
    0x0800218c   0x0800218c   0x00000060   Code   RO         3514    i.HAL_TIM_MspPostInit  stm32f4xx_hal_msp.o
    0x080021ec   0x080021ec   0x00000108   Code   RO         2288    i.HAL_TIM_PWM_ConfigChannel  stm32f4xx_hal_tim.o
    0x080022f4   0x080022f4   0x00000034   Code   RO         2291    i.HAL_TIM_PWM_Init  stm32f4xx_hal_tim.o
    0x08002328   0x08002328   0x00000002   Code   RO         2293    i.HAL_TIM_PWM_MspInit  stm32f4xx_hal_tim.o
    0x0800232a   0x0800232a   0x00000002   PAD
    0x0800232c   0x0800232c   0x00000058   Code   RO         2296    i.HAL_TIM_PWM_Start  stm32f4xx_hal_tim.o
    0x08002384   0x08002384   0x00000072   Code   RO         3183    i.HAL_UART_Init     stm32f4xx_hal_uart.o
    0x080023f6   0x080023f6   0x00000002   PAD
    0x080023f8   0x080023f8   0x0000003c   Code   RO         3515    i.HAL_UART_MspDeInit  stm32f4xx_hal_msp.o
    0x08002434   0x08002434   0x0000010c   Code   RO         3516    i.HAL_UART_MspInit  stm32f4xx_hal_msp.o
    0x08002540   0x08002540   0x00000004   Code   RO          421    i.HardFault_Handler  stm32f4xx_it.o
    0x08002544   0x08002544   0x00000074   Code   RO          267    i.MX_ADC1_Init      adc.o
    0x080025b8   0x080025b8   0x0000003c   Code   RO          312    i.MX_DAC_Init       dac.o
    0x080025f4   0x080025f4   0x00000048   Code   RO          153    i.MX_DMA_Init       dma.o
    0x0800263c   0x0800263c   0x00000028   Code   RO          180    i.MX_GPIO_Init      gpio.o
    0x08002664   0x08002664   0x000000d8   Code   RO          228    i.MX_TIM1_Init      pwm.o
    0x0800273c   0x0800273c   0x00000038   Code   RO            4    i.MX_USART1_UART_Init  uart.o
    0x08002774   0x08002774   0x00000004   Code   RO          422    i.MemManage_Handler  stm32f4xx_it.o
    0x08002778   0x08002778   0x00000002   Code   RO          423    i.NMI_Handler       stm32f4xx_it.o
    0x0800277a   0x0800277a   0x00000002   Code   RO          424    i.PendSV_Handler    stm32f4xx_it.o
    0x0800277c   0x0800277c   0x00000002   Code   RO          425    i.SVC_Handler       stm32f4xx_it.o
    0x0800277e   0x0800277e   0x00000008   Code   RO          426    i.SysTick_Handler   stm32f4xx_it.o
    0x08002786   0x08002786   0x00000002   PAD
    0x08002788   0x08002788   0x0000009c   Code   RO          204    i.SystemClock_Config  rcc.o
    0x08002824   0x08002824   0x00000064   Code   RO         3594    i.SystemInit        system_stm32f4xx.o
    0x08002888   0x08002888   0x000000d8   Code   RO         2309    i.TIM_Base_SetConfig  stm32f4xx_hal_tim.o
    0x08002960   0x08002960   0x00000022   Code   RO         2310    i.TIM_CCxChannelCmd  stm32f4xx_hal_tim.o
    0x08002982   0x08002982   0x00000016   Code   RO         2320    i.TIM_ETR_SetConfig  stm32f4xx_hal_tim.o
    0x08002998   0x08002998   0x00000012   Code   RO         2321    i.TIM_ITRx_SetConfig  stm32f4xx_hal_tim.o
    0x080029aa   0x080029aa   0x00000002   PAD
    0x080029ac   0x080029ac   0x00000070   Code   RO         2322    i.TIM_OC1_SetConfig  stm32f4xx_hal_tim.o
    0x08002a1c   0x08002a1c   0x0000007c   Code   RO         2323    i.TIM_OC2_SetConfig  stm32f4xx_hal_tim.o
    0x08002a98   0x08002a98   0x00000078   Code   RO         2324    i.TIM_OC3_SetConfig  stm32f4xx_hal_tim.o
    0x08002b10   0x08002b10   0x00000054   Code   RO         2325    i.TIM_OC4_SetConfig  stm32f4xx_hal_tim.o
    0x08002b64   0x08002b64   0x00000026   Code   RO         2327    i.TIM_TI1_ConfigInputStage  stm32f4xx_hal_tim.o
    0x08002b8a   0x08002b8a   0x00000028   Code   RO         2329    i.TIM_TI2_ConfigInputStage  stm32f4xx_hal_tim.o
    0x08002bb2   0x08002bb2   0x00000002   PAD
    0x08002bb4   0x08002bb4   0x00000368   Code   RO         3210    i.UART_SetConfig    stm32f4xx_hal_uart.o
    0x08002f1c   0x08002f1c   0x00000018   Code   RO          505    i.USART1_Control    usart_stm32f4xx.o
    0x08002f34   0x08002f34   0x00000010   Code   RO          506    i.USART1_GetCapabilities  usart_stm32f4xx.o
    0x08002f44   0x08002f44   0x00000010   Code   RO          507    i.USART1_GetModemStatus  usart_stm32f4xx.o
    0x08002f54   0x08002f54   0x00000010   Code   RO          508    i.USART1_GetRxCount  usart_stm32f4xx.o
    0x08002f64   0x08002f64   0x00000010   Code   RO          509    i.USART1_GetStatus  usart_stm32f4xx.o
    0x08002f74   0x08002f74   0x00000010   Code   RO          510    i.USART1_GetTxCount  usart_stm32f4xx.o
    0x08002f84   0x08002f84   0x00000010   Code   RO          511    i.USART1_IRQHandler  usart_stm32f4xx.o
    0x08002f94   0x08002f94   0x00000014   Code   RO          512    i.USART1_Initialize  usart_stm32f4xx.o
    0x08002fa8   0x08002fa8   0x00000014   Code   RO          513    i.USART1_PowerControl  usart_stm32f4xx.o
    0x08002fbc   0x08002fbc   0x00000010   Code   RO          514    i.USART1_RX_DMA_Complete  usart_stm32f4xx.o
    0x08002fcc   0x08002fcc   0x00000018   Code   RO          515    i.USART1_Receive    usart_stm32f4xx.o
    0x08002fe4   0x08002fe4   0x00000018   Code   RO          516    i.USART1_Send       usart_stm32f4xx.o
    0x08002ffc   0x08002ffc   0x00000014   Code   RO          517    i.USART1_SetModemControl  usart_stm32f4xx.o
    0x08003010   0x08003010   0x00000010   Code   RO          518    i.USART1_TX_DMA_Complete  usart_stm32f4xx.o
    0x08003020   0x08003020   0x0000001c   Code   RO          519    i.USART1_Transfer   usart_stm32f4xx.o
    0x0800303c   0x0800303c   0x00000010   Code   RO          520    i.USART1_Uninitialize  usart_stm32f4xx.o
    0x0800304c   0x0800304c   0x0000091c   Code   RO          521    i.USART_Control     usart_stm32f4xx.o
    0x08003968   0x08003968   0x00000006   Code   RO          522    i.USART_GetCapabilities  usart_stm32f4xx.o
    0x0800396e   0x0800396e   0x0000008c   Code   RO          523    i.USART_GetModemStatus  usart_stm32f4xx.o
    0x080039fa   0x080039fa   0x0000001c   Code   RO          524    i.USART_GetRxCount  usart_stm32f4xx.o
    0x08003a16   0x08003a16   0x000000d4   Code   RO          525    i.USART_GetStatus   usart_stm32f4xx.o
    0x08003aea   0x08003aea   0x0000001c   Code   RO          526    i.USART_GetTxCount  usart_stm32f4xx.o
    0x08003b06   0x08003b06   0x00000272   Code   RO          527    i.USART_IRQHandler  usart_stm32f4xx.o
    0x08003d78   0x08003d78   0x00000072   Code   RO          528    i.USART_Initialize  usart_stm32f4xx.o
    0x08003dea   0x08003dea   0x00000002   PAD
    0x08003dec   0x08003dec   0x0000019c   Code   RO          529    i.USART_PeripheralReset  usart_stm32f4xx.o
    0x08003f88   0x08003f88   0x00000104   Code   RO          530    i.USART_PowerControl  usart_stm32f4xx.o
    0x0800408c   0x0800408c   0x00000084   Code   RO          531    i.USART_RX_DMA_Complete  usart_stm32f4xx.o
    0x08004110   0x08004110   0x00000146   Code   RO          532    i.USART_Receive     usart_stm32f4xx.o
    0x08004256   0x08004256   0x00000118   Code   RO          533    i.USART_Send        usart_stm32f4xx.o
    0x0800436e   0x0800436e   0x0000008c   Code   RO          534    i.USART_SetModemControl  usart_stm32f4xx.o
    0x080043fa   0x080043fa   0x0000004c   Code   RO          535    i.USART_TX_DMA_Complete  usart_stm32f4xx.o
    0x08004446   0x08004446   0x0000006a   Code   RO          536    i.USART_Transfer    usart_stm32f4xx.o
    0x080044b0   0x080044b0   0x0000001a   Code   RO          537    i.USART_Uninitialize  usart_stm32f4xx.o
    0x080044ca   0x080044ca   0x00000002   PAD
    0x080044cc   0x080044cc   0x00000010   Code   RO          538    i.USARTx_GetVersion  usart_stm32f4xx.o
    0x080044dc   0x080044dc   0x00000004   Code   RO          427    i.UsageFault_Handler  stm32f4xx_it.o
    0x080044e0   0x080044e0   0x00000010   Code   RO         1299    i.__NVIC_GetPriorityGrouping  stm32f4xx_hal_cortex.o
    0x080044f0   0x080044f0   0x00000028   Code   RO         1300    i.__NVIC_SetPriority  stm32f4xx_hal_cortex.o
    0x08004518   0x08004518   0x00000028   Code   RO          268    i.getValueADC       adc.o
    0x08004540   0x08004540   0x00000074   Code   RO          358    i.main              main.o
    0x080045b4   0x080045b4   0x00000064   Code   RO          313    i.setValue          dac.o
    0x08004618   0x08004618   0x00000010   Code   RO          269    i.startADC          adc.o
    0x08004628   0x08004628   0x00000010   Code   RO          314    i.startDAC          dac.o
    0x08004638   0x08004638   0x00000010   Code   RO          229    i.startPWM          pwm.o
    0x08004648   0x08004648   0x00000010   Code   RO          270    i.stopADC           adc.o
    0x08004658   0x08004658   0x00000010   Code   RO          315    i.stopDAC           dac.o
    0x08004668   0x08004668   0x000002b0   Code   RO         3642    x$fpl$ddiv          fz_wm.l(ddiv.o)
    0x08004918   0x08004918   0x0000005a   Code   RO         3645    x$fpl$dfixu         fz_wm.l(dfixu.o)
    0x08004972   0x08004972   0x00000002   PAD
    0x08004974   0x08004974   0x00000154   Code   RO         3649    x$fpl$dmul          fz_wm.l(dmul.o)
    0x08004ac8   0x08004ac8   0x0000009c   Code   RO         3658    x$fpl$dnaninf       fz_wm.l(dnaninf.o)
    0x08004b64   0x08004b64   0x0000000c   Code   RO         3660    x$fpl$dretinf       fz_wm.l(dretinf.o)
    0x08004b70   0x08004b70   0x00000056   Code   RO         3651    x$fpl$f2d           fz_wm.l(f2d.o)
    0x08004bc6   0x08004bc6   0x0000008c   Code   RO         3662    x$fpl$fnaninf       fz_wm.l(fnaninf.o)
    0x08004c52   0x08004c52   0x0000000a   Code   RO         3767    x$fpl$fpinit        fz_wm.l(fpinit.o)
    0x08004c5c   0x08004c5c   0x00000000   Code   RO         3664    x$fpl$usenofp       fz_wm.l(usenofp.o)
    0x08004c5c   0x08004c5c   0x0000001e   Data   RO          360    .constdata          main.o
    0x08004c7a   0x08004c7a   0x00000002   PAD
    0x08004c7c   0x08004c7c   0x000000a0   Data   RO          540    .constdata          usart_stm32f4xx.o
    0x08004d1c   0x08004d1c   0x00000008   Data   RO         1661    .constdata          stm32f4xx_hal_dma.o
    0x08004d24   0x08004d24   0x00000018   Data   RO         3595    .constdata          system_stm32f4xx.o
    0x08004d3c   0x08004d3c   0x00000020   Data   RO         3823    Region$$Table       anon$$obj.o


    Execution Region RW_IRAM1 (Exec base: 0x20000000, Load base: 0x08004d5c, Size: 0x00000850, Max: 0x00030000, ABSOLUTE)

    Exec Addr    Load Addr    Size         Type   Attr      Idx    E Section Name        Object

    0x20000000   0x08004d5c   0x00000008   Data   RW          361    .data               main.o
    0x20000008   0x08004d64   0x00000009   Data   RW          840    .data               stm32f4xx_hal.o
    0x20000011   0x08004d6d   0x00000003   PAD
    0x20000014   0x08004d70   0x00000004   Data   RW         3596    .data               system_stm32f4xx.o
    0x20000018        -       0x00000040   Zero   RW            7    .bss                uart.o
    0x20000058        -       0x000000c0   Zero   RW          154    .bss                dma.o
    0x20000118        -       0x00000040   Zero   RW          231    .bss                pwm.o
    0x20000158        -       0x00000048   Zero   RW          271    .bss                adc.o
    0x200001a0        -       0x00000014   Zero   RW          316    .bss                dac.o
    0x200001b4        -       0x00000038   Zero   RW          539    .bss                usart_stm32f4xx.o
    0x200001ec        -       0x00000060   Zero   RW         3697    .bss                c_w.l(libspace.o)
    0x2000024c   0x08004d74   0x00000004   PAD
    0x20000250        -       0x00000200   Zero   RW         3584    HEAP                startup_stm32f429xx.o
    0x20000450        -       0x00000400   Zero   RW         3583    STACK               startup_stm32f429xx.o


==============================================================================

Image component sizes


      Code (inc. data)   RO Data    RW Data    ZI Data      Debug   Object Name

       188         32          0          0         72       2098   adc.o
       192         40          0          0         20       2145   dac.o
        72          4          0          0        192       1102   dma.o
        40          4          0          0          0        851   gpio.o
       118         22         30          8          0       2300   main.o
       232         14          0          0         64       1330   pwm.o
       156          8          0          0          0       1049   rcc.o
        64         26        428          0       1536        856   startup_stm32f429xx.o
       172         32          0          9          0       4501   stm32f4xx_hal.o
      1466         58          0          0          0       6581   stm32f4xx_hal_adc.o
       312         22          0          0          0      35035   stm32f4xx_hal_cortex.o
       354          0          0          0          0       5592   stm32f4xx_hal_dac.o
      1518         16          8          0          0       8008   stm32f4xx_hal_dma.o
       952        102          0          0          0       4469   stm32f4xx_hal_gpio.o
       804         88          0          0          0       5995   stm32f4xx_hal_msp.o
      1732         84          0          0          0       6260   stm32f4xx_hal_rcc.o
      1530         90          0          0          0      13650   stm32f4xx_hal_tim.o
       200          0          0          0          0       2516   stm32f4xx_hal_tim_ex.o
       986          8          0          0          0       2220   stm32f4xx_hal_uart.o
        64         12          0          0          0       5826   stm32f4xx_it.o
       100         18         24          4          0       1471   system_stm32f4xx.o
        56         10          0          0         64     769863   uart.o
      5564        164        160          0         56      37278   usart_stm32f4xx.o

    ----------------------------------------------------------------------
     16896        854        684         24       2004     920996   Object Totals
         0          0         32          0          0          0   (incl. Generated)
        24          0          2          3          0          0   (incl. Padding)

    ----------------------------------------------------------------------

      Code (inc. data)   RO Data    RW Data    ZI Data      Debug   Library Member Name

         8          0          0          0          0         68   __main.o
         0          0          0          0          0          0   __rtentry.o
        12          0          0          0          0          0   __rtentry2.o
         6          0          0          0          0          0   __rtentry4.o
        52          8          0          0          0          0   __scatter.o
        26          0          0          0          0          0   __scatter_copy.o
        28          0          0          0          0          0   __scatter_zi.o
        18          0          0          0          0         80   exit.o
         6          0          0          0          0        152   heapauxi.o
         0          0          0          0          0          0   indicate_semi.o
         2          0          0          0          0          0   libinit.o
         6          0          0          0          0          0   libinit2.o
         2          0          0          0          0          0   libshutdown.o
         2          0          0          0          0          0   libshutdown2.o
         8          4          0          0         96         68   libspace.o
       238          0          0          0          0        100   lludivv7m.o
        78          0          0          0          0         80   rt_memclr_w.o
       100          0          0          0          0         80   rt_memcpy_w.o
         2          0          0          0          0          0   rtexit.o
        10          0          0          0          0          0   rtexit2.o
        12          4          0          0          0         68   sys_exit.o
        74          0          0          0          0         80   sys_stackheap_outer.o
         2          0          0          0          0         68   use_no_semi.o
       688        140          0          0          0        256   ddiv.o
        90          4          0          0          0        140   dfixu.o
       340         12          0          0          0        152   dmul.o
       156          4          0          0          0        140   dnaninf.o
        12          0          0          0          0        116   dretinf.o
        86          4          0          0          0        132   f2d.o
       140          4          0          0          0        132   fnaninf.o
        10          0          0          0          0        116   fpinit.o
         0          0          0          0          0          0   usenofp.o

    ----------------------------------------------------------------------
      2224        184          0          0        100       2028   Library Totals
        10          0          0          0          4          0   (incl. Padding)

    ----------------------------------------------------------------------

      Code (inc. data)   RO Data    RW Data    ZI Data      Debug   Library Name

       692         16          0          0         96        844   c_w.l
      1522        168          0          0          0       1184   fz_wm.l

    ----------------------------------------------------------------------
      2224        184          0          0        100       2028   Library Totals

    ----------------------------------------------------------------------

==============================================================================


      Code (inc. data)   RO Data    RW Data    ZI Data      Debug   

     19120       1038        684         24       2104     909712   Grand Totals
     19120       1038        684         24       2104     909712   ELF Image Totals
     19120       1038        684         24          0          0   ROM Totals

==============================================================================

    Total RO  Size (Code + RO Data)                19804 (  19.34kB)
    Total RW  Size (RW Data + ZI Data)              2128 (   2.08kB)
    Total ROM Size (Code + RO Data + RW Data)      19828 (  19.36kB)

==============================================================================

